ARM Linker, 5.03 [Build 76] [MDK-ARM Lite]

==============================================================================

Section Cross References

    mainthread.o(i.main) refers to texas.o(i.TExaS_Init) for TExaS_Init
    mainthread.o(i.main) refers to nokia5110.o(i.Nokia5110_Init) for Nokia5110_Init
    mainthread.o(i.main) refers to switches.o(i.SwitchesInit) for SwitchesInit
    mainthread.o(i.main) refers to sound.o(i.Sound_Init) for Sound_Init
    mainthread.o(i.main) refers to startup.o(.text) for EnableInterrupts
    mainthread.o(i.main) refers to nokia5110.o(i.Nokia5110_Clear) for Nokia5110_Clear
    mainthread.o(i.main) refers to slidepot.o(i.SlidePot_Init) for SlidePot_Init
    mainthread.o(i.main) refers to nokia5110.o(i.Nokia5110_PrintBMP) for Nokia5110_PrintBMP
    mainthread.o(i.main) refers to nokia5110.o(i.Nokia5110_OutString_4x4pix_toBuffer) for Nokia5110_OutString_4x4pix_toBuffer
    mainthread.o(i.main) refers to nokia5110.o(i.Nokia5110_DisplayBuffer) for Nokia5110_DisplayBuffer
    mainthread.o(i.main) refers to random.o(.text) for Random_Init
    mainthread.o(i.main) refers to gameenginecycle.o(i.GameEngine_Init) for GameEngine_Init
    mainthread.o(i.main) refers to mainthread.o(.constdata) for StartImage
    mainthread.o(i.main) refers to gameenginecycle.o(.data) for Switch_shoot
    mainthread.o(i.main) refers to mainthread.o(.data) for Flag
    texas.o(i.SetCode) refers to texas.o(.bss) for TExaS
    texas.o(i.SetCourse) refers to texas.o(.bss) for TExaS
    texas.o(i.SetMode) refers to texas.o(.bss) for TExaS
    texas.o(i.StartTimer4) refers to texas.o(.data) for ScopeCount
    texas.o(i.TExaS_Init) refers to texas.o(i.PLL_Init) for PLL_Init
    texas.o(i.TExaS_Init) refers to texas.o(i.SetCourse) for SetCourse
    texas.o(i.TExaS_Init) refers to texas.o(i.UART0_Init) for UART0_Init
    texas.o(i.TExaS_Init) refers to texas.o(i.SetCode) for SetCode
    texas.o(i.TExaS_Init) refers to texas.o(i.ADC1_Init) for ADC1_Init
    texas.o(i.TExaS_Init) refers to texas.o(.constdata) for IntroMsg
    texas.o(i.TExaS_Init) refers to texas.o(.bss) for TExaS
    texas.o(i.TExaS_Init) refers to texas.o(.data) for LastMode
    texas.o(i.Timer5A_Handler) refers to texas.o(i.ADC1_In) for ADC1_In
    texas.o(i.Timer5A_Handler) refers to texas.o(.data) for TExaS_Period
    random.o(.text) refers to random.o(DATA) for M
    startup.o(STACK) refers (Special) to heapauxi.o(.text) for __use_two_region_memory
    startup.o(HEAP) refers (Special) to heapauxi.o(.text) for __use_two_region_memory
    startup.o(RESET) refers (Special) to heapauxi.o(.text) for __use_two_region_memory
    startup.o(RESET) refers to startup.o(STACK) for StackMem
    startup.o(RESET) refers to gameenginecycle.o(i.SysTick_Handler) for SysTick_Handler
    startup.o(RESET) refers to switches.o(i.GPIOPortE_Handler) for GPIOPortE_Handler
    startup.o(RESET) refers to sound.o(i.Timer2A_Handler) for Timer2A_Handler
    startup.o(RESET) refers to texas.o(i.Timer4A_Handler) for Timer4A_Handler
    startup.o(RESET) refers to texas.o(i.Timer5A_Handler) for Timer5A_Handler
    startup.o(RESET) refers to __main.o(!!!main) for __main
    startup.o(.text) refers (Special) to heapauxi.o(.text) for __use_two_region_memory
    startup.o(.text) refers to startup.o(HEAP) for HeapMem
    startup.o(.text) refers to startup.o(STACK) for StackMem
    slidepot.o(i.SlidePot_Init) refers to adc.o(i.ADC0_Init) for ADC0_Init
    slidepot.o(i.SlidePot_toPixelY) refers to adc.o(i.ADC0_In) for ADC0_In
    slidepot.o(i.SlidePot_toPixelY) refers to slidepot.o(i.SlidePot_Convert) for SlidePot_Convert
    switches.o(i.GPIOPortE_Handler) refers to gameenginecycle.o(.data) for Switch_shoot
    nokia5110.o(i.Nokia5110_AskLastPixel) refers to nokia5110.o(.bss) for ScreenLast
    nokia5110.o(i.Nokia5110_AskPixel) refers to nokia5110.o(.bss) for Screen
    nokia5110.o(i.Nokia5110_Clear) refers to nokia5110.o(i.lcdwrite) for lcdwrite
    nokia5110.o(i.Nokia5110_Clear) refers to nokia5110.o(i.Nokia5110_SetCursor) for Nokia5110_SetCursor
    nokia5110.o(i.Nokia5110_ClearBuffer) refers to nokia5110.o(.bss) for Screen
    nokia5110.o(i.Nokia5110_ClearPixel) refers to nokia5110.o(.bss) for Screen
    nokia5110.o(i.Nokia5110_DisplayBuffer) refers to nokia5110.o(i.Nokia5110_DrawFullImage) for Nokia5110_DrawFullImage
    nokia5110.o(i.Nokia5110_DisplayBuffer) refers to nokia5110.o(.bss) for Screen
    nokia5110.o(i.Nokia5110_DrawFullImage) refers to nokia5110.o(i.Nokia5110_SetCursor) for Nokia5110_SetCursor
    nokia5110.o(i.Nokia5110_DrawFullImage) refers to nokia5110.o(i.lcdwrite) for lcdwrite
    nokia5110.o(i.Nokia5110_Init) refers to nokia5110.o(i.lcdwrite) for lcdwrite
    nokia5110.o(i.Nokia5110_OutChar) refers to nokia5110.o(i.lcdwrite) for lcdwrite
    nokia5110.o(i.Nokia5110_OutChar) refers to nokia5110.o(.constdata) for ASCII
    nokia5110.o(i.Nokia5110_OutChar_4x4pix) refers to nokia5110.o(i.lcdwrite) for lcdwrite
[...]
    nokia5110.o(i.Nokia5110_OutString_4x4pix_toBuffer) refers to nokia5110.o(i.Nokia5110_OutChar_4x4pix_toBuffer) for Nokia5110_OutChar_4x4pix_toBuffer
    nokia5110.o(i.Nokia5110_OutUDec) refers to nokia5110.o(i.Nokia5110_OutString) for Nokia5110_OutString
    nokia5110.o(i.Nokia5110_OutUDec) refers to nokia5110.o(i.Nokia5110_OutChar) for Nokia5110_OutChar
    nokia5110.o(i.Nokia5110_OutUDec_4x4pix_toBuffer) refers to nokia5110.o(i.Nokia5110_OutChar_4x4pix_toBuffer) for Nokia5110_OutChar_4x4pix_toBuffer
    nokia5110.o(i.Nokia5110_PrintBMP) refers to nokia5110.o(.bss) for Screen
    nokia5110.o(i.Nokia5110_SaveLastBuffer) refers to nokia5110.o(.bss) for Screen
    nokia5110.o(i.Nokia5110_SetCursor) refers to nokia5110.o(i.lcdwrite) for lcdwrite
    nokia5110.o(i.Nokia5110_SetPixel) refers to nokia5110.o(.bss) for Screen
    sound.o(i.Sound_Explosion) refers to sound.o(i.Sound_Play) for Sound_Play
    sound.o(i.Sound_Explosion) refers to sound.o(.constdata) for explosion
    sound.o(i.Sound_Fastinvader1) refers to sound.o(i.Sound_Play) for Sound_Play
    sound.o(i.Sound_Fastinvader1) refers to sound.o(.constdata) for fastinvader1
    sound.o(i.Sound_Fastinvader2) refers to sound.o(i.Sound_Play) for Sound_Play
    sound.o(i.Sound_Fastinvader2) refers to sound.o(.constdata) for fastinvader2
    sound.o(i.Sound_Fastinvader3) refers to sound.o(i.Sound_Play) for Sound_Play
    sound.o(i.Sound_Fastinvader3) refers to sound.o(.constdata) for fastinvader3
    sound.o(i.Sound_Fastinvader4) refers to sound.o(i.Sound_Play) for Sound_Play
    sound.o(i.Sound_Fastinvader4) refers to sound.o(.constdata) for fastinvader4
    sound.o(i.Sound_Highpitch) refers to sound.o(i.Sound_Play) for Sound_Play
    sound.o(i.Sound_Highpitch) refers to sound.o(.constdata) for highpitch
    sound.o(i.Sound_Init) refers to dac.o(i.DAC_Init) for DAC_Init
    sound.o(i.Sound_Init) refers to sound.o(i.Timer2_Init) for Timer2_Init
    sound.o(i.Sound_Init) refers to sound.o(.data) for Index
    sound.o(i.Sound_Killed) refers to sound.o(i.Sound_Play) for Sound_Play
    sound.o(i.Sound_Killed) refers to sound.o(.constdata) for invaderkilled
    sound.o(i.Sound_Play) refers to sound.o(i.Timer2A_Start) for Timer2A_Start
    sound.o(i.Sound_Play) refers to sound.o(.data) for Wave
    sound.o(i.Sound_Shoot) refers to sound.o(i.Sound_Play) for Sound_Play
    sound.o(i.Sound_Shoot) refers to sound.o(.constdata) for shoot
    sound.o(i.Timer2A_Handler) refers to dac.o(i.DAC_Out) for DAC_Out
    sound.o(i.Timer2A_Handler) refers to sound.o(i.Timer2A_Stop) for Timer2A_Stop
    sound.o(i.Timer2A_Handler) refers to sound.o(.data) for SoundCounter
    gameenginecycle.o(i.GameEngine_Init) refers to gameenginecycle.o(i.SysTick_Init) for SysTick_Init
    gameenginecycle.o(i.GameEngine_Init) refers to playership.o(i.PlayerShip_InitShip) for PlayerShip_InitShip
    gameenginecycle.o(i.GameEngine_Init) refers to terrain.o(i.Terrain_InitTerrain) for Terrain_InitTerrain
    gameenginecycle.o(i.GameEngine_Init) refers to enemy.o(i.Enemy_InitEnemy) for Enemy_InitEnemy
    gameenginecycle.o(i.GameEngine_Init) refers to gameenginecycle.o(.constdata) for PlayerShipDestruction3
    gameenginecycle.o(i.GameEngine_Init) refers to gameenginecycle.o(.bss) for playerShip
    gameenginecycle.o(i.SysTick_Handler) refers to nokia5110.o(i.Nokia5110_SaveLastBuffer) for Nokia5110_SaveLastBuffer
    gameenginecycle.o(i.SysTick_Handler) refers to nokia5110.o(i.Nokia5110_ClearBuffer) for Nokia5110_ClearBuffer
    gameenginecycle.o(i.SysTick_Handler) refers to playership.o(i.PlayerShip_isDead) for PlayerShip_isDead
    gameenginecycle.o(i.SysTick_Handler) refers to playership.o(i.PlayerShip_hasLives) for PlayerShip_hasLives
    gameenginecycle.o(i.SysTick_Handler) refers to nokia5110.o(i.Nokia5110_OutString_4x4pix_toBuffer) for Nokia5110_OutString_4x4pix_toBuffer
    gameenginecycle.o(i.SysTick_Handler) refers to enemy.o(i.Enemy_Reset) for Enemy_Reset
    gameenginecycle.o(i.SysTick_Handler) refers to playership.o(i.PlayerShip_Reset) for PlayerShip_Reset
    gameenginecycle.o(i.SysTick_Handler) refers to terrain.o(i.Terrain_ShowTerrain) for Terrain_ShowTerrain
    gameenginecycle.o(i.SysTick_Handler) refers to enemy.o(i.Enemy_NextState) for Enemy_NextState
    gameenginecycle.o(i.SysTick_Handler) refers to enemy.o(i.Enemy_NextPos) for Enemy_NextPos
    gameenginecycle.o(i.SysTick_Handler) refers to enemy.o(i.Enemy_Draw) for Enemy_Draw
    gameenginecycle.o(i.SysTick_Handler) refers to playership.o(i.PlayerShip_Shoots) for PlayerShip_Shoots
    gameenginecycle.o(i.SysTick_Handler) refers to enemy.o(i.Enemy_Shoots) for Enemy_Shoots
    gameenginecycle.o(i.SysTick_Handler) refers to playership.o(i.PlayerShip_ControlShip) for PlayerShip_ControlShip
    gameenginecycle.o(i.SysTick_Handler) refers to playership.o(i.PlayerShip_Draw) for PlayerShip_Draw
    gameenginecycle.o(i.SysTick_Handler) refers to enemy.o(i.Enemy_ControlDeath) for Enemy_ControlDeath
    gameenginecycle.o(i.SysTick_Handler) refers to playership.o(i.PlayerShip_IncreaseScore) for PlayerShip_IncreaseScore
    gameenginecycle.o(i.SysTick_Handler) refers to gameenginecycle.o(i._ShowHUD) for _ShowHUD
    gameenginecycle.o(i.SysTick_Handler) refers to gameenginecycle.o(.bss) for playerShip
    gameenginecycle.o(i.SysTick_Handler) refers to gameenginecycle.o(.data) for Switch_shoot
    gameenginecycle.o(i.SysTick_Handler) refers to mainthread.o(.data) for Flag
    gameenginecycle.o(i._ShowHUD) refers to nokia5110.o(i.Nokia5110_SetPixel) for Nokia5110_SetPixel
    gameenginecycle.o(i._ShowHUD) refers to nokia5110.o(i.Nokia5110_OutString_4x4pix_toBuffer) for Nokia5110_OutString_4x4pix_toBuffer
    gameenginecycle.o(i._ShowHUD) refers to nokia5110.o(i.Nokia5110_OutUDec_4x4pix_toBuffer) for Nokia5110_OutUDec_4x4pix_toBuffer
    gameenginecycle.o(i._ShowHUD) refers to nokia5110.o(i.Nokia5110_OutChar_4x4pix_toBuffer) for Nokia5110_OutChar_4x4pix_toBuffer
    gameenginecycle.o(i._ShowHUD) refers to gameenginecycle.o(.bss) for playerShip
    enemy.o(i.Enemy_ControlDeath) refers to nokia5110.o(i.Nokia5110_AskPixel) for Nokia5110_AskPixel
    enemy.o(i.Enemy_Draw) refers to nokia5110.o(i.Nokia5110_PrintBMP) for Nokia5110_PrintBMP
    enemy.o(i.Enemy_Draw) refers to random.o(.text) for Random
    enemy.o(i.Enemy_Draw) refers to nokia5110.o(i.Nokia5110_AskPixel) for Nokia5110_AskPixel
    enemy.o(i.Enemy_Draw) refers to sound.o(i.Sound_Highpitch) for Sound_Highpitch
    enemy.o(i.Enemy_NextPos) refers to random.o(.text) for Random
    enemy.o(i.Enemy_NextPos) refers to nokia5110.o(i.Nokia5110_AskPixel) for Nokia5110_AskPixel
    enemy.o(i.Enemy_NextState) refers to enemy.o(.constdata) for enemyFSM
    enemy.o(i.Enemy_Shoots) refers to nokia5110.o(i.Nokia5110_AskPixel) for Nokia5110_AskPixel
    enemy.o(i.Enemy_Shoots) refers to random.o(.text) for Random
    enemy.o(i.Enemy_Shoots) refers to sound.o(i.Sound_Shoot) for Sound_Shoot
    enemy.o(i.Enemy_Shoots) refers to nokia5110.o(i.Nokia5110_SetPixel) for Nokia5110_SetPixel
    terrain.o(i.Terrain_GroundNextY) refers to random.o(.text) for Random32
    terrain.o(i.Terrain_InitTerrain) refers to terrain.o(i.Terrain_GroundNextY) for Terrain_GroundNextY
    terrain.o(i.Terrain_ShowTerrain) refers to terrain.o(i.Terrain_GroundNextY) for Terrain_GroundNextY
    terrain.o(i.Terrain_ShowTerrain) refers to nokia5110.o(i.Nokia5110_SetPixel) for Nokia5110_SetPixel
    playership.o(i.PlayerShip_ControlShip) refers to slidepot.o(i.SlidePot_toPixelY) for SlidePot_toPixelY
    playership.o(i.PlayerShip_ControlShip) refers to nokia5110.o(i.Nokia5110_AskPixel) for Nokia5110_AskPixel
    playership.o(i.PlayerShip_ControlShip) refers to playership.o(.data) for PixelY_last
    playership.o(i.PlayerShip_ControlShip) refers to playership.o(.constdata) for PlayerShipFSM
    playership.o(i.PlayerShip_Draw) refers to nokia5110.o(i.Nokia5110_PrintBMP) for Nokia5110_PrintBMP
    playership.o(i.PlayerShip_Shoots) refers to sound.o(i.Sound_Shoot) for Sound_Shoot
    playership.o(i.PlayerShip_Shoots) refers to nokia5110.o(i.Nokia5110_SetPixel) for Nokia5110_SetPixel
    playership.o(i.PlayerShip_Shoots) refers to nokia5110.o(i.Nokia5110_AskLastPixel) for Nokia5110_AskLastPixel
    playership.o(i.PlayerShip_Shoots) refers to gameenginecycle.o(.data) for Switch_shoot
    __main.o(!!!main) refers to rtentry.o(.ARM.Collect$$rtentry$$00000000) for __rt_entry
    rtentry.o(.ARM.Collect$$rtentry$$00000000) refers (Special) to rtentry2.o(.ARM.Collect$$rtentry$$0000000A) for __rt_entry_li
    rtentry.o(.ARM.Collect$$rtentry$$00000000) refers (Special) to rtentry2.o(.ARM.Collect$$rtentry$$0000000D) for __rt_entry_main
    rtentry.o(.ARM.Collect$$rtentry$$00000000) refers (Special) to rtentry2.o(.ARM.Collect$$rtentry$$0000000C) for __rt_entry_postli_1
    rtentry.o(.ARM.Collect$$rtentry$$00000000) refers (Special) to rtentry2.o(.ARM.Collect$$rtentry$$00000009) for __rt_entry_postsh_1
    rtentry.o(.ARM.Collect$$rtentry$$00000000) refers (Special) to rtentry2.o(.ARM.Collect$$rtentry$$00000002) for __rt_entry_presh_1
    rtentry.o(.ARM.Collect$$rtentry$$00000000) refers (Special) to rtentry4.o(.ARM.Collect$$rtentry$$00000004) for __rt_entry_sh
    rtentry2.o(.ARM.Collect$$rtentry$$00000008) refers to boardinit2.o(.text) for _platform_post_stackheap_init
    rtentry2.o(.ARM.Collect$$rtentry$$0000000A) refers to libinit.o(.ARM.Collect$$libinit$$00000000) for __rt_lib_init
    rtentry2.o(.ARM.Collect$$rtentry$$0000000B) refers to boardinit3.o(.text) for _platform_post_lib_init
    rtentry2.o(.ARM.Collect$$rtentry$$0000000D) refers to mainthread.o(i.main) for main
    rtentry2.o(.ARM.Collect$$rtentry$$0000000D) refers to exit.o(.text) for exit
    rtentry2.o(.ARM.exidx) refers to rtentry2.o(.ARM.Collect$$rtentry$$00000001) for .ARM.Collect$$rtentry$$00000001
    rtentry2.o(.ARM.exidx) refers to rtentry2.o(.ARM.Collect$$rtentry$$00000008) for .ARM.Collect$$rtentry$$00000008
    rtentry2.o(.ARM.exidx) refers to rtentry2.o(.ARM.Collect$$rtentry$$0000000A) for .ARM.Collect$$rtentry$$0000000A
    rtentry2.o(.ARM.exidx) refers to rtentry2.o(.ARM.Collect$$rtentry$$0000000B) for .ARM.Collect$$rtentry$$0000000B
    rtentry2.o(.ARM.exidx) refers to rtentry2.o(.ARM.Collect$$rtentry$$0000000D) for .ARM.Collect$$rtentry$$0000000D
    rtentry4.o(.ARM.Collect$$rtentry$$00000004) refers to sys_stackheap_outer.o(.text) for __user_setup_stackheap
    rtentry4.o(.ARM.exidx) refers to rtentry4.o(.ARM.Collect$$rtentry$$00000004) for .ARM.Collect$$rtentry$$00000004
    sys_stackheap_outer.o(.text) refers to libspace.o(.text) for __user_perproc_libspace
    sys_stackheap_outer.o(.text) refers to startup.o(.text) for __user_initial_stackheap
    exit.o(.text) refers to rtexit.o(.ARM.Collect$$rtexit$$00000000) for __rt_exit
    libinit.o(.ARM.Collect$$libinit$$00000000) refers (Special) to libinit2.o(.ARM.Collect$$libinit$$0000002C) for __rt_lib_init_alloca_1
    libinit.o(.ARM.Collect$$libinit$$00000000) refers (Special) to libinit2.o(.ARM.Collect$$libinit$$0000002A) for __rt_lib_init_argv_1
    libinit.o(.ARM.Collect$$libinit$$00000000) refers (Special) to libinit2.o(.ARM.Collect$$libinit$$00000019) for __rt_lib_init_atexit_1
    libinit.o(.ARM.Collect$$libinit$$00000000) refers (Special) to libinit2.o(.ARM.Collect$$libinit$$0000001F) for __rt_lib_init_clock_1
    libinit.o(.ARM.Collect$$libinit$$00000000) refers (Special) to libinit2.o(.ARM.Collect$$libinit$$00000030) for __rt_lib_init_cpp_1
    libinit.o(.ARM.Collect$$libinit$$00000000) refers (Special) to libinit2.o(.ARM.Collect$$libinit$$0000002E) for __rt_lib_init_exceptions_1
    libinit.o(.ARM.Collect$$libinit$$00000000) refers (Special) to libinit2.o(.ARM.Collect$$libinit$$00000002) for __rt_lib_init_fp_1
    libinit.o(.ARM.Collect$$libinit$$00000000) refers (Special) to libinit2.o(.ARM.Collect$$libinit$$0000001D) for __rt_lib_init_fp_trap_1
    libinit.o(.ARM.Collect$$libinit$$00000000) refers (Special) to libinit2.o(.ARM.Collect$$libinit$$00000021) for __rt_lib_init_getenv_1
    libinit.o(.ARM.Collect$$libinit$$00000000) refers (Special) to libinit2.o(.ARM.Collect$$libinit$$00000008) for __rt_lib_init_heap_1
    libinit.o(.ARM.Collect$$libinit$$00000000) refers (Special) to libinit2.o(.ARM.Collect$$libinit$$0000000F) for __rt_lib_init_lc_collate_1
    libinit.o(.ARM.Collect$$libinit$$00000000) refers (Special) to libinit2.o(.ARM.Collect$$libinit$$00000011) for __rt_lib_init_lc_ctype_1
    libinit.o(.ARM.Collect$$libinit$$00000000) refers (Special) to libinit2.o(.ARM.Collect$$libinit$$00000013) for __rt_lib_init_lc_monetary_1
    libinit.o(.ARM.Collect$$libinit$$00000000) refers (Special) to libinit2.o(.ARM.Collect$$libinit$$00000015) for __rt_lib_init_lc_numeric_1
    libinit.o(.ARM.Collect$$libinit$$00000000) refers (Special) to libinit2.o(.ARM.Collect$$libinit$$00000017) for __rt_lib_init_lc_time_1
    libinit.o(.ARM.Collect$$libinit$$00000000) refers (Special) to libinit2.o(.ARM.Collect$$libinit$$0000000C) for __rt_lib_init_rand_1
    libinit.o(.ARM.Collect$$libinit$$00000000) refers (Special) to libinit2.o(.ARM.Collect$$libinit$$00000031) for __rt_lib_init_return
    libinit.o(.ARM.Collect$$libinit$$00000000) refers (Special) to libinit2.o(.ARM.Collect$$libinit$$0000001B) for __rt_lib_init_signal_1
    libinit.o(.ARM.Collect$$libinit$$00000000) refers (Special) to libinit2.o(.ARM.Collect$$libinit$$00000023) for __rt_lib_init_stdio_1
    libinit.o(.ARM.Collect$$libinit$$00000000) refers (Special) to libinit2.o(.ARM.Collect$$libinit$$0000000A) for __rt_lib_init_user_alloc_1
    libspace.o(.text) refers to libspace.o(.bss) for __libspace_start
    rtexit.o(.ARM.Collect$$rtexit$$00000000) refers (Special) to rtexit2.o(.ARM.Collect$$rtexit$$00000004) for __rt_exit_exit
    rtexit.o(.ARM.Collect$$rtexit$$00000000) refers (Special) to rtexit2.o(.ARM.Collect$$rtexit$$00000003) for __rt_exit_ls
    rtexit.o(.ARM.Collect$$rtexit$$00000000) refers (Special) to rtexit2.o(.ARM.Collect$$rtexit$$00000002) for __rt_exit_prels_1
    rtexit.o(.ARM.exidx) refers (Special) to rtexit2.o(.ARM.Collect$$rtexit$$00000004) for __rt_exit_exit
    rtexit.o(.ARM.exidx) refers (Special) to rtexit2.o(.ARM.Collect$$rtexit$$00000003) for __rt_exit_ls
    rtexit.o(.ARM.exidx) refers (Special) to rtexit2.o(.ARM.Collect$$rtexit$$00000002) for __rt_exit_prels_1
    rtexit.o(.ARM.exidx) refers to rtexit.o(.ARM.Collect$$rtexit$$00000000) for .ARM.Collect$$rtexit$$00000000
    libinit2.o(.ARM.Collect$$libinit$$0000000E) refers to libinit2.o(.ARM.Collect$$libinit$$0000000D) for .ARM.Collect$$libinit$$0000000D
    libinit2.o(.ARM.Collect$$libinit$$00000010) refers to libinit2.o(.ARM.Collect$$libinit$$0000000D) for .ARM.Collect$$libinit$$0000000D
    libinit2.o(.ARM.Collect$$libinit$$00000012) refers to libinit2.o(.ARM.Collect$$libinit$$0000000D) for .ARM.Collect$$libinit$$0000000D
    libinit2.o(.ARM.Collect$$libinit$$00000014) refers to libinit2.o(.ARM.Collect$$libinit$$0000000D) for .ARM.Collect$$libinit$$0000000D
    libinit2.o(.ARM.Collect$$libinit$$00000016) refers to libinit2.o(.ARM.Collect$$libinit$$0000000D) for .ARM.Collect$$libinit$$0000000D
    libinit2.o(.ARM.Collect$$libinit$$00000024) refers to argv_veneer.o(.emb_text) for __ARM_argv_veneer
    libinit2.o(.ARM.Collect$$libinit$$00000025) refers to argv_veneer.o(.emb_text) for __ARM_argv_veneer
    rtexit2.o(.ARM.Collect$$rtexit$$00000003) refers to libshutdown.o(.ARM.Collect$$libshutdown$$00000000) for __rt_lib_shutdown
    rtexit2.o(.ARM.Collect$$rtexit$$00000004) refers to sys_exit.o(.text) for _sys_exit
    rtexit2.o(.ARM.exidx) refers to rtexit2.o(.ARM.Collect$$rtexit$$00000001) for .ARM.Collect$$rtexit$$00000001
    rtexit2.o(.ARM.exidx) refers to rtexit2.o(.ARM.Collect$$rtexit$$00000003) for .ARM.Collect$$rtexit$$00000003
    rtexit2.o(.ARM.exidx) refers to rtexit2.o(.ARM.Collect$$rtexit$$00000004) for .ARM.Collect$$rtexit$$00000004
    argv_veneer.o(.emb_text) refers to no_argv.o(.text) for __ARM_get_argv
    sys_exit.o(.text) refers (Special) to use_no_semi.o(.text) for __I$use$semihosting
    sys_exit.o(.text) refers (Special) to indicate_semi.o(.text) for __semihosting_library_function
    _get_argv_nomalloc.o(.text) refers (Special) to hrguard.o(.text) for __heap_region$guard
    _get_argv_nomalloc.o(.text) refers to defsig_rtmem_outer.o(.text) for __rt_SIGRTMEM
    _get_argv_nomalloc.o(.text) refers to sys_command.o(.text) for _sys_command_string
    libshutdown.o(.ARM.Collect$$libshutdown$$00000000) refers (Special) to libshutdown2.o(.ARM.Collect$$libshutdown$$00000006) for __rt_lib_shutdown_fp_trap_1
    libshutdown.o(.ARM.Collect$$libshutdown$$00000000) refers (Special) to libshutdown2.o(.ARM.Collect$$libshutdown$$0000000E) for __rt_lib_shutdown_heap_1
    libshutdown.o(.ARM.Collect$$libshutdown$$00000000) refers (Special) to libshutdown2.o(.ARM.Collect$$libshutdown$$0000000F) for __rt_lib_shutdown_return
    libshutdown.o(.ARM.Collect$$libshutdown$$00000000) refers (Special) to libshutdown2.o(.ARM.Collect$$libshutdown$$00000009) for __rt_lib_shutdown_signal_1
    libshutdown.o(.ARM.Collect$$libshutdown$$00000000) refers (Special) to libshutdown2.o(.ARM.Collect$$libshutdown$$00000003) for __rt_lib_shutdown_stdio_1
    libshutdown.o(.ARM.Collect$$libshutdown$$00000000) refers (Special) to libshutdown2.o(.ARM.Collect$$libshutdown$$0000000B) for __rt_lib_shutdown_user_alloc_1
    sys_command.o(.text) refers (Special) to use_no_semi.o(.text) for __I$use$semihosting
    sys_command.o(.text) refers (Special) to indicate_semi.o(.text) for __semihosting_library_function
    defsig_rtmem_outer.o(.text) refers to defsig_rtmem_inner.o(.text) for __rt_SIGRTMEM_inner
    defsig_rtmem_outer.o(.text) refers to defsig_exit.o(.text) for __sig_exit
    defsig_rtmem_formal.o(.text) refers to rt_raise.o(.text) for __rt_raise
    rt_raise.o(.text) refers to __raise.o(.text) for __raise
    rt_raise.o(.text) refers to sys_exit.o(.text) for _sys_exit
    defsig_exit.o(.text) refers to sys_exit.o(.text) for _sys_exit
    defsig_rtmem_inner.o(.text) refers to defsig_general.o(.text) for __default_signal_display
    __raise.o(.text) refers to defsig.o(CL$$defsig) for __default_signal_handler
    defsig_general.o(.text) refers to sys_wrch.o(.text) for _ttywrch
    sys_wrch.o(.text) refers (Special) to use_no_semi.o(.text) for __I$use$semihosting
    sys_wrch.o(.text) refers (Special) to indicate_semi.o(.text) for __semihosting_library_function
    defsig.o(CL$$defsig) refers to defsig_rtmem_inner.o(.text) for __rt_SIGRTMEM_inner
    defsig_abrt_inner.o(.text) refers to defsig_general.o(.text) for __default_signal_display
    defsig_fpe_inner.o(.text) refers to defsig_general.o(.text) for __default_signal_display
    defsig_rtred_inner.o(.text) refers to defsig_general.o(.text) for __default_signal_display
    defsig_stak_inner.o(.text) refers to defsig_general.o(.text) for __default_signal_display
    defsig_pvfn_inner.o(.text) refers to defsig_general.o(.text) for __default_signal_display
    defsig_cppl_inner.o(.text) refers to defsig_general.o(.text) for __default_signal_display
    defsig_segv_inner.o(.text) refers to defsig_general.o(.text) for __default_signal_display
    defsig_other.o(.text) refers to defsig_general.o(.text) for __default_signal_display


==============================================================================

Removing Unused input sections from the image.

    Removing mainthread.o(i.Delay100ms), (36 bytes).
    Removing texas.o(i.SetMode), (24 bytes).
    Removing texas.o(i.StartTimer4), (36 bytes).
    Removing texas.o(i.StopTimer4), (24 bytes).
    Removing texas.o(i.TExaS_Stop), (28 bytes).
    Removing texas.o(i.UART0_InChar), (24 bytes).
    Removing texas.o(i.UART0_InCharNonBlocking), (28 bytes).
    Removing texas.o(i.UART0_OutChar), (24 bytes).
    Removing texas.o(i.UART0_OutCharNonBlock), (12 bytes).
    Removing texas.o(i.copy), (18 bytes).
    Removing nokia5110.o(i.Nokia5110_ClearPixel), (68 bytes).
    Removing nokia5110.o(i.Nokia5110_OutChar), (56 bytes).
    Removing nokia5110.o(i.Nokia5110_OutChar_4x4pix), (48 bytes).
    Removing nokia5110.o(i.Nokia5110_OutString), (22 bytes).
    Removing nokia5110.o(i.Nokia5110_OutString_4x4pix), (22 bytes).
    Removing nokia5110.o(i.Nokia5110_OutUDec), (412 bytes).
    Removing sound.o(i.Sound_Explosion), (20 bytes).
    Removing sound.o(i.Sound_Fastinvader1), (20 bytes).
    Removing sound.o(i.Sound_Fastinvader2), (20 bytes).
    Removing sound.o(i.Sound_Fastinvader3), (20 bytes).
    Removing sound.o(i.Sound_Fastinvader4), (20 bytes).
    Removing sound.o(i.Sound_Killed), (20 bytes).

22 unused section(s) (total 1002 bytes) removed from the image.

==============================================================================

Image Symbol Table

    Local Symbols

    Symbol Name                              Value     Ov Type        Size  Object(Section)

    RESET                                    0x00000000   Section      644  startup.o(RESET)
    ../clib/angel/boardlib.s                 0x00000000   Number         0  boardshut.o ABSOLUTE
    ../clib/angel/boardlib.s                 0x00000000   Number         0  boardinit3.o ABSOLUTE
    ../clib/angel/boardlib.s                 0x00000000   Number         0  boardinit2.o ABSOLUTE
    ../clib/angel/boardlib.s                 0x00000000   Number         0  boardinit1.o ABSOLUTE
    ../clib/angel/handlers.s                 0x00000000   Number         0  __scatter_zi.o ABSOLUTE
    ../clib/angel/handlers.s                 0x00000000   Number         0  __scatter_copy.o ABSOLUTE
    ../clib/angel/kernel.s                   0x00000000   Number         0  rtentry4.o ABSOLUTE
    ../clib/angel/kernel.s                   0x00000000   Number         0  rtentry.o ABSOLUTE
    ../clib/angel/kernel.s                   0x00000000   Number         0  rtentry2.o ABSOLUTE
    ../clib/angel/kernel.s                   0x00000000   Number         0  rtexit2.o ABSOLUTE
    ../clib/angel/kernel.s                   0x00000000   Number         0  rtexit.o ABSOLUTE
    ../clib/angel/rt.s                       0x00000000   Number         0  rt_raise.o ABSOLUTE
    ../clib/angel/scatter.s                  0x00000000   Number         0  __scatter.o ABSOLUTE
    ../clib/angel/startup.s                  0x00000000   Number         0  __main.o ABSOLUTE
    ../clib/angel/sys.s                      0x00000000   Number         0  sys_stackheap_outer.o ABSOLUTE
    ../clib/angel/sys.s                      0x00000000   Number         0  libspace.o ABSOLUTE
    ../clib/angel/sys.s                      0x00000000   Number         0  indicate_semi.o ABSOLUTE
    ../clib/angel/sys.s                      0x00000000   Number         0  use_no_semi.o ABSOLUTE
    ../clib/angel/sysapp.c                   0x00000000   Number         0  sys_exit.o ABSOLUTE
    ../clib/angel/sysapp.c                   0x00000000   Number         0  sys_wrch.o ABSOLUTE
    ../clib/angel/sysapp.c                   0x00000000   Number         0  sys_command.o ABSOLUTE
    ../clib/armsys.c                         0x00000000   Number         0  _get_argv_nomalloc.o ABSOLUTE
    ../clib/armsys.c                         0x00000000   Number         0  argv_veneer.o ABSOLUTE
    ../clib/armsys.c                         0x00000000   Number         0  argv_veneer.o ABSOLUTE
    ../clib/armsys.c                         0x00000000   Number         0  no_argv.o ABSOLUTE
    ../clib/heapalloc.c                      0x00000000   Number         0  hrguard.o ABSOLUTE
    ../clib/heapaux.c                        0x00000000   Number         0  heapauxi.o ABSOLUTE
    ../clib/libinit.s                        0x00000000   Number         0  libinit.o ABSOLUTE
    ../clib/libinit.s                        0x00000000   Number         0  libinit2.o ABSOLUTE
    ../clib/libinit.s                        0x00000000   Number         0  libshutdown2.o ABSOLUTE
    ../clib/libinit.s                        0x00000000   Number         0  libshutdown.o ABSOLUTE
    ../clib/signal.c                         0x00000000   Number         0  __raise.o ABSOLUTE
    ../clib/signal.c                         0x00000000   Number         0  defsig_other.o ABSOLUTE
    ../clib/signal.c                         0x00000000   Number         0  defsig_rtmem_inner.o ABSOLUTE
    ../clib/signal.c                         0x00000000   Number         0  defsig_exit.o ABSOLUTE
    ../clib/signal.c                         0x00000000   Number         0  defsig_cppl_inner.o ABSOLUTE
    ../clib/signal.c                         0x00000000   Number         0  defsig_segv_inner.o ABSOLUTE
    ../clib/signal.c                         0x00000000   Number         0  defsig_rtmem_formal.o ABSOLUTE
    ../clib/signal.c                         0x00000000   Number         0  defsig_general.o ABSOLUTE
    ../clib/signal.c                         0x00000000   Number         0  defsig_pvfn_inner.o ABSOLUTE
    ../clib/signal.c                         0x00000000   Number         0  defsig_stak_inner.o ABSOLUTE
    ../clib/signal.c                         0x00000000   Number         0  defsig_rtred_inner.o ABSOLUTE
    ../clib/signal.c                         0x00000000   Number         0  defsig_fpe_inner.o ABSOLUTE
    ../clib/signal.c                         0x00000000   Number         0  defsig_abrt_inner.o ABSOLUTE
    ../clib/signal.c                         0x00000000   Number         0  defsig_rtmem_outer.o ABSOLUTE
    ../clib/signal.s                         0x00000000   Number         0  defsig.o ABSOLUTE
    ../clib/stdlib.c                         0x00000000   Number         0  exit.o ABSOLUTE
    ../fplib/fpinit.s                        0x00000000   Number         0  fpinit.o ABSOLUTE
    Controls\ADC.c                           0x00000000   Number         0  adc.o ABSOLUTE
    Controls\SlidePot.c                      0x00000000   Number         0  slidepot.o ABSOLUTE
    Controls\Switches.c                      0x00000000   Number         0  switches.o ABSOLUTE
    Display\Nokia5110.c                      0x00000000   Number         0  nokia5110.o ABSOLUTE
    GameEngine\GameEngineCycle.c             0x00000000   Number         0  gameenginecycle.o ABSOLUTE
    Main\MainThread.c                        0x00000000   Number         0  mainthread.o ABSOLUTE
    Main\TExaS.c                             0x00000000   Number         0  texas.o ABSOLUTE
    Main\random.s                            0x00000000   Number         0  random.o ABSOLUTE
    Main\startup.s                           0x00000000   Number         0  startup.o ABSOLUTE
    Sounds\DAC.c                             0x00000000   Number         0  dac.o ABSOLUTE
    Sounds\Sound.c                           0x00000000   Number         0  sound.o ABSOLUTE
    dc.s                                     0x00000000   Number         0  dc.o ABSOLUTE
    gameEngine\Enemy.c                       0x00000000   Number         0  enemy.o ABSOLUTE
    gameEngine\PlayerShip.c                  0x00000000   Number         0  playership.o ABSOLUTE
    gameEngine\Terrain.c                     0x00000000   Number         0  terrain.o ABSOLUTE
    !!!main                                  0x00000284   Section        8  __main.o(!!!main)
    !!!scatter                               0x0000028c   Section       52  __scatter.o(!!!scatter)
    !!handler_copy                           0x000002c0   Section       26  __scatter_copy.o(!!handler_copy)
    !!handler_zi                             0x000002dc   Section       28  __scatter_zi.o(!!handler_zi)
    .ARM.Collect$$libinit$$00000000          0x000002f8   Section        2  libinit.o(.ARM.Collect$$libinit$$00000000)
    .ARM.Collect$$libinit$$00000002          0x000002fa   Section        0  libinit2.o(.ARM.Collect$$libinit$$00000002)
    .ARM.Collect$$libinit$$00000008          0x000002fa   Section        0  libinit2.o(.ARM.Collect$$libinit$$00000008)
    .ARM.Collect$$libinit$$0000000A          0x000002fa   Section        0  libinit2.o(.ARM.Collect$$libinit$$0000000A)
    .ARM.Collect$$libinit$$0000000C          0x000002fa   Section        0  libinit2.o(.ARM.Collect$$libinit$$0000000C)
    .ARM.Collect$$libinit$$0000000F          0x000002fa   Section        0  libinit2.o(.ARM.Collect$$libinit$$0000000F)
    .ARM.Collect$$libinit$$00000011          0x000002fa   Section        0  libinit2.o(.ARM.Collect$$libinit$$00000011)
    .ARM.Collect$$libinit$$00000013          0x000002fa   Section        0  libinit2.o(.ARM.Collect$$libinit$$00000013)
    .ARM.Collect$$libinit$$00000015          0x000002fa   Section        0  libinit2.o(.ARM.Collect$$libinit$$00000015)
    .ARM.Collect$$libinit$$00000017          0x000002fa   Section        0  libinit2.o(.ARM.Collect$$libinit$$00000017)
    .ARM.Collect$$libinit$$00000019          0x000002fa   Section        0  libinit2.o(.ARM.Collect$$libinit$$00000019)
    .ARM.Collect$$libinit$$0000001B          0x000002fa   Section        0  libinit2.o(.ARM.Collect$$libinit$$0000001B)
    .ARM.Collect$$libinit$$0000001D          0x000002fa   Section        0  libinit2.o(.ARM.Collect$$libinit$$0000001D)
    .ARM.Collect$$libinit$$0000001F          0x000002fa   Section        0  libinit2.o(.ARM.Collect$$libinit$$0000001F)
    .ARM.Collect$$libinit$$00000021          0x000002fa   Section        0  libinit2.o(.ARM.Collect$$libinit$$00000021)
    .ARM.Collect$$libinit$$00000023          0x000002fa   Section        0  libinit2.o(.ARM.Collect$$libinit$$00000023)
    .ARM.Collect$$libinit$$0000002A          0x000002fa   Section        0  libinit2.o(.ARM.Collect$$libinit$$0000002A)
    .ARM.Collect$$libinit$$0000002C          0x000002fa   Section        0  libinit2.o(.ARM.Collect$$libinit$$0000002C)
    .ARM.Collect$$libinit$$0000002E          0x000002fa   Section        0  libinit2.o(.ARM.Collect$$libinit$$0000002E)
    .ARM.Collect$$libinit$$00000030          0x000002fa   Section        0  libinit2.o(.ARM.Collect$$libinit$$00000030)
    .ARM.Collect$$libinit$$00000031          0x000002fa   Section        2  libinit2.o(.ARM.Collect$$libinit$$00000031)
    .ARM.Collect$$libshutdown$$00000000      0x000002fc   Section        2  libshutdown.o(.ARM.Collect$$libshutdown$$00000000)
    .ARM.Collect$$libshutdown$$00000003      0x000002fe   Section        0  libshutdown2.o(.ARM.Collect$$libshutdown$$00000003)
    .ARM.Collect$$libshutdown$$00000006      0x000002fe   Section        0  libshutdown2.o(.ARM.Collect$$libshutdown$$00000006)
    .ARM.Collect$$libshutdown$$00000009      0x000002fe   Section        0  libshutdown2.o(.ARM.Collect$$libshutdown$$00000009)
    .ARM.Collect$$libshutdown$$0000000B      0x000002fe   Section        0  libshutdown2.o(.ARM.Collect$$libshutdown$$0000000B)
    .ARM.Collect$$libshutdown$$0000000E      0x000002fe   Section        0  libshutdown2.o(.ARM.Collect$$libshutdown$$0000000E)
    .ARM.Collect$$libshutdown$$0000000F      0x000002fe   Section        2  libshutdown2.o(.ARM.Collect$$libshutdown$$0000000F)
    .ARM.Collect$$rtentry$$00000000          0x00000300   Section        0  rtentry.o(.ARM.Collect$$rtentry$$00000000)
    .ARM.Collect$$rtentry$$00000002          0x00000300   Section        0  rtentry2.o(.ARM.Collect$$rtentry$$00000002)
    .ARM.Collect$$rtentry$$00000004          0x00000300   Section        6  rtentry4.o(.ARM.Collect$$rtentry$$00000004)
    .ARM.Collect$$rtentry$$00000009          0x00000306   Section        0  rtentry2.o(.ARM.Collect$$rtentry$$00000009)
    .ARM.Collect$$rtentry$$0000000A          0x00000306   Section        4  rtentry2.o(.ARM.Collect$$rtentry$$0000000A)
    .ARM.Collect$$rtentry$$0000000C          0x0000030a   Section        0  rtentry2.o(.ARM.Collect$$rtentry$$0000000C)
    .ARM.Collect$$rtentry$$0000000D          0x0000030a   Section        8  rtentry2.o(.ARM.Collect$$rtentry$$0000000D)
    .ARM.Collect$$rtexit$$00000000           0x00000312   Section        2  rtexit.o(.ARM.Collect$$rtexit$$00000000)
    .ARM.Collect$$rtexit$$00000002           0x00000314   Section        0  rtexit2.o(.ARM.Collect$$rtexit$$00000002)
    .ARM.Collect$$rtexit$$00000003           0x00000314   Section        4  rtexit2.o(.ARM.Collect$$rtexit$$00000003)
    .ARM.Collect$$rtexit$$00000004           0x00000318   Section        6  rtexit2.o(.ARM.Collect$$rtexit$$00000004)
    .text                                    0x00000320   Section       64  random.o(.text)
    .text                                    0x00000360   Section       48  startup.o(.text)
    .text                                    0x00000390   Section        0  heapauxi.o(.text)
    .text                                    0x00000396   Section       74  sys_stackheap_outer.o(.text)
    .text                                    0x000003e0   Section        0  exit.o(.text)
    .text                                    0x000003ec   Section        8  libspace.o(.text)
    .text                                    0x000003f4   Section        0  sys_exit.o(.text)
    .text                                    0x00000400   Section        2  use_no_semi.o(.text)
    .text                                    0x00000402   Section        0  indicate_semi.o(.text)
    i.ADC0_In                                0x00000404   Section        0  adc.o(i.ADC0_In)
    i.ADC0_Init                              0x0000043c   Section        0  adc.o(i.ADC0_Init)
    i.ADC1_In                                0x00000504   Section        0  texas.o(i.ADC1_In)
    i.ADC1_Init                              0x00000510   Section        0  texas.o(i.ADC1_Init)
    i.DAC_Init                               0x000005e4   Section        0  dac.o(i.DAC_Init)
    i.DAC_Out                                0x00000660   Section        0  dac.o(i.DAC_Out)
    i.Enemy_ControlDeath                     0x00000670   Section        0  enemy.o(i.Enemy_ControlDeath)
    i.Enemy_Draw                             0x000006ac   Section        0  enemy.o(i.Enemy_Draw)
    i.Enemy_InitEnemy                        0x00000726   Section        0  enemy.o(i.Enemy_InitEnemy)
    i.Enemy_NextPos                          0x00000748   Section        0  enemy.o(i.Enemy_NextPos)
    i.Enemy_NextState                        0x000007f8   Section        0  enemy.o(i.Enemy_NextState)
    i.Enemy_Reset                            0x0000082c   Section        0  enemy.o(i.Enemy_Reset)
    i.Enemy_Shoots                           0x00000836   Section        0  enemy.o(i.Enemy_Shoots)
    i.GPIOPortE_Handler                      0x000008dc   Section        0  switches.o(i.GPIOPortE_Handler)
    i.GameEngine_Init                        0x0000091c   Section        0  gameenginecycle.o(i.GameEngine_Init)
    i.Nokia5110_AskLastPixel                 0x000009a4   Section        0  nokia5110.o(i.Nokia5110_AskLastPixel)
    i.Nokia5110_AskPixel                     0x000009f0   Section        0  nokia5110.o(i.Nokia5110_AskPixel)
    i.Nokia5110_Clear                        0x00000a3c   Section        0  nokia5110.o(i.Nokia5110_Clear)
    i.Nokia5110_ClearBuffer                  0x00000a5c   Section        0  nokia5110.o(i.Nokia5110_ClearBuffer)
    i.Nokia5110_DisplayBuffer                0x00000a74   Section        0  nokia5110.o(i.Nokia5110_DisplayBuffer)
    i.Nokia5110_DrawFullImage                0x00000a84   Section        0  nokia5110.o(i.Nokia5110_DrawFullImage)
    i.Nokia5110_Init                         0x00000aa8   Section        0  nokia5110.o(i.Nokia5110_Init)
    i.Nokia5110_OutChar_4x4pix_toBuffer      0x00000c14   Section        0  nokia5110.o(i.Nokia5110_OutChar_4x4pix_toBuffer)
    i.Nokia5110_OutString_4x4pix_toBuffer    0x00000ce0   Section        0  nokia5110.o(i.Nokia5110_OutString_4x4pix_toBuffer)
    i.Nokia5110_OutUDec_4x4pix_toBuffer      0x00000d0c   Section        0  nokia5110.o(i.Nokia5110_OutUDec_4x4pix_toBuffer)
    i.Nokia5110_PrintBMP                     0x00000d64   Section        0  nokia5110.o(i.Nokia5110_PrintBMP)
    i.Nokia5110_SaveLastBuffer               0x00000f0c   Section        0  nokia5110.o(i.Nokia5110_SaveLastBuffer)
    i.Nokia5110_SetCursor                    0x00000f2c   Section        0  nokia5110.o(i.Nokia5110_SetCursor)
    i.Nokia5110_SetPixel                     0x00000f5c   Section        0  nokia5110.o(i.Nokia5110_SetPixel)
    i.PLL_Init                               0x00000fa0   Section        0  texas.o(i.PLL_Init)
    i.PlayerShip_ControlShip                 0x0000101c   Section        0  playership.o(i.PlayerShip_ControlShip)
    i.PlayerShip_Draw                        0x000010d8   Section        0  playership.o(i.PlayerShip_Draw)
    i.PlayerShip_IncreaseScore               0x000010f2   Section        0  playership.o(i.PlayerShip_IncreaseScore)
    i.PlayerShip_InitShip                    0x00001108   Section        0  playership.o(i.PlayerShip_InitShip)
    i.PlayerShip_Reset                       0x00001180   Section        0  playership.o(i.PlayerShip_Reset)
    i.PlayerShip_Shoots                      0x00001188   Section        0  playership.o(i.PlayerShip_Shoots)
    i.PlayerShip_hasLives                    0x000012d4   Section        0  playership.o(i.PlayerShip_hasLives)
    i.PlayerShip_isDead                      0x000012e2   Section        0  playership.o(i.PlayerShip_isDead)
    i.SetCode                                0x000012f4   Section        0  texas.o(i.SetCode)
    i.SetCourse                              0x0000130c   Section        0  texas.o(i.SetCourse)
    i.SlidePot_Convert                       0x00001324   Section        0  slidepot.o(i.SlidePot_Convert)
    i.SlidePot_Init                          0x00001358   Section        0  slidepot.o(i.SlidePot_Init)
    i.SlidePot_toPixelY                      0x00001360   Section        0  slidepot.o(i.SlidePot_toPixelY)
    i.Sound_Highpitch                        0x000013a4   Section        0  sound.o(i.Sound_Highpitch)
    i.Sound_Init                             0x000013b8   Section        0  sound.o(i.Sound_Init)
    i.Sound_Play                             0x000013dc   Section        0  sound.o(i.Sound_Play)
    i.Sound_Shoot                            0x00001404   Section        0  sound.o(i.Sound_Shoot)
    i.SwitchesInit                           0x00001418   Section        0  switches.o(i.SwitchesInit)
    i.SysTick_Handler                        0x000014f4   Section        0  gameenginecycle.o(i.SysTick_Handler)
    i.SysTick_Init                           0x00001698   Section        0  gameenginecycle.o(i.SysTick_Init)
    i.TExaS_Init                             0x000016b0   Section        0  texas.o(i.TExaS_Init)
    i.Terrain_GroundNextY                    0x00001874   Section        0  terrain.o(i.Terrain_GroundNextY)
    i.Terrain_InitTerrain                    0x000018be   Section        0  terrain.o(i.Terrain_InitTerrain)
    i.Terrain_ShowTerrain                    0x00001908   Section        0  terrain.o(i.Terrain_ShowTerrain)
    i.Timer2A_Handler                        0x000019bc   Section        0  sound.o(i.Timer2A_Handler)
    i.Timer2A_Start                          0x00001a08   Section        0  sound.o(i.Timer2A_Start)
    i.Timer2A_Stop                           0x00001a1c   Section        0  sound.o(i.Timer2A_Stop)
    i.Timer2_Init                            0x00001a30   Section        0  sound.o(i.Timer2_Init)
    i.Timer4A_Handler                        0x00001a90   Section        0  texas.o(i.Timer4A_Handler)
    i.Timer5A_Handler                        0x00001ab0   Section        0  texas.o(i.Timer5A_Handler)
    i.UART0_Init                             0x00001ae0   Section        0  texas.o(i.UART0_Init)
    i._ShowHUD                               0x00001ba0   Section        0  gameenginecycle.o(i._ShowHUD)
    i.lcdwrite                               0x00001c08   Section        0  nokia5110.o(i.lcdwrite)
    lcdwrite                                 0x00001c09   Thumb Code    66  nokia5110.o(i.lcdwrite)
    i.main                                   0x00001c54   Section        0  mainthread.o(i.main)
    .constdata                               0x00001cd8   Section     1879  mainthread.o(.constdata)
    .constdata                               0x0000242f   Section      360  texas.o(.constdata)
    .constdata                               0x00002597   Section      860  nokia5110.o(.constdata)
    ASCII                                    0x00002597   Data         480  nokia5110.o(.constdata)
    ASCII_4x4pix                             0x00002777   Data         380  nokia5110.o(.constdata)
    .constdata                               0x000028f3   Section    15435  sound.o(.constdata)
    .constdata                               0x0000653e   Section     1965  gameenginecycle.o(.constdata)
    .constdata                               0x00006cec   Section       36  enemy.o(.constdata)
    .constdata                               0x00006d10   Section       84  playership.o(.constdata)
    .data                                    0x20000000   Section        1  mainthread.o(.data)
    .data                                    0x20000004   Section       52  texas.o(.data)
    .data                                    0x20000038   Section       12  sound.o(.data)
    .data                                    0x20000044   Section        8  gameenginecycle.o(.data)
    .data                                    0x2000004c   Section        1  playership.o(.data)
    PixelY_last                              0x2000004c   Data           1  playership.o(.data)
    DATA                                     0x20000050   Section        4  random.o(DATA)
    M                                        0x20000050   Data           4  random.o(DATA)
    .bss                                     0x20000058   Section       56  texas.o(.bss)
    .bss                                     0x20000090   Section     1008  nokia5110.o(.bss)
    .bss                                     0x20000480   Section      464  gameenginecycle.o(.bss)
    .bss                                     0x20000650   Section       96  libspace.o(.bss)
    HEAP                                     0x200006b0   Section        0  startup.o(HEAP)
    STACK                                    0x200006b0   Section     1024  startup.o(STACK)
    HeapMem                                  0x200006b0   Data           0  startup.o(HEAP)
    StackMem                                 0x200006b0   Data           0  startup.o(STACK)

    Global Symbols

    Symbol Name                              Value     Ov Type        Size  Object(Section)

    BuildAttributes$$THM_ISAv4$E$P$D$K$B$S$7EM$PE$A:L22UL41UL21$X:L11$S22US41US21$IEEE1$IW$USESV6$~STKCKD$USESV7$~SHL$OSPACE$ROPI$EBA8$UX$STANDARDLIB$REQ8$PRES8$EABIv2 0x00000000   Number         0  anon$$obj.o ABSOLUTE
    __ARM_use_no_argv                        0x00000000   Number         0  mainthread.o ABSOLUTE
    __Vectors                                0x00000000   Data           0  startup.o(RESET)
    __ARM_exceptions_init                     - Undefined Weak Reference
    __alloca_initialize                       - Undefined Weak Reference
    __cpp_initialize__aeabi_                  - Undefined Weak Reference
    __cxa_finalize                            - Undefined Weak Reference
    __rt_locale                               - Undefined Weak Reference
    __sigvec_lookup                           - Undefined Weak Reference
    _atexit_init                              - Undefined Weak Reference
    _call_atexit_fns                          - Undefined Weak Reference
    _clock_init                               - Undefined Weak Reference
    _fp_trap_init                             - Undefined Weak Reference
    _fp_trap_shutdown                         - Undefined Weak Reference
    _get_lc_collate                           - Undefined Weak Reference
    _get_lc_ctype                             - Undefined Weak Reference
    _get_lc_monetary                          - Undefined Weak Reference
    _get_lc_numeric                           - Undefined Weak Reference
    _get_lc_time                              - Undefined Weak Reference
    _getenv_init                              - Undefined Weak Reference
    _handle_redirection                       - Undefined Weak Reference
    _init_alloc                               - Undefined Weak Reference
    _init_user_alloc                          - Undefined Weak Reference
    _initio                                   - Undefined Weak Reference
    _rand_init                                - Undefined Weak Reference
    _signal_finish                            - Undefined Weak Reference
    _signal_init                              - Undefined Weak Reference
    _terminate_alloc                          - Undefined Weak Reference
    _terminate_user_alloc                     - Undefined Weak Reference
    _terminateio                              - Undefined Weak Reference
    Reset_Handler                            0x0000026d   Thumb Code     0  startup.o(RESET)
    NMI_Handler                              0x00000271   Thumb Code     2  startup.o(RESET)
    HardFault_Handler                        0x00000273   Thumb Code     2  startup.o(RESET)
    MemManage_Handler                        0x00000275   Thumb Code     2  startup.o(RESET)
    BusFault_Handler                         0x00000277   Thumb Code     2  startup.o(RESET)
    UsageFault_Handler                       0x00000279   Thumb Code     2  startup.o(RESET)
    SVC_Handler                              0x0000027b   Thumb Code     2  startup.o(RESET)
    DebugMon_Handler                         0x0000027d   Thumb Code     2  startup.o(RESET)
    PendSV_Handler                           0x0000027f   Thumb Code     2  startup.o(RESET)
    ADC0Seq0_Handler                         0x00000283   Thumb Code     0  startup.o(RESET)
    ADC0Seq1_Handler                         0x00000283   Thumb Code     0  startup.o(RESET)
    ADC0Seq2_Handler                         0x00000283   Thumb Code     0  startup.o(RESET)
    ADC0Seq3_Handler                         0x00000283   Thumb Code     0  startup.o(RESET)
    ADC1Seq0_Handler                         0x00000283   Thumb Code     0  startup.o(RESET)
    ADC1Seq1_Handler                         0x00000283   Thumb Code     0  startup.o(RESET)
    ADC1Seq2_Handler                         0x00000283   Thumb Code     0  startup.o(RESET)
    ADC1Seq3_Handler                         0x00000283   Thumb Code     0  startup.o(RESET)
    CAN0_Handler                             0x00000283   Thumb Code     0  startup.o(RESET)
    CAN1_Handler                             0x00000283   Thumb Code     0  startup.o(RESET)
    CAN2_Handler                             0x00000283   Thumb Code     0  startup.o(RESET)
    Comp0_Handler                            0x00000283   Thumb Code     0  startup.o(RESET)
    Comp1_Handler                            0x00000283   Thumb Code     0  startup.o(RESET)
    Comp2_Handler                            0x00000283   Thumb Code     0  startup.o(RESET)
    Ethernet_Handler                         0x00000283   Thumb Code     0  startup.o(RESET)
    ExtBus_Handler                           0x00000283   Thumb Code     0  startup.o(RESET)
    FPU_Handler                              0x00000283   Thumb Code     0  startup.o(RESET)
    Fan0_Handler                             0x00000283   Thumb Code     0  startup.o(RESET)
    FlashCtl_Handler                         0x00000283   Thumb Code     0  startup.o(RESET)
    GPIOPortA_Handler                        0x00000283   Thumb Code     0  startup.o(RESET)
    GPIOPortB_Handler                        0x00000283   Thumb Code     0  startup.o(RESET)
    GPIOPortC_Handler                        0x00000283   Thumb Code     0  startup.o(RESET)
    GPIOPortD_Handler                        0x00000283   Thumb Code     0  startup.o(RESET)
    GPIOPortF_Handler                        0x00000283   Thumb Code     0  startup.o(RESET)
    GPIOPortG_Handler                        0x00000283   Thumb Code     0  startup.o(RESET)
    GPIOPortH_Handler                        0x00000283   Thumb Code     0  startup.o(RESET)
    GPIOPortJ_Handler                        0x00000283   Thumb Code     0  startup.o(RESET)
    GPIOPortK_Handler                        0x00000283   Thumb Code     0  startup.o(RESET)
    GPIOPortL_Handler                        0x00000283   Thumb Code     0  startup.o(RESET)
    GPIOPortM_Handler                        0x00000283   Thumb Code     0  startup.o(RESET)
    GPIOPortN_Handler                        0x00000283   Thumb Code     0  startup.o(RESET)
    GPIOPortP1_Handler                       0x00000283   Thumb Code     0  startup.o(RESET)
    GPIOPortP2_Handler                       0x00000283   Thumb Code     0  startup.o(RESET)
    GPIOPortP3_Handler                       0x00000283   Thumb Code     0  startup.o(RESET)
    GPIOPortP4_Handler                       0x00000283   Thumb Code     0  startup.o(RESET)
    GPIOPortP5_Handler                       0x00000283   Thumb Code     0  startup.o(RESET)
    GPIOPortP6_Handler                       0x00000283   Thumb Code     0  startup.o(RESET)
    GPIOPortP7_Handler                       0x00000283   Thumb Code     0  startup.o(RESET)
    GPIOPortP_Handler                        0x00000283   Thumb Code     0  startup.o(RESET)
    GPIOPortQ1_Handler                       0x00000283   Thumb Code     0  startup.o(RESET)
    GPIOPortQ2_Handler                       0x00000283   Thumb Code     0  startup.o(RESET)
    GPIOPortQ3_Handler                       0x00000283   Thumb Code     0  startup.o(RESET)
    GPIOPortQ4_Handler                       0x00000283   Thumb Code     0  startup.o(RESET)
    GPIOPortQ5_Handler                       0x00000283   Thumb Code     0  startup.o(RESET)
    GPIOPortQ6_Handler                       0x00000283   Thumb Code     0  startup.o(RESET)
    GPIOPortQ7_Handler                       0x00000283   Thumb Code     0  startup.o(RESET)
    GPIOPortQ_Handler                        0x00000283   Thumb Code     0  startup.o(RESET)
    GPIOPortR_Handler                        0x00000283   Thumb Code     0  startup.o(RESET)
    GPIOPortS_Handler                        0x00000283   Thumb Code     0  startup.o(RESET)
    Hibernate_Handler                        0x00000283   Thumb Code     0  startup.o(RESET)
    I2C0_Handler                             0x00000283   Thumb Code     0  startup.o(RESET)
    I2C1_Handler                             0x00000283   Thumb Code     0  startup.o(RESET)
    I2C2_Handler                             0x00000283   Thumb Code     0  startup.o(RESET)
    I2C3_Handler                             0x00000283   Thumb Code     0  startup.o(RESET)
    I2C4_Handler                             0x00000283   Thumb Code     0  startup.o(RESET)
    I2C5_Handler                             0x00000283   Thumb Code     0  startup.o(RESET)
    I2S0_Handler                             0x00000283   Thumb Code     0  startup.o(RESET)
    LPC0_Handler                             0x00000283   Thumb Code     0  startup.o(RESET)
    PECI0_Handler                            0x00000283   Thumb Code     0  startup.o(RESET)
    PWM0Fault_Handler                        0x00000283   Thumb Code     0  startup.o(RESET)
    PWM0Generator0_Handler                   0x00000283   Thumb Code     0  startup.o(RESET)
    PWM0Generator1_Handler                   0x00000283   Thumb Code     0  startup.o(RESET)
    PWM0Generator2_Handler                   0x00000283   Thumb Code     0  startup.o(RESET)
    PWM0Generator3_Handler                   0x00000283   Thumb Code     0  startup.o(RESET)
    PWM1Fault_Handler                        0x00000283   Thumb Code     0  startup.o(RESET)
    PWM1Generator0_Handler                   0x00000283   Thumb Code     0  startup.o(RESET)
    PWM1Generator1_Handler                   0x00000283   Thumb Code     0  startup.o(RESET)
    PWM1Generator2_Handler                   0x00000283   Thumb Code     0  startup.o(RESET)
    PWM1Generator3_Handler                   0x00000283   Thumb Code     0  startup.o(RESET)
    Quadrature0_Handler                      0x00000283   Thumb Code     0  startup.o(RESET)
    Quadrature1_Handler                      0x00000283   Thumb Code     0  startup.o(RESET)
    Quadrature2_Handler                      0x00000283   Thumb Code     0  startup.o(RESET)
    SSI0_Handler                             0x00000283   Thumb Code     0  startup.o(RESET)
    SSI1_Handler                             0x00000283   Thumb Code     0  startup.o(RESET)
    SSI2_Handler                             0x00000283   Thumb Code     0  startup.o(RESET)
    SSI3_Handler                             0x00000283   Thumb Code     0  startup.o(RESET)
    SysCtl_Handler                           0x00000283   Thumb Code     0  startup.o(RESET)
    Timer0A_Handler                          0x00000283   Thumb Code     0  startup.o(RESET)
    Timer0B_Handler                          0x00000283   Thumb Code     0  startup.o(RESET)
    Timer1A_Handler                          0x00000283   Thumb Code     0  startup.o(RESET)
    Timer1B_Handler                          0x00000283   Thumb Code     0  startup.o(RESET)
    Timer2B_Handler                          0x00000283   Thumb Code     0  startup.o(RESET)
    Timer3A_Handler                          0x00000283   Thumb Code     0  startup.o(RESET)
    Timer3B_Handler                          0x00000283   Thumb Code     0  startup.o(RESET)
    Timer4B_Handler                          0x00000283   Thumb Code     0  startup.o(RESET)
    Timer5B_Handler                          0x00000283   Thumb Code     0  startup.o(RESET)
    UART0_Handler                            0x00000283   Thumb Code     0  startup.o(RESET)
    UART1_Handler                            0x00000283   Thumb Code     0  startup.o(RESET)
    UART2_Handler                            0x00000283   Thumb Code     0  startup.o(RESET)
    UART3_Handler                            0x00000283   Thumb Code     0  startup.o(RESET)
    UART4_Handler                            0x00000283   Thumb Code     0  startup.o(RESET)
    UART5_Handler                            0x00000283   Thumb Code     0  startup.o(RESET)
    UART6_Handler                            0x00000283   Thumb Code     0  startup.o(RESET)
    UART7_Handler                            0x00000283   Thumb Code     0  startup.o(RESET)
    USB0_Handler                             0x00000283   Thumb Code     0  startup.o(RESET)
    WDT_Handler                              0x00000283   Thumb Code     0  startup.o(RESET)
    WideTimer0A_Handler                      0x00000283   Thumb Code     0  startup.o(RESET)
    WideTimer0B_Handler                      0x00000283   Thumb Code     0  startup.o(RESET)
    WideTimer1A_Handler                      0x00000283   Thumb Code     0  startup.o(RESET)
    WideTimer1B_Handler                      0x00000283   Thumb Code     0  startup.o(RESET)
    WideTimer2A_Handler                      0x00000283   Thumb Code     0  startup.o(RESET)
    WideTimer2B_Handler                      0x00000283   Thumb Code     0  startup.o(RESET)
    WideTimer3A_Handler                      0x00000283   Thumb Code     0  startup.o(RESET)
    WideTimer3B_Handler                      0x00000283   Thumb Code     0  startup.o(RESET)
    WideTimer4A_Handler                      0x00000283   Thumb Code     0  startup.o(RESET)
    WideTimer4B_Handler                      0x00000283   Thumb Code     0  startup.o(RESET)
    WideTimer5A_Handler                      0x00000283   Thumb Code     0  startup.o(RESET)
    WideTimer5B_Handler                      0x00000283   Thumb Code     0  startup.o(RESET)
    uDMA_Error                               0x00000283   Thumb Code     0  startup.o(RESET)
    uDMA_Handler                             0x00000283   Thumb Code     0  startup.o(RESET)
    __main                                   0x00000285   Thumb Code     8  __main.o(!!!main)
    __scatterload                            0x0000028d   Thumb Code     0  __scatter.o(!!!scatter)
    __scatterload_rt2                        0x0000028d   Thumb Code    44  __scatter.o(!!!scatter)
    __scatterload_rt2_thumb_only             0x0000028d   Thumb Code     0  __scatter.o(!!!scatter)
    __scatterload_null                       0x0000029b   Thumb Code     0  __scatter.o(!!!scatter)
    __scatterload_copy                       0x000002c1   Thumb Code    26  __scatter_copy.o(!!handler_copy)
    __scatterload_zeroinit                   0x000002dd   Thumb Code    28  __scatter_zi.o(!!handler_zi)
    __rt_lib_init                            0x000002f9   Thumb Code     0  libinit.o(.ARM.Collect$$libinit$$00000000)
    __rt_lib_init_alloca_1                   0x000002fb   Thumb Code     0  libinit2.o(.ARM.Collect$$libinit$$0000002C)
    __rt_lib_init_argv_1                     0x000002fb   Thumb Code     0  libinit2.o(.ARM.Collect$$libinit$$0000002A)
    __rt_lib_init_atexit_1                   0x000002fb   Thumb Code     0  libinit2.o(.ARM.Collect$$libinit$$00000019)
    __rt_lib_init_clock_1                    0x000002fb   Thumb Code     0  libinit2.o(.ARM.Collect$$libinit$$0000001F)
    __rt_lib_init_cpp_1                      0x000002fb   Thumb Code     0  libinit2.o(.ARM.Collect$$libinit$$00000030)
    __rt_lib_init_exceptions_1               0x000002fb   Thumb Code     0  libinit2.o(.ARM.Collect$$libinit$$0000002E)
    __rt_lib_init_fp_1                       0x000002fb   Thumb Code     0  libinit2.o(.ARM.Collect$$libinit$$00000002)
    __rt_lib_init_fp_trap_1                  0x000002fb   Thumb Code     0  libinit2.o(.ARM.Collect$$libinit$$0000001D)
    __rt_lib_init_getenv_1                   0x000002fb   Thumb Code     0  libinit2.o(.ARM.Collect$$libinit$$00000021)
    __rt_lib_init_heap_1                     0x000002fb   Thumb Code     0  libinit2.o(.ARM.Collect$$libinit$$00000008)
    __rt_lib_init_lc_collate_1               0x000002fb   Thumb Code     0  libinit2.o(.ARM.Collect$$libinit$$0000000F)
    __rt_lib_init_lc_ctype_1                 0x000002fb   Thumb Code     0  libinit2.o(.ARM.Collect$$libinit$$00000011)
    __rt_lib_init_lc_monetary_1              0x000002fb   Thumb Code     0  libinit2.o(.ARM.Collect$$libinit$$00000013)
    __rt_lib_init_lc_numeric_1               0x000002fb   Thumb Code     0  libinit2.o(.ARM.Collect$$libinit$$00000015)
    __rt_lib_init_lc_time_1                  0x000002fb   Thumb Code     0  libinit2.o(.ARM.Collect$$libinit$$00000017)
    __rt_lib_init_rand_1                     0x000002fb   Thumb Code     0  libinit2.o(.ARM.Collect$$libinit$$0000000C)
    __rt_lib_init_return                     0x000002fb   Thumb Code     0  libinit2.o(.ARM.Collect$$libinit$$00000031)
    __rt_lib_init_signal_1                   0x000002fb   Thumb Code     0  libinit2.o(.ARM.Collect$$libinit$$0000001B)
    __rt_lib_init_stdio_1                    0x000002fb   Thumb Code     0  libinit2.o(.ARM.Collect$$libinit$$00000023)
    __rt_lib_init_user_alloc_1               0x000002fb   Thumb Code     0  libinit2.o(.ARM.Collect$$libinit$$0000000A)
    __rt_lib_shutdown                        0x000002fd   Thumb Code     0  libshutdown.o(.ARM.Collect$$libshutdown$$00000000)
    __rt_lib_shutdown_fp_trap_1              0x000002ff   Thumb Code     0  libshutdown2.o(.ARM.Collect$$libshutdown$$00000006)
    __rt_lib_shutdown_heap_1                 0x000002ff   Thumb Code     0  libshutdown2.o(.ARM.Collect$$libshutdown$$0000000E)
    __rt_lib_shutdown_return                 0x000002ff   Thumb Code     0  libshutdown2.o(.ARM.Collect$$libshutdown$$0000000F)
    __rt_lib_shutdown_signal_1               0x000002ff   Thumb Code     0  libshutdown2.o(.ARM.Collect$$libshutdown$$00000009)
    __rt_lib_shutdown_stdio_1                0x000002ff   Thumb Code     0  libshutdown2.o(.ARM.Collect$$libshutdown$$00000003)
    __rt_lib_shutdown_user_alloc_1           0x000002ff   Thumb Code     0  libshutdown2.o(.ARM.Collect$$libshutdown$$0000000B)
    __rt_entry                               0x00000301   Thumb Code     0  rtentry.o(.ARM.Collect$$rtentry$$00000000)
    __rt_entry_presh_1                       0x00000301   Thumb Code     0  rtentry2.o(.ARM.Collect$$rtentry$$00000002)
    __rt_entry_sh                            0x00000301   Thumb Code     0  rtentry4.o(.ARM.Collect$$rtentry$$00000004)
    __rt_entry_li                            0x00000307   Thumb Code     0  rtentry2.o(.ARM.Collect$$rtentry$$0000000A)
    __rt_entry_postsh_1                      0x00000307   Thumb Code     0  rtentry2.o(.ARM.Collect$$rtentry$$00000009)
    __rt_entry_main                          0x0000030b   Thumb Code     0  rtentry2.o(.ARM.Collect$$rtentry$$0000000D)
    __rt_entry_postli_1                      0x0000030b   Thumb Code     0  rtentry2.o(.ARM.Collect$$rtentry$$0000000C)
    __rt_exit                                0x00000313   Thumb Code     0  rtexit.o(.ARM.Collect$$rtexit$$00000000)
    __rt_exit_ls                             0x00000315   Thumb Code     0  rtexit2.o(.ARM.Collect$$rtexit$$00000003)
    __rt_exit_prels_1                        0x00000315   Thumb Code     0  rtexit2.o(.ARM.Collect$$rtexit$$00000002)
    __rt_exit_exit                           0x00000319   Thumb Code     0  rtexit2.o(.ARM.Collect$$rtexit$$00000004)
    Random_Init                              0x00000321   Thumb Code     0  random.o(.text)
    Random32                                 0x0000032b   Thumb Code     2  random.o(.text)
    Random                                   0x0000033d   Thumb Code     2  random.o(.text)
    DisableInterrupts                        0x00000361   Thumb Code     0  startup.o(.text)
    EnableInterrupts                         0x00000365   Thumb Code     0  startup.o(.text)
    StartCritical                            0x00000369   Thumb Code     0  startup.o(.text)
    EndCritical                              0x00000371   Thumb Code     0  startup.o(.text)
    WaitForInterrupt                         0x00000377   Thumb Code     0  startup.o(.text)
    __user_initial_stackheap                 0x0000037b   Thumb Code     0  startup.o(.text)
    __use_two_region_memory                  0x00000391   Thumb Code     2  heapauxi.o(.text)
    __rt_heap_escrow$2region                 0x00000393   Thumb Code     2  heapauxi.o(.text)
    __rt_heap_expand$2region                 0x00000395   Thumb Code     2  heapauxi.o(.text)
    __user_setup_stackheap                   0x00000397   Thumb Code    74  sys_stackheap_outer.o(.text)
    exit                                     0x000003e1   Thumb Code    12  exit.o(.text)
    __user_libspace                          0x000003ed   Thumb Code     8  libspace.o(.text)
    __user_perproc_libspace                  0x000003ed   Thumb Code     0  libspace.o(.text)
    __user_perthread_libspace                0x000003ed   Thumb Code     0  libspace.o(.text)
    _sys_exit                                0x000003f5   Thumb Code     8  sys_exit.o(.text)
    __I$use$semihosting                      0x00000401   Thumb Code     0  use_no_semi.o(.text)
    __use_no_semihosting_swi                 0x00000401   Thumb Code     2  use_no_semi.o(.text)
    __semihosting_library_function           0x00000403   Thumb Code     0  indicate_semi.o(.text)
    ADC0_In                                  0x00000405   Thumb Code    46  adc.o(i.ADC0_In)
    ADC0_Init                                0x0000043d   Thumb Code   160  adc.o(i.ADC0_Init)
    ADC1_In                                  0x00000505   Thumb Code     6  texas.o(i.ADC1_In)
    ADC1_Init                                0x00000511   Thumb Code   174  texas.o(i.ADC1_Init)
    DAC_Init                                 0x000005e5   Thumb Code    92  dac.o(i.DAC_Init)
    DAC_Out                                  0x00000661   Thumb Code    10  dac.o(i.DAC_Out)
    Enemy_ControlDeath                       0x00000671   Thumb Code    60  enemy.o(i.Enemy_ControlDeath)
    Enemy_Draw                               0x000006ad   Thumb Code   122  enemy.o(i.Enemy_Draw)
    Enemy_InitEnemy                          0x00000727   Thumb Code    34  enemy.o(i.Enemy_InitEnemy)
    Enemy_NextPos                            0x00000749   Thumb Code   176  enemy.o(i.Enemy_NextPos)
    Enemy_NextState                          0x000007f9   Thumb Code    46  enemy.o(i.Enemy_NextState)
    Enemy_Reset                              0x0000082d   Thumb Code    10  enemy.o(i.Enemy_Reset)
    Enemy_Shoots                             0x00000837   Thumb Code   166  enemy.o(i.Enemy_Shoots)
    GPIOPortE_Handler                        0x000008dd   Thumb Code    50  switches.o(i.GPIOPortE_Handler)
    GameEngine_Init                          0x0000091d   Thumb Code    76  gameenginecycle.o(i.GameEngine_Init)
    Nokia5110_AskLastPixel                   0x000009a5   Thumb Code    70  nokia5110.o(i.Nokia5110_AskLastPixel)
    Nokia5110_AskPixel                       0x000009f1   Thumb Code    70  nokia5110.o(i.Nokia5110_AskPixel)
    Nokia5110_Clear                          0x00000a3d   Thumb Code    32  nokia5110.o(i.Nokia5110_Clear)
    Nokia5110_ClearBuffer                    0x00000a5d   Thumb Code    20  nokia5110.o(i.Nokia5110_ClearBuffer)
    Nokia5110_DisplayBuffer                  0x00000a75   Thumb Code    10  nokia5110.o(i.Nokia5110_DisplayBuffer)
    Nokia5110_DrawFullImage                  0x00000a85   Thumb Code    34  nokia5110.o(i.Nokia5110_DrawFullImage)
    Nokia5110_Init                           0x00000aa9   Thumb Code   316  nokia5110.o(i.Nokia5110_Init)
    Nokia5110_OutChar_4x4pix_toBuffer        0x00000c15   Thumb Code   194  nokia5110.o(i.Nokia5110_OutChar_4x4pix_toBuffer)
    Nokia5110_OutString_4x4pix_toBuffer      0x00000ce1   Thumb Code    44  nokia5110.o(i.Nokia5110_OutString_4x4pix_toBuffer)
    Nokia5110_OutUDec_4x4pix_toBuffer        0x00000d0d   Thumb Code    88  nokia5110.o(i.Nokia5110_OutUDec_4x4pix_toBuffer)
    Nokia5110_PrintBMP                       0x00000d65   Thumb Code   420  nokia5110.o(i.Nokia5110_PrintBMP)
    Nokia5110_SaveLastBuffer                 0x00000f0d   Thumb Code    22  nokia5110.o(i.Nokia5110_SaveLastBuffer)
    Nokia5110_SetCursor                      0x00000f2d   Thumb Code    48  nokia5110.o(i.Nokia5110_SetCursor)
    Nokia5110_SetPixel                       0x00000f5d   Thumb Code    64  nokia5110.o(i.Nokia5110_SetPixel)
    PLL_Init                                 0x00000fa1   Thumb Code   118  texas.o(i.PLL_Init)
    PlayerShip_ControlShip                   0x0000101d   Thumb Code   178  playership.o(i.PlayerShip_ControlShip)
    PlayerShip_Draw                          0x000010d9   Thumb Code    26  playership.o(i.PlayerShip_Draw)
    PlayerShip_IncreaseScore                 0x000010f3   Thumb Code    22  playership.o(i.PlayerShip_IncreaseScore)
    PlayerShip_InitShip                      0x00001109   Thumb Code   120  playership.o(i.PlayerShip_InitShip)
    PlayerShip_Reset                         0x00001181   Thumb Code     8  playership.o(i.PlayerShip_Reset)
    PlayerShip_Shoots                        0x00001189   Thumb Code   328  playership.o(i.PlayerShip_Shoots)
    PlayerShip_hasLives                      0x000012d5   Thumb Code    14  playership.o(i.PlayerShip_hasLives)
    PlayerShip_isDead                        0x000012e3   Thumb Code    16  playership.o(i.PlayerShip_isDead)
    SetCode                                  0x000012f5   Thumb Code    20  texas.o(i.SetCode)
    SetCourse                                0x0000130d   Thumb Code    20  texas.o(i.SetCourse)
    SlidePot_Convert                         0x00001325   Thumb Code    48  slidepot.o(i.SlidePot_Convert)
    SlidePot_Init                            0x00001359   Thumb Code     8  slidepot.o(i.SlidePot_Init)
    SlidePot_toPixelY                        0x00001361   Thumb Code    66  slidepot.o(i.SlidePot_toPixelY)
    Sound_Highpitch                          0x000013a5   Thumb Code    14  sound.o(i.Sound_Highpitch)
    Sound_Init                               0x000013b9   Thumb Code    26  sound.o(i.Sound_Init)
    Sound_Play                               0x000013dd   Thumb Code    26  sound.o(i.Sound_Play)
    Sound_Shoot                              0x00001405   Thumb Code    14  sound.o(i.Sound_Shoot)
    SwitchesInit                             0x00001419   Thumb Code   172  switches.o(i.SwitchesInit)
    SysTick_Handler                          0x000014f5   Thumb Code   336  gameenginecycle.o(i.SysTick_Handler)
    SysTick_Init                             0x00001699   Thumb Code    22  gameenginecycle.o(i.SysTick_Init)
    TExaS_Init                               0x000016b1   Thumb Code   324  texas.o(i.TExaS_Init)
    Terrain_GroundNextY                      0x00001875   Thumb Code    74  terrain.o(i.Terrain_GroundNextY)
    Terrain_InitTerrain                      0x000018bf   Thumb Code    74  terrain.o(i.Terrain_InitTerrain)
    Terrain_ShowTerrain                      0x00001909   Thumb Code   180  terrain.o(i.Terrain_ShowTerrain)
    Timer2A_Handler                          0x000019bd   Thumb Code    58  sound.o(i.Timer2A_Handler)
    Timer2A_Start                            0x00001a09   Thumb Code    14  sound.o(i.Timer2A_Start)
    Timer2A_Stop                             0x00001a1d   Thumb Code    14  sound.o(i.Timer2A_Stop)
    Timer2_Init                              0x00001a31   Thumb Code    80  sound.o(i.Timer2_Init)
    Timer4A_Handler                          0x00001a91   Thumb Code    20  texas.o(i.Timer4A_Handler)
    Timer5A_Handler                          0x00001ab1   Thumb Code    34  texas.o(i.Timer5A_Handler)
    UART0_Init                               0x00001ae1   Thumb Code   160  texas.o(i.UART0_Init)
    _ShowHUD                                 0x00001ba1   Thumb Code    88  gameenginecycle.o(i._ShowHUD)
    main                                     0x00001c55   Thumb Code   106  mainthread.o(i.main)
    StartImage                               0x00001cd8   Data        1879  mainthread.o(.constdata)
    NoInputMsg                               0x0000242f   Data          40  texas.o(.constdata)
    OutputPortMsg0                           0x00002457   Data          40  texas.o(.constdata)
    OutputPortMsg1                           0x0000247f   Data          40  texas.o(.constdata)
    OutputPortMsg2                           0x000024a7   Data          40  texas.o(.constdata)
    OutputPortMsg3                           0x000024cf   Data          40  texas.o(.constdata)
    BlankMsg                                 0x000024f7   Data          40  texas.o(.constdata)
    InitializedMsg                           0x0000251f   Data          40  texas.o(.constdata)
    IntroMsg                                 0x00002547   Data          40  texas.o(.constdata)
    DoneMsg                                  0x0000256f   Data          40  texas.o(.constdata)
    shoot                                    0x000028f3   Data        4080  sound.o(.constdata)
    invaderkilled                            0x000038e3   Data        3377  sound.o(.constdata)
    explosion                                0x00004614   Data        2000  sound.o(.constdata)
    fastinvader1                             0x00004de4   Data         982  sound.o(.constdata)
    fastinvader2                             0x000051ba   Data        1042  sound.o(.constdata)
    fastinvader3                             0x000055cc   Data        1054  sound.o(.constdata)
    fastinvader4                             0x000059ea   Data        1098  sound.o(.constdata)
    highpitch                                0x00005e34   Data        1802  sound.o(.constdata)
    PlayerShipCenter                         0x0000653e   Data         175  gameenginecycle.o(.constdata)
    PlayerShipDown                           0x000065ed   Data         175  gameenginecycle.o(.constdata)
    PlayerShipUp                             0x0000669c   Data         175  gameenginecycle.o(.constdata)
    PlayerShipDestruction1                   0x0000674b   Data         175  gameenginecycle.o(.constdata)
    PlayerShipDestruction2                   0x000067fa   Data         175  gameenginecycle.o(.constdata)
    PlayerShipDestruction3                   0x000068a9   Data         175  gameenginecycle.o(.constdata)
    enemy1Alive1                             0x00006958   Data         183  gameenginecycle.o(.constdata)
    enemy1Alive2                             0x00006a0f   Data         183  gameenginecycle.o(.constdata)
    enemy1Alive3                             0x00006ac6   Data         183  gameenginecycle.o(.constdata)
    enemy1Dying1                             0x00006b7d   Data         183  gameenginecycle.o(.constdata)
    enemy1Dying2                             0x00006c34   Data         183  gameenginecycle.o(.constdata)
    enemyFSM                                 0x00006cec   Data          36  enemy.o(.constdata)
    PlayerShipFSM                            0x00006d10   Data          84  playership.o(.constdata)
    Region$$Table$$Base                      0x00006d64   Number         0  anon$$obj.o(Region$$Table)
    Region$$Table$$Limit                     0x00006d84   Number         0  anon$$obj.o(Region$$Table)
    Flag                                     0x20000000   Data           1  mainthread.o(.data)
    TExaS_Period                             0x20000004   Data           4  texas.o(.data)
    TExaS_Ports                              0x20000008   Data           8  texas.o(.data)
    Display                                  0x20000010   Data           1  texas.o(.data)
    TExaS_Meter                              0x20000014   Data           4  texas.o(.data)
    ADCnum                                   0x20000018   Data           4  texas.o(.data)
    LastMode                                 0x2000001c   Data           4  texas.o(.data)
    bFlag                                    0x20000020   Data           4  texas.o(.data)
    Count                                    0x20000024   Data           4  texas.o(.data)
    DelayBetweenTests                        0x20000028   Data           4  texas.o(.data)
    TExaS_Test                               0x2000002c   Data           4  texas.o(.data)
    ScopeMode                                0x20000030   Data           4  texas.o(.data)
    ScopeCount                               0x20000034   Data           4  texas.o(.data)
    Index                                    0x20000038   Data           4  sound.o(.data)
    Wave                                     0x2000003c   Data           4  sound.o(.data)
    SoundCounter                             0x20000040   Data           4  sound.o(.data)
    Switch_shoot                             0x20000044   Data           1  gameenginecycle.o(.data)
    Switch_special                           0x20000045   Data           1  gameenginecycle.o(.data)
    PixelY                                   0x20000046   Data           1  gameenginecycle.o(.data)
    interruptCounter                         0x20000048   Data           4  gameenginecycle.o(.data)
    TExaS                                    0x20000058   Data          56  texas.o(.bss)
    Screen                                   0x20000090   Data         504  nokia5110.o(.bss)
    ScreenLast                               0x20000288   Data         504  nokia5110.o(.bss)
    terrain                                  0x20000480   Data         254  gameenginecycle.o(.bss)
    enemy                                    0x20000580   Data         160  gameenginecycle.o(.bss)
    playerShip                               0x20000620   Data          48  gameenginecycle.o(.bss)
    __libspace_start                         0x20000650   Data          96  libspace.o(.bss)
    __temporary_stack_top$libspace           0x200006b0   Data           0  libspace.o(.bss)



==============================================================================

Memory Map of the image

  Image Entry point : 0x0000026d

  Load Region LR_1 (Base: 0x00000000, Size: 0x00006dd8, Max: 0xffffffff, ABSOLUTE)

    Execution Region ER_RO (Base: 0x00000000, Size: 0x00006d84, Max: 0xffffffff, ABSOLUTE)

    Base Addr    Size         Type   Attr      Idx    E Section Name        Object

    0x00000000   0x00000284   Code   RO          182  * RESET               startup.o
    0x00000284   0x00000008   Code   RO          764  * !!!main             c_w.l(__main.o)
    0x0000028c   0x00000034   Code   RO          918    !!!scatter          c_w.l(__scatter.o)
    0x000002c0   0x0000001a   Code   RO          920    !!handler_copy      c_w.l(__scatter_copy.o)
    0x000002da   0x00000002   PAD
    0x000002dc   0x0000001c   Code   RO          922    !!handler_zi        c_w.l(__scatter_zi.o)
    0x000002f8   0x00000002   Code   RO          791    .ARM.Collect$$libinit$$00000000  c_w.l(libinit.o)
    0x000002fa   0x00000000   Code   RO          798    .ARM.Collect$$libinit$$00000002  c_w.l(libinit2.o)
    0x000002fa   0x00000000   Code   RO          801    .ARM.Collect$$libinit$$00000008  c_w.l(libinit2.o)
    0x000002fa   0x00000000   Code   RO          803    .ARM.Collect$$libinit$$0000000A  c_w.l(libinit2.o)
    0x000002fa   0x00000000   Code   RO          805    .ARM.Collect$$libinit$$0000000C  c_w.l(libinit2.o)
    0x000002fa   0x00000000   Code   RO          808    .ARM.Collect$$libinit$$0000000F  c_w.l(libinit2.o)
    0x000002fa   0x00000000   Code   RO          810    .ARM.Collect$$libinit$$00000011  c_w.l(libinit2.o)
    0x000002fa   0x00000000   Code   RO          812    .ARM.Collect$$libinit$$00000013  c_w.l(libinit2.o)
    0x000002fa   0x00000000   Code   RO          814    .ARM.Collect$$libinit$$00000015  c_w.l(libinit2.o)
    0x000002fa   0x00000000   Code   RO          816    .ARM.Collect$$libinit$$00000017  c_w.l(libinit2.o)
    0x000002fa   0x00000000   Code   RO          818    .ARM.Collect$$libinit$$00000019  c_w.l(libinit2.o)
    0x000002fa   0x00000000   Code   RO          820    .ARM.Collect$$libinit$$0000001B  c_w.l(libinit2.o)
    0x000002fa   0x00000000   Code   RO          822    .ARM.Collect$$libinit$$0000001D  c_w.l(libinit2.o)
    0x000002fa   0x00000000   Code   RO          824    .ARM.Collect$$libinit$$0000001F  c_w.l(libinit2.o)
    0x000002fa   0x00000000   Code   RO          826    .ARM.Collect$$libinit$$00000021  c_w.l(libinit2.o)
    0x000002fa   0x00000000   Code   RO          828    .ARM.Collect$$libinit$$00000023  c_w.l(libinit2.o)
    0x000002fa   0x00000000   Code   RO          832    .ARM.Collect$$libinit$$0000002A  c_w.l(libinit2.o)
    0x000002fa   0x00000000   Code   RO          834    .ARM.Collect$$libinit$$0000002C  c_w.l(libinit2.o)
    0x000002fa   0x00000000   Code   RO          836    .ARM.Collect$$libinit$$0000002E  c_w.l(libinit2.o)
    0x000002fa   0x00000000   Code   RO          838    .ARM.Collect$$libinit$$00000030  c_w.l(libinit2.o)
    0x000002fa   0x00000002   Code   RO          839    .ARM.Collect$$libinit$$00000031  c_w.l(libinit2.o)
    0x000002fc   0x00000002   Code   RO          859    .ARM.Collect$$libshutdown$$00000000  c_w.l(libshutdown.o)
    0x000002fe   0x00000000   Code   RO          873    .ARM.Collect$$libshutdown$$00000003  c_w.l(libshutdown2.o)
    0x000002fe   0x00000000   Code   RO          876    .ARM.Collect$$libshutdown$$00000006  c_w.l(libshutdown2.o)
    0x000002fe   0x00000000   Code   RO          879    .ARM.Collect$$libshutdown$$00000009  c_w.l(libshutdown2.o)
    0x000002fe   0x00000000   Code   RO          881    .ARM.Collect$$libshutdown$$0000000B  c_w.l(libshutdown2.o)
    0x000002fe   0x00000000   Code   RO          884    .ARM.Collect$$libshutdown$$0000000E  c_w.l(libshutdown2.o)
    0x000002fe   0x00000002   Code   RO          885    .ARM.Collect$$libshutdown$$0000000F  c_w.l(libshutdown2.o)
    0x00000300   0x00000000   Code   RO          766    .ARM.Collect$$rtentry$$00000000  c_w.l(rtentry.o)
    0x00000300   0x00000000   Code   RO          768    .ARM.Collect$$rtentry$$00000002  c_w.l(rtentry2.o)
    0x00000300   0x00000006   Code   RO          780    .ARM.Collect$$rtentry$$00000004  c_w.l(rtentry4.o)
    0x00000306   0x00000000   Code   RO          770    .ARM.Collect$$rtentry$$00000009  c_w.l(rtentry2.o)
    0x00000306   0x00000004   Code   RO          771    .ARM.Collect$$rtentry$$0000000A  c_w.l(rtentry2.o)
    0x0000030a   0x00000000   Code   RO          773    .ARM.Collect$$rtentry$$0000000C  c_w.l(rtentry2.o)
    0x0000030a   0x00000008   Code   RO          774    .ARM.Collect$$rtentry$$0000000D  c_w.l(rtentry2.o)
    0x00000312   0x00000002   Code   RO          795    .ARM.Collect$$rtexit$$00000000  c_w.l(rtexit.o)
    0x00000314   0x00000000   Code   RO          841    .ARM.Collect$$rtexit$$00000002  c_w.l(rtexit2.o)
    0x00000314   0x00000004   Code   RO          842    .ARM.Collect$$rtexit$$00000003  c_w.l(rtexit2.o)
    0x00000318   0x00000006   Code   RO          843    .ARM.Collect$$rtexit$$00000004  c_w.l(rtexit2.o)
    0x0000031e   0x00000002   PAD
    0x00000320   0x00000040   Code   RO          176    .text               random.o
    0x00000360   0x00000030   Code   RO          183    .text               startup.o
    0x00000390   0x00000006   Code   RO          762    .text               c_w.l(heapauxi.o)
    0x00000396   0x0000004a   Code   RO          782    .text               c_w.l(sys_stackheap_outer.o)
    0x000003e0   0x0000000c   Code   RO          784    .text               c_w.l(exit.o)
    0x000003ec   0x00000008   Code   RO          792    .text               c_w.l(libspace.o)
    0x000003f4   0x0000000c   Code   RO          851    .text               c_w.l(sys_exit.o)
    0x00000400   0x00000002   Code   RO          862    .text               c_w.l(use_no_semi.o)
    0x00000402   0x00000000   Code   RO          864    .text               c_w.l(indicate_semi.o)
    0x00000402   0x00000002   PAD
    0x00000404   0x00000038   Code   RO          189    i.ADC0_In           adc.o
    0x0000043c   0x000000c8   Code   RO          190    i.ADC0_Init         adc.o
    0x00000504   0x0000000c   Code   RO           56    i.ADC1_In           texas.o
    0x00000510   0x000000d4   Code   RO           57    i.ADC1_Init         texas.o
    0x000005e4   0x0000007c   Code   RO          397    i.DAC_Init          dac.o
    0x00000660   0x00000010   Code   RO          398    i.DAC_Out           dac.o
    0x00000670   0x0000003c   Code   RO          593    i.Enemy_ControlDeath  enemy.o
    0x000006ac   0x0000007a   Code   RO          594    i.Enemy_Draw        enemy.o
    0x00000726   0x00000022   Code   RO          595    i.Enemy_InitEnemy   enemy.o
    0x00000748   0x000000b0   Code   RO          596    i.Enemy_NextPos     enemy.o
    0x000007f8   0x00000034   Code   RO          597    i.Enemy_NextState   enemy.o
    0x0000082c   0x0000000a   Code   RO          598    i.Enemy_Reset       enemy.o
    0x00000836   0x000000a6   Code   RO          599    i.Enemy_Shoots      enemy.o
    0x000008dc   0x00000040   Code   RO          237    i.GPIOPortE_Handler  switches.o
    0x0000091c   0x00000088   Code   RO          521    i.GameEngine_Init   gameenginecycle.o
    0x000009a4   0x0000004c   Code   RO          259    i.Nokia5110_AskLastPixel  nokia5110.o
    0x000009f0   0x0000004c   Code   RO          260    i.Nokia5110_AskPixel  nokia5110.o
    0x00000a3c   0x00000020   Code   RO          261    i.Nokia5110_Clear   nokia5110.o
    0x00000a5c   0x00000018   Code   RO          262    i.Nokia5110_ClearBuffer  nokia5110.o
    0x00000a74   0x00000010   Code   RO          264    i.Nokia5110_DisplayBuffer  nokia5110.o
    0x00000a84   0x00000022   Code   RO          265    i.Nokia5110_DrawFullImage  nokia5110.o
    0x00000aa6   0x00000002   PAD
    0x00000aa8   0x0000016c   Code   RO          266    i.Nokia5110_Init    nokia5110.o
    0x00000c14   0x000000cc   Code   RO          269    i.Nokia5110_OutChar_4x4pix_toBuffer  nokia5110.o
    0x00000ce0   0x0000002c   Code   RO          272    i.Nokia5110_OutString_4x4pix_toBuffer  nokia5110.o
    0x00000d0c   0x00000058   Code   RO          274    i.Nokia5110_OutUDec_4x4pix_toBuffer  nokia5110.o
    0x00000d64   0x000001a8   Code   RO          275    i.Nokia5110_PrintBMP  nokia5110.o
    0x00000f0c   0x00000020   Code   RO          276    i.Nokia5110_SaveLastBuffer  nokia5110.o
    0x00000f2c   0x00000030   Code   RO          277    i.Nokia5110_SetCursor  nokia5110.o
    0x00000f5c   0x00000044   Code   RO          278    i.Nokia5110_SetPixel  nokia5110.o
    0x00000fa0   0x0000007c   Code   RO           58    i.PLL_Init          texas.o
    0x0000101c   0x000000bc   Code   RO          686    i.PlayerShip_ControlShip  playership.o
    0x000010d8   0x0000001a   Code   RO          687    i.PlayerShip_Draw   playership.o
    0x000010f2   0x00000016   Code   RO          688    i.PlayerShip_IncreaseScore  playership.o
    0x00001108   0x00000078   Code   RO          689    i.PlayerShip_InitShip  playership.o
    0x00001180   0x00000008   Code   RO          690    i.PlayerShip_Reset  playership.o
    0x00001188   0x0000014c   Code   RO          691    i.PlayerShip_Shoots  playership.o
    0x000012d4   0x0000000e   Code   RO          692    i.PlayerShip_hasLives  playership.o
    0x000012e2   0x00000010   Code   RO          693    i.PlayerShip_isDead  playership.o
    0x000012f2   0x00000002   PAD
    0x000012f4   0x00000018   Code   RO           59    i.SetCode           texas.o
    0x0000130c   0x00000018   Code   RO           60    i.SetCourse         texas.o
    0x00001324   0x00000034   Code   RO          213    i.SlidePot_Convert  slidepot.o
    0x00001358   0x00000008   Code   RO          214    i.SlidePot_Init     slidepot.o
    0x00001360   0x00000042   Code   RO          215    i.SlidePot_toPixelY  slidepot.o
    0x000013a2   0x00000002   PAD
    0x000013a4   0x00000014   Code   RO          426    i.Sound_Highpitch   sound.o
    0x000013b8   0x00000024   Code   RO          427    i.Sound_Init        sound.o
    0x000013dc   0x00000028   Code   RO          429    i.Sound_Play        sound.o
    0x00001404   0x00000014   Code   RO          430    i.Sound_Shoot       sound.o
    0x00001418   0x000000dc   Code   RO          238    i.SwitchesInit      switches.o
    0x000014f4   0x000001a4   Code   RO          522    i.SysTick_Handler   gameenginecycle.o
    0x00001698   0x00000016   Code   RO          523    i.SysTick_Init      gameenginecycle.o
    0x000016ae   0x00000002   PAD
    0x000016b0   0x000001c4   Code   RO           64    i.TExaS_Init        texas.o
    0x00001874   0x0000004a   Code   RO          659    i.Terrain_GroundNextY  terrain.o
    0x000018be   0x0000004a   Code   RO          660    i.Terrain_InitTerrain  terrain.o
    0x00001908   0x000000b4   Code   RO          661    i.Terrain_ShowTerrain  terrain.o
    0x000019bc   0x0000004c   Code   RO          431    i.Timer2A_Handler   sound.o
    0x00001a08   0x00000014   Code   RO          432    i.Timer2A_Start     sound.o
    0x00001a1c   0x00000014   Code   RO          433    i.Timer2A_Stop      sound.o
    0x00001a30   0x00000060   Code   RO          434    i.Timer2_Init       sound.o
    0x00001a90   0x00000020   Code   RO           66    i.Timer4A_Handler   texas.o
    0x00001ab0   0x00000030   Code   RO           67    i.Timer5A_Handler   texas.o
    0x00001ae0   0x000000c0   Code   RO           70    i.UART0_Init        texas.o
    0x00001ba0   0x00000068   Code   RO          524    i._ShowHUD          gameenginecycle.o
    0x00001c08   0x0000004c   Code   RO          279    i.lcdwrite          nokia5110.o
    0x00001c54   0x00000084   Code   RO            2    i.main              mainthread.o
    0x00001cd8   0x00000757   Data   RO            3    .constdata          mainthread.o
    0x0000242f   0x00000168   Data   RO           75    .constdata          texas.o
    0x00002597   0x0000035c   Data   RO          281    .constdata          nokia5110.o
    0x000028f3   0x00003c4b   Data   RO          435    .constdata          sound.o
    0x0000653e   0x000007ad   Data   RO          526    .constdata          gameenginecycle.o
    0x00006ceb   0x00000001   PAD
    0x00006cec   0x00000024   Data   RO          600    .constdata          enemy.o
    0x00006d10   0x00000054   Data   RO          694    .constdata          playership.o
    0x00006d64   0x00000020   Data   RO          916    Region$$Table       anon$$obj.o


    Execution Region ER_RW (Base: 0x20000000, Size: 0x00000054, Max: 0xffffffff, ABSOLUTE)

    Base Addr    Size         Type   Attr      Idx    E Section Name        Object

    0x20000000   0x00000001   Data   RW            4    .data               mainthread.o
    0x20000001   0x00000003   PAD
    0x20000004   0x00000034   Data   RW           76    .data               texas.o
    0x20000038   0x0000000c   Data   RW          436    .data               sound.o
    0x20000044   0x00000008   Data   RW          527    .data               gameenginecycle.o
    0x2000004c   0x00000001   Data   RW          695    .data               playership.o
    0x2000004d   0x00000003   PAD
    0x20000050   0x00000004   Data   RW          175    DATA                random.o


    Execution Region ER_ZI (Base: 0x20000054, Size: 0x00000a5c, Max: 0xffffffff, ABSOLUTE)

    Base Addr    Size         Type   Attr      Idx    E Section Name        Object

    0x20000054   0x00000004   PAD
    0x20000058   0x00000038   Zero   RW           74    .bss                texas.o
    0x20000090   0x000003f0   Zero   RW          280    .bss                nokia5110.o
    0x20000480   0x000001d0   Zero   RW          525    .bss                gameenginecycle.o
    0x20000650   0x00000060   Zero   RW          793    .bss                c_w.l(libspace.o)
    0x200006b0   0x00000000   Zero   RW          181    HEAP                startup.o
    0x200006b0   0x00000400   Zero   RW          180    STACK               startup.o


==============================================================================

Image component sizes


      Code (inc. data)   RO Data    RW Data    ZI Data      Debug   Object Name

       256         50          0          0          0        830   adc.o
       140         38          0          0          0        773   dac.o
       620          6         36          0          0       5618   enemy.o
       682        160       1965          8        464       6207   gameenginecycle.o
       132         26       1879          1          0       2677   mainthread.o
      1606        108        860          0       1008      10622   nokia5110.o
       726         14         84          1          0       6333   playership.o
        64         14          0          4          0        224   random.o
       126          4          0          0          0       1507   slidepot.o
       328         82      15435         12          0       4051   sound.o
       692        632          0          0       1024        856   startup.o
       284         62          0          0          0        831   switches.o
       328          0          0          0          0       2490   terrain.o
      1120        244        360         52         56      15536   texas.o

    ----------------------------------------------------------------------
      7112       1440      20652         84       2556      58555   Object Totals
         0          0         32          0          0          0   (incl. Generated)
         8          0          1          6          4          0   (incl. Padding)

    ----------------------------------------------------------------------

      Code (inc. data)   RO Data    RW Data    ZI Data      Debug   Library Member Name

         8          0          0          0          0         68   __main.o
        52          8          0          0          0          0   __scatter.o
        26          0          0          0          0          0   __scatter_copy.o
        28          0          0          0          0          0   __scatter_zi.o
        12          0          0          0          0         72   exit.o
         6          0          0          0          0        152   heapauxi.o
         0          0          0          0          0          0   indicate_semi.o
         2          0          0          0          0          0   libinit.o
         2          0          0          0          0          0   libinit2.o
         2          0          0          0          0          0   libshutdown.o
         2          0          0          0          0          0   libshutdown2.o
         8          4          0          0         96         68   libspace.o
         0          0          0          0          0          0   rtentry.o
        12          0          0          0          0          0   rtentry2.o
         6          0          0          0          0          0   rtentry4.o
         2          0          0          0          0          0   rtexit.o
        10          0          0          0          0          0   rtexit2.o
        12          4          0          0          0         68   sys_exit.o
        74          0          0          0          0         80   sys_stackheap_outer.o
         2          0          0          0          0         68   use_no_semi.o

    ----------------------------------------------------------------------
       272         16          0          0         96        576   Library Totals
         6          0          0          0          0          0   (incl. Padding)

    ----------------------------------------------------------------------

      Code (inc. data)   RO Data    RW Data    ZI Data      Debug   Library Name

       266         16          0          0         96        576   c_w.l

    ----------------------------------------------------------------------
       272         16          0          0         96        576   Library Totals

    ----------------------------------------------------------------------

==============================================================================


      Code (inc. data)   RO Data    RW Data    ZI Data      Debug   

      7384       1456      20652         84       2652      55699   Grand Totals
      7384       1456      20652         84       2652      55699   ELF Image Totals
      7384       1456      20652         84          0          0   ROM Totals

==============================================================================

    Total RO  Size (Code + RO Data)                28036 (  27.38kB)
    Total RW  Size (RW Data + ZI Data)              2736 (   2.67kB)
    Total ROM Size (Code + RO Data + RW Data)      28120 (  27.46kB)

==============================================================================

