ARM Linker, 5.03 [Build 76] [MDK-ARM Lite]

==============================================================================

Section Cross References

    mainthread.o(i.main) refers to texas.o(i.TExaS_Init) for TExaS_Init
    mainthread.o(i.main) refers to nokia5110.o(i.Nokia5110_Init) for Nokia5110_Init
    mainthread.o(i.main) refers to switches.o(i.SwitchesInit) for SwitchesInit
    mainthread.o(i.main) refers to sound.o(i.Sound_Init) for Sound_Init
    mainthread.o(i.main) refers to startup.o(.text) for EnableInterrupts
    mainthread.o(i.main) refers to nokia5110.o(i.Nokia5110_Clear) for Nokia5110_Clear
    mainthread.o(i.main) refers to slidepot.o(i.SlidePot_Init) for SlidePot_Init
    mainthread.o(i.main) refers to led.o(i.LED_Init) for LED_Init
    mainthread.o(i.main) refers to nokia5110.o(i.Nokia5110_PrintBMP) for Nokia5110_PrintBMP
    mainthread.o(i.main) refers to nokia5110.o(i.Nokia5110_OutString_4x4pix_toBuffer) for Nokia5110_OutString_4x4pix_toBuffer
    mainthread.o(i.main) refers to nokia5110.o(i.Nokia5110_DisplayBuffer) for Nokia5110_DisplayBuffer
    mainthread.o(i.main) refers to led.o(i.LED_SetGreen) for LED_SetGreen
    mainthread.o(i.main) refers to led.o(i.LED_SetYellow) for LED_SetYellow
    mainthread.o(i.main) refers to led.o(i.LED_ResetGreen) for LED_ResetGreen
    mainthread.o(i.main) refers to led.o(i.LED_ResetYellow) for LED_ResetYellow
    mainthread.o(i.main) refers to random.o(.text) for Random_Init
    mainthread.o(i.main) refers to gameenginecycle.o(i.GameEngine_Init) for GameEngine_Init
    mainthread.o(i.main) refers to nokia5110.o(i.Nokia5110_ClearBuffer) for Nokia5110_ClearBuffer
    mainthread.o(i.main) refers to nokia5110.o(i.Nokia5110_SaveLastBuffer) for Nokia5110_SaveLastBuffer
    mainthread.o(i.main) refers to playership.o(i.PlayerShip_isDead) for PlayerShip_isDead
    mainthread.o(i.main) refers to terrain.o(i.Terrain_Draw) for Terrain_Draw
    mainthread.o(i.main) refers to enemy.o(i.Enemy_Draw) for Enemy_Draw
    mainthread.o(i.main) refers to playership.o(i.PlayerShip_Draw) for PlayerShip_Draw
    mainthread.o(i.main) refers to playership.o(i.PlayerShip_Shoots) for PlayerShip_Shoots
    mainthread.o(i.main) refers to enemy.o(i.Enemy_Shoots) for Enemy_Shoots
    mainthread.o(i.main) refers to enemy.o(i.Enemy_ControlDeath) for Enemy_ControlDeath
    mainthread.o(i.main) refers to playership.o(i.PlayerShip_IncreaseScore) for PlayerShip_IncreaseScore
    mainthread.o(i.main) refers to mainthread.o(.constdata) for StartImage
    mainthread.o(i.main) refers to gameenginecycle.o(.data) for Switch_shoot
    mainthread.o(i.main) refers to mainthread.o(.data) for ExecuteMain
    mainthread.o(i.main) refers to mainthread.o(.bss) for playerShip
    texas.o(i.SetCode) refers to texas.o(.bss) for TExaS
    texas.o(i.SetCourse) refers to texas.o(.bss) for TExaS
    texas.o(i.SetMode) refers to texas.o(.bss) for TExaS
    texas.o(i.StartTimer4) refers to texas.o(.data) for ScopeCount
    texas.o(i.TExaS_Init) refers to texas.o(i.PLL_Init) for PLL_Init
    texas.o(i.TExaS_Init) refers to texas.o(i.SetCourse) for SetCourse
    texas.o(i.TExaS_Init) refers to texas.o(i.UART0_Init) for UART0_Init
    texas.o(i.TExaS_Init) refers to texas.o(i.SetCode) for SetCode
    texas.o(i.TExaS_Init) refers to texas.o(i.ADC1_Init) for ADC1_Init
    texas.o(i.TExaS_Init) refers to texas.o(.constdata) for IntroMsg
    texas.o(i.TExaS_Init) refers to texas.o(.bss) for TExaS
    texas.o(i.TExaS_Init) refers to texas.o(.data) for LastMode
    texas.o(i.Timer5A_Handler) refers to texas.o(i.ADC1_In) for ADC1_In
    texas.o(i.Timer5A_Handler) refers to texas.o(.data) for TExaS_Period
    random.o(.text) refers to random.o(DATA) for M
    startup.o(STACK) refers (Special) to heapauxi.o(.text) for __use_two_region_memory
    startup.o(HEAP) refers (Special) to heapauxi.o(.text) for __use_two_region_memory
    startup.o(RESET) refers (Special) to heapauxi.o(.text) for __use_two_region_memory
    startup.o(RESET) refers to startup.o(STACK) for StackMem
    startup.o(RESET) refers to gameenginecycle.o(i.SysTick_Handler) for SysTick_Handler
    startup.o(RESET) refers to switches.o(i.GPIOPortE_Handler) for GPIOPortE_Handler
    startup.o(RESET) refers to sound.o(i.Timer2A_Handler) for Timer2A_Handler
    startup.o(RESET) refers to texas.o(i.Timer4A_Handler) for Timer4A_Handler
    startup.o(RESET) refers to texas.o(i.Timer5A_Handler) for Timer5A_Handler
    startup.o(RESET) refers to __main.o(!!!main) for __main
    startup.o(.text) refers (Special) to heapauxi.o(.text) for __use_two_region_memory
    startup.o(.text) refers to startup.o(HEAP) for HeapMem
    startup.o(.text) refers to startup.o(STACK) for StackMem
    slidepot.o(i.SlidePot_Init) refers to adc.o(i.ADC0_Init) for ADC0_Init
    slidepot.o(i.SlidePot_toPixelY) refers to adc.o(i.ADC0_In) for ADC0_In
    slidepot.o(i.SlidePot_toPixelY) refers to slidepot.o(i.SlidePot_Convert) for SlidePot_Convert
[...]
    playership.o(i.PlayerShip_ControlShip) refers to nokia5110.o(i.Nokia5110_AskLastPixel) for Nokia5110_AskLastPixel
    playership.o(i.PlayerShip_ControlShip) refers to sound.o(i.Sound_Explosion) for Sound_Explosion
    playership.o(i.PlayerShip_ControlShip) refers to playership.o(.data) for PixelY_last
    playership.o(i.PlayerShip_ControlShip) refers to playership.o(.constdata) for PlayerShipFSM
    playership.o(i.PlayerShip_Draw) refers to nokia5110.o(i.Nokia5110_PrintBMP) for Nokia5110_PrintBMP
    playership.o(i.PlayerShip_Shoots) refers to sound.o(i.Sound_Shoot) for Sound_Shoot
    playership.o(i.PlayerShip_Shoots) refers to nokia5110.o(i.Nokia5110_SetPixel) for Nokia5110_SetPixel
    playership.o(i.PlayerShip_Shoots) refers to nokia5110.o(i.Nokia5110_AskLastPixel) for Nokia5110_AskLastPixel
    playership.o(i.PlayerShip_Shoots) refers to gameenginecycle.o(.data) for Switch_shoot
    playership.o(i.PlayerShip_specialShoot) refers to nokia5110.o(i.Nokia5110_PrintBMP) for Nokia5110_PrintBMP
    playership.o(i.PlayerShip_specialShoot) refers to sound.o(i.Sound_Fastinvader1) for Sound_Fastinvader1
    playership.o(i.PlayerShip_specialShoot) refers to gameenginecycle.o(.data) for Switch_special
    __main.o(!!!main) refers to rtentry.o(.ARM.Collect$$rtentry$$00000000) for __rt_entry
    rtentry.o(.ARM.Collect$$rtentry$$00000000) refers (Special) to rtentry2.o(.ARM.Collect$$rtentry$$0000000A) for __rt_entry_li
    rtentry.o(.ARM.Collect$$rtentry$$00000000) refers (Special) to rtentry2.o(.ARM.Collect$$rtentry$$0000000D) for __rt_entry_main
    rtentry.o(.ARM.Collect$$rtentry$$00000000) refers (Special) to rtentry2.o(.ARM.Collect$$rtentry$$0000000C) for __rt_entry_postli_1
    rtentry.o(.ARM.Collect$$rtentry$$00000000) refers (Special) to rtentry2.o(.ARM.Collect$$rtentry$$00000009) for __rt_entry_postsh_1
    rtentry.o(.ARM.Collect$$rtentry$$00000000) refers (Special) to rtentry2.o(.ARM.Collect$$rtentry$$00000002) for __rt_entry_presh_1
    rtentry.o(.ARM.Collect$$rtentry$$00000000) refers (Special) to rtentry4.o(.ARM.Collect$$rtentry$$00000004) for __rt_entry_sh
    rtentry2.o(.ARM.Collect$$rtentry$$00000008) refers to boardinit2.o(.text) for _platform_post_stackheap_init
    rtentry2.o(.ARM.Collect$$rtentry$$0000000A) refers to libinit.o(.ARM.Collect$$libinit$$00000000) for __rt_lib_init
    rtentry2.o(.ARM.Collect$$rtentry$$0000000B) refers to boardinit3.o(.text) for _platform_post_lib_init
    rtentry2.o(.ARM.Collect$$rtentry$$0000000D) refers to mainthread.o(i.main) for main
    rtentry2.o(.ARM.Collect$$rtentry$$0000000D) refers to exit.o(.text) for exit
    rtentry2.o(.ARM.exidx) refers to rtentry2.o(.ARM.Collect$$rtentry$$00000001) for .ARM.Collect$$rtentry$$00000001
    rtentry2.o(.ARM.exidx) refers to rtentry2.o(.ARM.Collect$$rtentry$$00000008) for .ARM.Collect$$rtentry$$00000008
    rtentry2.o(.ARM.exidx) refers to rtentry2.o(.ARM.Collect$$rtentry$$0000000A) for .ARM.Collect$$rtentry$$0000000A
    rtentry2.o(.ARM.exidx) refers to rtentry2.o(.ARM.Collect$$rtentry$$0000000B) for .ARM.Collect$$rtentry$$0000000B
    rtentry2.o(.ARM.exidx) refers to rtentry2.o(.ARM.Collect$$rtentry$$0000000D) for .ARM.Collect$$rtentry$$0000000D
    rtentry4.o(.ARM.Collect$$rtentry$$00000004) refers to sys_stackheap_outer.o(.text) for __user_setup_stackheap
    rtentry4.o(.ARM.exidx) refers to rtentry4.o(.ARM.Collect$$rtentry$$00000004) for .ARM.Collect$$rtentry$$00000004
    sys_stackheap_outer.o(.text) refers to libspace.o(.text) for __user_perproc_libspace
    sys_stackheap_outer.o(.text) refers to startup.o(.text) for __user_initial_stackheap
    exit.o(.text) refers to rtexit.o(.ARM.Collect$$rtexit$$00000000) for __rt_exit
    libinit.o(.ARM.Collect$$libinit$$00000000) refers (Special) to libinit2.o(.ARM.Collect$$libinit$$0000002C) for __rt_lib_init_alloca_1
    libinit.o(.ARM.Collect$$libinit$$00000000) refers (Special) to libinit2.o(.ARM.Collect$$libinit$$0000002A) for __rt_lib_init_argv_1
    libinit.o(.ARM.Collect$$libinit$$00000000) refers (Special) to libinit2.o(.ARM.Collect$$libinit$$00000019) for __rt_lib_init_atexit_1
    libinit.o(.ARM.Collect$$libinit$$00000000) refers (Special) to libinit2.o(.ARM.Collect$$libinit$$0000001F) for __rt_lib_init_clock_1
    libinit.o(.ARM.Collect$$libinit$$00000000) refers (Special) to libinit2.o(.ARM.Collect$$libinit$$00000030) for __rt_lib_init_cpp_1
    libinit.o(.ARM.Collect$$libinit$$00000000) refers (Special) to libinit2.o(.ARM.Collect$$libinit$$0000002E) for __rt_lib_init_exceptions_1
    libinit.o(.ARM.Collect$$libinit$$00000000) refers (Special) to libinit2.o(.ARM.Collect$$libinit$$00000002) for __rt_lib_init_fp_1
    libinit.o(.ARM.Collect$$libinit$$00000000) refers (Special) to libinit2.o(.ARM.Collect$$libinit$$0000001D) for __rt_lib_init_fp_trap_1
    libinit.o(.ARM.Collect$$libinit$$00000000) refers (Special) to libinit2.o(.ARM.Collect$$libinit$$00000021) for __rt_lib_init_getenv_1
    libinit.o(.ARM.Collect$$libinit$$00000000) refers (Special) to libinit2.o(.ARM.Collect$$libinit$$00000008) for __rt_lib_init_heap_1
    libinit.o(.ARM.Collect$$libinit$$00000000) refers (Special) to libinit2.o(.ARM.Collect$$libinit$$0000000F) for __rt_lib_init_lc_collate_1
    libinit.o(.ARM.Collect$$libinit$$00000000) refers (Special) to libinit2.o(.ARM.Collect$$libinit$$00000011) for __rt_lib_init_lc_ctype_1
    libinit.o(.ARM.Collect$$libinit$$00000000) refers (Special) to libinit2.o(.ARM.Collect$$libinit$$00000013) for __rt_lib_init_lc_monetary_1
    libinit.o(.ARM.Collect$$libinit$$00000000) refers (Special) to libinit2.o(.ARM.Collect$$libinit$$00000015) for __rt_lib_init_lc_numeric_1
    libinit.o(.ARM.Collect$$libinit$$00000000) refers (Special) to libinit2.o(.ARM.Collect$$libinit$$00000017) for __rt_lib_init_lc_time_1
    libinit.o(.ARM.Collect$$libinit$$00000000) refers (Special) to libinit2.o(.ARM.Collect$$libinit$$0000000C) for __rt_lib_init_rand_1
    libinit.o(.ARM.Collect$$libinit$$00000000) refers (Special) to libinit2.o(.ARM.Collect$$libinit$$00000031) for __rt_lib_init_return
    libinit.o(.ARM.Collect$$libinit$$00000000) refers (Special) to libinit2.o(.ARM.Collect$$libinit$$0000001B) for __rt_lib_init_signal_1
    libinit.o(.ARM.Collect$$libinit$$00000000) refers (Special) to libinit2.o(.ARM.Collect$$libinit$$00000023) for __rt_lib_init_stdio_1
    libinit.o(.ARM.Collect$$libinit$$00000000) refers (Special) to libinit2.o(.ARM.Collect$$libinit$$0000000A) for __rt_lib_init_user_alloc_1
    libspace.o(.text) refers to libspace.o(.bss) for __libspace_start
    rtexit.o(.ARM.Collect$$rtexit$$00000000) refers (Special) to rtexit2.o(.ARM.Collect$$rtexit$$00000004) for __rt_exit_exit
    rtexit.o(.ARM.Collect$$rtexit$$00000000) refers (Special) to rtexit2.o(.ARM.Collect$$rtexit$$00000003) for __rt_exit_ls
    rtexit.o(.ARM.Collect$$rtexit$$00000000) refers (Special) to rtexit2.o(.ARM.Collect$$rtexit$$00000002) for __rt_exit_prels_1
    rtexit.o(.ARM.exidx) refers (Special) to rtexit2.o(.ARM.Collect$$rtexit$$00000004) for __rt_exit_exit
    rtexit.o(.ARM.exidx) refers (Special) to rtexit2.o(.ARM.Collect$$rtexit$$00000003) for __rt_exit_ls
    rtexit.o(.ARM.exidx) refers (Special) to rtexit2.o(.ARM.Collect$$rtexit$$00000002) for __rt_exit_prels_1
    rtexit.o(.ARM.exidx) refers to rtexit.o(.ARM.Collect$$rtexit$$00000000) for .ARM.Collect$$rtexit$$00000000
    libinit2.o(.ARM.Collect$$libinit$$0000000E) refers to libinit2.o(.ARM.Collect$$libinit$$0000000D) for .ARM.Collect$$libinit$$0000000D
    libinit2.o(.ARM.Collect$$libinit$$00000010) refers to libinit2.o(.ARM.Collect$$libinit$$0000000D) for .ARM.Collect$$libinit$$0000000D
    libinit2.o(.ARM.Collect$$libinit$$00000012) refers to libinit2.o(.ARM.Collect$$libinit$$0000000D) for .ARM.Collect$$libinit$$0000000D
    libinit2.o(.ARM.Collect$$libinit$$00000014) refers to libinit2.o(.ARM.Collect$$libinit$$0000000D) for .ARM.Collect$$libinit$$0000000D
    libinit2.o(.ARM.Collect$$libinit$$00000016) refers to libinit2.o(.ARM.Collect$$libinit$$0000000D) for .ARM.Collect$$libinit$$0000000D
    libinit2.o(.ARM.Collect$$libinit$$00000024) refers to argv_veneer.o(.emb_text) for __ARM_argv_veneer
    libinit2.o(.ARM.Collect$$libinit$$00000025) refers to argv_veneer.o(.emb_text) for __ARM_argv_veneer
    rtexit2.o(.ARM.Collect$$rtexit$$00000003) refers to libshutdown.o(.ARM.Collect$$libshutdown$$00000000) for __rt_lib_shutdown
    rtexit2.o(.ARM.Collect$$rtexit$$00000004) refers to sys_exit.o(.text) for _sys_exit
    rtexit2.o(.ARM.exidx) refers to rtexit2.o(.ARM.Collect$$rtexit$$00000001) for .ARM.Collect$$rtexit$$00000001
    rtexit2.o(.ARM.exidx) refers to rtexit2.o(.ARM.Collect$$rtexit$$00000003) for .ARM.Collect$$rtexit$$00000003
    rtexit2.o(.ARM.exidx) refers to rtexit2.o(.ARM.Collect$$rtexit$$00000004) for .ARM.Collect$$rtexit$$00000004
    argv_veneer.o(.emb_text) refers to no_argv.o(.text) for __ARM_get_argv
    sys_exit.o(.text) refers (Special) to use_no_semi.o(.text) for __I$use$semihosting
    sys_exit.o(.text) refers (Special) to indicate_semi.o(.text) for __semihosting_library_function
    _get_argv_nomalloc.o(.text) refers (Special) to hrguard.o(.text) for __heap_region$guard
    _get_argv_nomalloc.o(.text) refers to defsig_rtmem_outer.o(.text) for __rt_SIGRTMEM
    _get_argv_nomalloc.o(.text) refers to sys_command.o(.text) for _sys_command_string
    libshutdown.o(.ARM.Collect$$libshutdown$$00000000) refers (Special) to libshutdown2.o(.ARM.Collect$$libshutdown$$00000006) for __rt_lib_shutdown_fp_trap_1
    libshutdown.o(.ARM.Collect$$libshutdown$$00000000) refers (Special) to libshutdown2.o(.ARM.Collect$$libshutdown$$0000000E) for __rt_lib_shutdown_heap_1
    libshutdown.o(.ARM.Collect$$libshutdown$$00000000) refers (Special) to libshutdown2.o(.ARM.Collect$$libshutdown$$0000000F) for __rt_lib_shutdown_return
    libshutdown.o(.ARM.Collect$$libshutdown$$00000000) refers (Special) to libshutdown2.o(.ARM.Collect$$libshutdown$$00000009) for __rt_lib_shutdown_signal_1
    libshutdown.o(.ARM.Collect$$libshutdown$$00000000) refers (Special) to libshutdown2.o(.ARM.Collect$$libshutdown$$00000003) for __rt_lib_shutdown_stdio_1
    libshutdown.o(.ARM.Collect$$libshutdown$$00000000) refers (Special) to libshutdown2.o(.ARM.Collect$$libshutdown$$0000000B) for __rt_lib_shutdown_user_alloc_1
    sys_command.o(.text) refers (Special) to use_no_semi.o(.text) for __I$use$semihosting
    sys_command.o(.text) refers (Special) to indicate_semi.o(.text) for __semihosting_library_function
    defsig_rtmem_outer.o(.text) refers to defsig_rtmem_inner.o(.text) for __rt_SIGRTMEM_inner
    defsig_rtmem_outer.o(.text) refers to defsig_exit.o(.text) for __sig_exit
    defsig_rtmem_formal.o(.text) refers to rt_raise.o(.text) for __rt_raise
    rt_raise.o(.text) refers to __raise.o(.text) for __raise
    rt_raise.o(.text) refers to sys_exit.o(.text) for _sys_exit
    defsig_exit.o(.text) refers to sys_exit.o(.text) for _sys_exit
    defsig_rtmem_inner.o(.text) refers to defsig_general.o(.text) for __default_signal_display
    __raise.o(.text) refers to defsig.o(CL$$defsig) for __default_signal_handler
    defsig_general.o(.text) refers to sys_wrch.o(.text) for _ttywrch
    sys_wrch.o(.text) refers (Special) to use_no_semi.o(.text) for __I$use$semihosting
    sys_wrch.o(.text) refers (Special) to indicate_semi.o(.text) for __semihosting_library_function
    defsig.o(CL$$defsig) refers to defsig_rtmem_inner.o(.text) for __rt_SIGRTMEM_inner
    defsig_abrt_inner.o(.text) refers to defsig_general.o(.text) for __default_signal_display
    defsig_fpe_inner.o(.text) refers to defsig_general.o(.text) for __default_signal_display
    defsig_rtred_inner.o(.text) refers to defsig_general.o(.text) for __default_signal_display
    defsig_stak_inner.o(.text) refers to defsig_general.o(.text) for __default_signal_display
    defsig_pvfn_inner.o(.text) refers to defsig_general.o(.text) for __default_signal_display
    defsig_cppl_inner.o(.text) refers to defsig_general.o(.text) for __default_signal_display
    defsig_segv_inner.o(.text) refers to defsig_general.o(.text) for __default_signal_display
    defsig_other.o(.text) refers to defsig_general.o(.text) for __default_signal_display


==============================================================================

Removing Unused input sections from the image.

    Removing texas.o(i.SetMode), (24 bytes).
    Removing texas.o(i.StartTimer4), (36 bytes).
    Removing texas.o(i.StopTimer4), (24 bytes).
    Removing texas.o(i.TExaS_Stop), (28 bytes).
    Removing texas.o(i.UART0_InChar), (24 bytes).
    Removing texas.o(i.UART0_InCharNonBlocking), (28 bytes).
    Removing texas.o(i.UART0_OutChar), (24 bytes).
    Removing texas.o(i.UART0_OutCharNonBlock), (12 bytes).
    Removing texas.o(i.copy), (18 bytes).
    Removing nokia5110.o(i.Nokia5110_ClearPixel), (68 bytes).
    Removing nokia5110.o(i.Nokia5110_OutChar), (56 bytes).
    Removing nokia5110.o(i.Nokia5110_OutChar_4x4pix), (48 bytes).
    Removing nokia5110.o(i.Nokia5110_OutString), (22 bytes).
    Removing nokia5110.o(i.Nokia5110_OutString_4x4pix), (22 bytes).
    Removing nokia5110.o(i.Nokia5110_OutUDec), (412 bytes).
    Removing led.o(i.LED_ToggleGreen), (24 bytes).
    Removing sound.o(i.Sound_Fastinvader2), (20 bytes).
    Removing sound.o(i.Sound_Fastinvader3), (20 bytes).
    Removing sound.o(i.Sound_Fastinvader4), (20 bytes).

19 unused section(s) (total 930 bytes) removed from the image.

==============================================================================

Image Symbol Table

    Local Symbols

    Symbol Name                              Value     Ov Type        Size  Object(Section)

    RESET                                    0x00000000   Section      644  startup.o(RESET)
    ../clib/angel/boardlib.s                 0x00000000   Number         0  boardinit1.o ABSOLUTE
    ../clib/angel/boardlib.s                 0x00000000   Number         0  boardinit2.o ABSOLUTE
    ../clib/angel/boardlib.s                 0x00000000   Number         0  boardinit3.o ABSOLUTE
    ../clib/angel/boardlib.s                 0x00000000   Number         0  boardshut.o ABSOLUTE
    ../clib/angel/handlers.s                 0x00000000   Number         0  __scatter_zi.o ABSOLUTE
    ../clib/angel/handlers.s                 0x00000000   Number         0  __scatter_copy.o ABSOLUTE
    ../clib/angel/kernel.s                   0x00000000   Number         0  rtexit.o ABSOLUTE
    ../clib/angel/kernel.s                   0x00000000   Number         0  rtexit2.o ABSOLUTE
    ../clib/angel/kernel.s                   0x00000000   Number         0  rtentry.o ABSOLUTE
    ../clib/angel/kernel.s                   0x00000000   Number         0  rtentry2.o ABSOLUTE
    ../clib/angel/kernel.s                   0x00000000   Number         0  rtentry4.o ABSOLUTE
    ../clib/angel/rt.s                       0x00000000   Number         0  rt_raise.o ABSOLUTE
    ../clib/angel/scatter.s                  0x00000000   Number         0  __scatter.o ABSOLUTE
    ../clib/angel/startup.s                  0x00000000   Number         0  __main.o ABSOLUTE
    ../clib/angel/sys.s                      0x00000000   Number         0  libspace.o ABSOLUTE
    ../clib/angel/sys.s                      0x00000000   Number         0  sys_stackheap_outer.o ABSOLUTE
    ../clib/angel/sys.s                      0x00000000   Number         0  indicate_semi.o ABSOLUTE
    ../clib/angel/sys.s                      0x00000000   Number         0  use_no_semi.o ABSOLUTE
    ../clib/angel/sysapp.c                   0x00000000   Number         0  sys_command.o ABSOLUTE
    ../clib/angel/sysapp.c                   0x00000000   Number         0  sys_wrch.o ABSOLUTE
    ../clib/angel/sysapp.c                   0x00000000   Number         0  sys_exit.o ABSOLUTE
    ../clib/armsys.c                         0x00000000   Number         0  argv_veneer.o ABSOLUTE
    ../clib/armsys.c                         0x00000000   Number         0  argv_veneer.o ABSOLUTE
    ../clib/armsys.c                         0x00000000   Number         0  no_argv.o ABSOLUTE
    ../clib/armsys.c                         0x00000000   Number         0  _get_argv_nomalloc.o ABSOLUTE
    ../clib/heapalloc.c                      0x00000000   Number         0  hrguard.o ABSOLUTE
    ../clib/heapaux.c                        0x00000000   Number         0  heapauxi.o ABSOLUTE
    ../clib/libinit.s                        0x00000000   Number         0  libinit.o ABSOLUTE
    ../clib/libinit.s                        0x00000000   Number         0  libinit2.o ABSOLUTE
    ../clib/libinit.s                        0x00000000   Number         0  libshutdown2.o ABSOLUTE
    ../clib/libinit.s                        0x00000000   Number         0  libshutdown.o ABSOLUTE
    ../clib/signal.c                         0x00000000   Number         0  defsig_cppl_inner.o ABSOLUTE
    ../clib/signal.c                         0x00000000   Number         0  defsig_abrt_inner.o ABSOLUTE
    ../clib/signal.c                         0x00000000   Number         0  defsig_rtmem_outer.o ABSOLUTE
    ../clib/signal.c                         0x00000000   Number         0  defsig_rtmem_inner.o ABSOLUTE
    ../clib/signal.c                         0x00000000   Number         0  defsig_rtmem_formal.o ABSOLUTE
    ../clib/signal.c                         0x00000000   Number         0  defsig_general.o ABSOLUTE
    ../clib/signal.c                         0x00000000   Number         0  __raise.o ABSOLUTE
    ../clib/signal.c                         0x00000000   Number         0  defsig_other.o ABSOLUTE
    ../clib/signal.c                         0x00000000   Number         0  defsig_segv_inner.o ABSOLUTE
    ../clib/signal.c                         0x00000000   Number         0  defsig_pvfn_inner.o ABSOLUTE
    ../clib/signal.c                         0x00000000   Number         0  defsig_stak_inner.o ABSOLUTE
    ../clib/signal.c                         0x00000000   Number         0  defsig_rtred_inner.o ABSOLUTE
    ../clib/signal.c                         0x00000000   Number         0  defsig_fpe_inner.o ABSOLUTE
    ../clib/signal.c                         0x00000000   Number         0  defsig_exit.o ABSOLUTE
    ../clib/signal.s                         0x00000000   Number         0  defsig.o ABSOLUTE
    ../clib/stdlib.c                         0x00000000   Number         0  exit.o ABSOLUTE
    ../fplib/fpinit.s                        0x00000000   Number         0  fpinit.o ABSOLUTE
    Controls\ADC.c                           0x00000000   Number         0  adc.o ABSOLUTE
    Controls\SlidePot.c                      0x00000000   Number         0  slidepot.o ABSOLUTE
    Controls\Switches.c                      0x00000000   Number         0  switches.o ABSOLUTE
    Display\Nokia5110.c                      0x00000000   Number         0  nokia5110.o ABSOLUTE
    GameEngine\GameEngineCycle.c             0x00000000   Number         0  gameenginecycle.o ABSOLUTE
    Main\MainThread.c                        0x00000000   Number         0  mainthread.o ABSOLUTE
    Main\TExaS.c                             0x00000000   Number         0  texas.o ABSOLUTE
    Main\random.s                            0x00000000   Number         0  random.o ABSOLUTE
    Main\startup.s                           0x00000000   Number         0  startup.o ABSOLUTE
    Sounds\DAC.c                             0x00000000   Number         0  dac.o ABSOLUTE
    Sounds\Sound.c                           0x00000000   Number         0  sound.o ABSOLUTE
    dc.s                                     0x00000000   Number         0  dc.o ABSOLUTE
    display\LED.c                            0x00000000   Number         0  led.o ABSOLUTE
    gameEngine\Enemy.c                       0x00000000   Number         0  enemy.o ABSOLUTE
    gameEngine\PlayerShip.c                  0x00000000   Number         0  playership.o ABSOLUTE
    gameEngine\Terrain.c                     0x00000000   Number         0  terrain.o ABSOLUTE
    !!!main                                  0x00000284   Section        8  __main.o(!!!main)
    !!!scatter                               0x0000028c   Section       52  __scatter.o(!!!scatter)
    !!handler_copy                           0x000002c0   Section       26  __scatter_copy.o(!!handler_copy)
    !!handler_zi                             0x000002dc   Section       28  __scatter_zi.o(!!handler_zi)
    .ARM.Collect$$libinit$$00000000          0x000002f8   Section        2  libinit.o(.ARM.Collect$$libinit$$00000000)
    .ARM.Collect$$libinit$$00000002          0x000002fa   Section        0  libinit2.o(.ARM.Collect$$libinit$$00000002)
    .ARM.Collect$$libinit$$00000008          0x000002fa   Section        0  libinit2.o(.ARM.Collect$$libinit$$00000008)
    .ARM.Collect$$libinit$$0000000A          0x000002fa   Section        0  libinit2.o(.ARM.Collect$$libinit$$0000000A)
    .ARM.Collect$$libinit$$0000000C          0x000002fa   Section        0  libinit2.o(.ARM.Collect$$libinit$$0000000C)
    .ARM.Collect$$libinit$$0000000F          0x000002fa   Section        0  libinit2.o(.ARM.Collect$$libinit$$0000000F)
    .ARM.Collect$$libinit$$00000011          0x000002fa   Section        0  libinit2.o(.ARM.Collect$$libinit$$00000011)
    .ARM.Collect$$libinit$$00000013          0x000002fa   Section        0  libinit2.o(.ARM.Collect$$libinit$$00000013)
    .ARM.Collect$$libinit$$00000015          0x000002fa   Section        0  libinit2.o(.ARM.Collect$$libinit$$00000015)
    .ARM.Collect$$libinit$$00000017          0x000002fa   Section        0  libinit2.o(.ARM.Collect$$libinit$$00000017)
    .ARM.Collect$$libinit$$00000019          0x000002fa   Section        0  libinit2.o(.ARM.Collect$$libinit$$00000019)
    .ARM.Collect$$libinit$$0000001B          0x000002fa   Section        0  libinit2.o(.ARM.Collect$$libinit$$0000001B)
    .ARM.Collect$$libinit$$0000001D          0x000002fa   Section        0  libinit2.o(.ARM.Collect$$libinit$$0000001D)
    .ARM.Collect$$libinit$$0000001F          0x000002fa   Section        0  libinit2.o(.ARM.Collect$$libinit$$0000001F)
    .ARM.Collect$$libinit$$00000021          0x000002fa   Section        0  libinit2.o(.ARM.Collect$$libinit$$00000021)
    .ARM.Collect$$libinit$$00000023          0x000002fa   Section        0  libinit2.o(.ARM.Collect$$libinit$$00000023)
    .ARM.Collect$$libinit$$0000002A          0x000002fa   Section        0  libinit2.o(.ARM.Collect$$libinit$$0000002A)
    .ARM.Collect$$libinit$$0000002C          0x000002fa   Section        0  libinit2.o(.ARM.Collect$$libinit$$0000002C)
    .ARM.Collect$$libinit$$0000002E          0x000002fa   Section        0  libinit2.o(.ARM.Collect$$libinit$$0000002E)
    .ARM.Collect$$libinit$$00000030          0x000002fa   Section        0  libinit2.o(.ARM.Collect$$libinit$$00000030)
    .ARM.Collect$$libinit$$00000031          0x000002fa   Section        2  libinit2.o(.ARM.Collect$$libinit$$00000031)
    .ARM.Collect$$libshutdown$$00000000      0x000002fc   Section        2  libshutdown.o(.ARM.Collect$$libshutdown$$00000000)
    .ARM.Collect$$libshutdown$$00000003      0x000002fe   Section        0  libshutdown2.o(.ARM.Collect$$libshutdown$$00000003)
    .ARM.Collect$$libshutdown$$00000006      0x000002fe   Section        0  libshutdown2.o(.ARM.Collect$$libshutdown$$00000006)
    .ARM.Collect$$libshutdown$$00000009      0x000002fe   Section        0  libshutdown2.o(.ARM.Collect$$libshutdown$$00000009)
    .ARM.Collect$$libshutdown$$0000000B      0x000002fe   Section        0  libshutdown2.o(.ARM.Collect$$libshutdown$$0000000B)
    .ARM.Collect$$libshutdown$$0000000E      0x000002fe   Section        0  libshutdown2.o(.ARM.Collect$$libshutdown$$0000000E)
    .ARM.Collect$$libshutdown$$0000000F      0x000002fe   Section        2  libshutdown2.o(.ARM.Collect$$libshutdown$$0000000F)
    .ARM.Collect$$rtentry$$00000000          0x00000300   Section        0  rtentry.o(.ARM.Collect$$rtentry$$00000000)
    .ARM.Collect$$rtentry$$00000002          0x00000300   Section        0  rtentry2.o(.ARM.Collect$$rtentry$$00000002)
    .ARM.Collect$$rtentry$$00000004          0x00000300   Section        6  rtentry4.o(.ARM.Collect$$rtentry$$00000004)
    .ARM.Collect$$rtentry$$00000009          0x00000306   Section        0  rtentry2.o(.ARM.Collect$$rtentry$$00000009)
    .ARM.Collect$$rtentry$$0000000A          0x00000306   Section        4  rtentry2.o(.ARM.Collect$$rtentry$$0000000A)
    .ARM.Collect$$rtentry$$0000000C          0x0000030a   Section        0  rtentry2.o(.ARM.Collect$$rtentry$$0000000C)
    .ARM.Collect$$rtentry$$0000000D          0x0000030a   Section        8  rtentry2.o(.ARM.Collect$$rtentry$$0000000D)
    .ARM.Collect$$rtexit$$00000000           0x00000312   Section        2  rtexit.o(.ARM.Collect$$rtexit$$00000000)
    .ARM.Collect$$rtexit$$00000002           0x00000314   Section        0  rtexit2.o(.ARM.Collect$$rtexit$$00000002)
    .ARM.Collect$$rtexit$$00000003           0x00000314   Section        4  rtexit2.o(.ARM.Collect$$rtexit$$00000003)
    .ARM.Collect$$rtexit$$00000004           0x00000318   Section        6  rtexit2.o(.ARM.Collect$$rtexit$$00000004)
    .text                                    0x00000320   Section       64  random.o(.text)
    .text                                    0x00000360   Section       48  startup.o(.text)
    .text                                    0x00000390   Section        0  heapauxi.o(.text)
    .text                                    0x00000396   Section       74  sys_stackheap_outer.o(.text)
    .text                                    0x000003e0   Section        0  exit.o(.text)
    .text                                    0x000003ec   Section        8  libspace.o(.text)
    .text                                    0x000003f4   Section        0  sys_exit.o(.text)
    .text                                    0x00000400   Section        2  use_no_semi.o(.text)
    .text                                    0x00000402   Section        0  indicate_semi.o(.text)
    i.ADC0_In                                0x00000404   Section        0  adc.o(i.ADC0_In)
    i.ADC0_Init                              0x0000043c   Section        0  adc.o(i.ADC0_Init)
    i.ADC1_In                                0x00000504   Section        0  texas.o(i.ADC1_In)
    i.ADC1_Init                              0x00000510   Section        0  texas.o(i.ADC1_Init)
    i.DAC_Init                               0x000005e4   Section        0  dac.o(i.DAC_Init)
    i.DAC_Out                                0x00000660   Section        0  dac.o(i.DAC_Out)
    i.Enemy_ControlDeath                     0x0000068c   Section        0  enemy.o(i.Enemy_ControlDeath)
    i.Enemy_Draw                             0x000006ce   Section        0  enemy.o(i.Enemy_Draw)
    i.Enemy_InitEnemy                        0x00000784   Section        0  enemy.o(i.Enemy_InitEnemy)
    i.Enemy_NextPos                          0x000007a6   Section        0  enemy.o(i.Enemy_NextPos)
    i.Enemy_NextState                        0x0000089c   Section        0  enemy.o(i.Enemy_NextState)
    i.Enemy_Reset                            0x000008d0   Section        0  enemy.o(i.Enemy_Reset)
    i.Enemy_Shoots                           0x000008da   Section        0  enemy.o(i.Enemy_Shoots)
    i.GPIOPortE_Handler                      0x0000098c   Section        0  switches.o(i.GPIOPortE_Handler)
    i.GameEngine_IncreaseDifficulty          0x000009cc   Section        0  gameenginecycle.o(i.GameEngine_IncreaseDifficulty)
    i.GameEngine_IncreaseGroundHeight        0x000009f8   Section        0  gameenginecycle.o(i.GameEngine_IncreaseGroundHeight)
    i.GameEngine_IncreaseTimeSpecial         0x00000a20   Section        0  gameenginecycle.o(i.GameEngine_IncreaseTimeSpecial)
    i.GameEngine_Init                        0x00000a48   Section        0  gameenginecycle.o(i.GameEngine_Init)
    i.GameEngine_ShowHUD                     0x00000b9c   Section        0  gameenginecycle.o(i.GameEngine_ShowHUD)
    i.LED_Init                               0x00000c2c   Section        0  led.o(i.LED_Init)
    i.LED_ResetGreen                         0x00000c98   Section        0  led.o(i.LED_ResetGreen)
    i.LED_ResetYellow                        0x00000cb0   Section        0  led.o(i.LED_ResetYellow)
    i.LED_SetGreen                           0x00000cc8   Section        0  led.o(i.LED_SetGreen)
    i.LED_SetYellow                          0x00000ce0   Section        0  led.o(i.LED_SetYellow)
    i.Nokia5110_AskLastPixel                 0x00000cf8   Section        0  nokia5110.o(i.Nokia5110_AskLastPixel)
    i.Nokia5110_AskPixel                     0x00000d44   Section        0  nokia5110.o(i.Nokia5110_AskPixel)
    i.Nokia5110_Clear                        0x00000d90   Section        0  nokia5110.o(i.Nokia5110_Clear)
    i.Nokia5110_ClearBuffer                  0x00000db0   Section        0  nokia5110.o(i.Nokia5110_ClearBuffer)
    i.Nokia5110_DisplayBuffer                0x00000dc8   Section        0  nokia5110.o(i.Nokia5110_DisplayBuffer)
    i.Nokia5110_DrawFullImage                0x00000dd8   Section        0  nokia5110.o(i.Nokia5110_DrawFullImage)
    i.Nokia5110_Init                         0x00000dfc   Section        0  nokia5110.o(i.Nokia5110_Init)
    i.Nokia5110_OutChar_4x4pix_toBuffer      0x00000f68   Section        0  nokia5110.o(i.Nokia5110_OutChar_4x4pix_toBuffer)
    i.Nokia5110_OutString_4x4pix_toBuffer    0x00001034   Section        0  nokia5110.o(i.Nokia5110_OutString_4x4pix_toBuffer)
    i.Nokia5110_OutUDec_4x4pix_toBuffer      0x00001060   Section        0  nokia5110.o(i.Nokia5110_OutUDec_4x4pix_toBuffer)
    i.Nokia5110_PrintBMP                     0x000010b8   Section        0  nokia5110.o(i.Nokia5110_PrintBMP)
    i.Nokia5110_SaveLastBuffer               0x00001260   Section        0  nokia5110.o(i.Nokia5110_SaveLastBuffer)
    i.Nokia5110_SetCursor                    0x00001280   Section        0  nokia5110.o(i.Nokia5110_SetCursor)
    i.Nokia5110_SetPixel                     0x000012b0   Section        0  nokia5110.o(i.Nokia5110_SetPixel)
    i.PLL_Init                               0x000012f4   Section        0  texas.o(i.PLL_Init)
    i.PlayerShip_ControlShip                 0x00001370   Section        0  playership.o(i.PlayerShip_ControlShip)
    i.PlayerShip_Draw                        0x0000143c   Section        0  playership.o(i.PlayerShip_Draw)
    i.PlayerShip_IncreaseScore               0x00001458   Section        0  playership.o(i.PlayerShip_IncreaseScore)
    i.PlayerShip_InitShip                    0x0000146e   Section        0  playership.o(i.PlayerShip_InitShip)
    i.PlayerShip_InitSpecialShoot            0x000014e6   Section        0  playership.o(i.PlayerShip_InitSpecialShoot)
    i.PlayerShip_Reset                       0x0000150a   Section        0  playership.o(i.PlayerShip_Reset)
    i.PlayerShip_Shoots                      0x00001518   Section        0  playership.o(i.PlayerShip_Shoots)
    i.PlayerShip_hasLives                    0x00001670   Section        0  playership.o(i.PlayerShip_hasLives)
    i.PlayerShip_isDead                      0x00001680   Section        0  playership.o(i.PlayerShip_isDead)
    i.PlayerShip_specialShoot                0x00001694   Section        0  playership.o(i.PlayerShip_specialShoot)
    i.SetCode                                0x00001808   Section        0  texas.o(i.SetCode)
    i.SetCourse                              0x00001820   Section        0  texas.o(i.SetCourse)
    i.SlidePot_Convert                       0x00001838   Section        0  slidepot.o(i.SlidePot_Convert)
    i.SlidePot_Init                          0x0000186c   Section        0  slidepot.o(i.SlidePot_Init)
    i.SlidePot_toPixelY                      0x00001874   Section        0  slidepot.o(i.SlidePot_toPixelY)
    i.Sound_Explosion                        0x000018b8   Section        0  sound.o(i.Sound_Explosion)
    i.Sound_Fastinvader1                     0x000018cc   Section        0  sound.o(i.Sound_Fastinvader1)
    i.Sound_Highpitch                        0x000018e0   Section        0  sound.o(i.Sound_Highpitch)
    i.Sound_Init                             0x000018f4   Section        0  sound.o(i.Sound_Init)
    i.Sound_Killed                           0x00001918   Section        0  sound.o(i.Sound_Killed)
    i.Sound_Play                             0x0000192c   Section        0  sound.o(i.Sound_Play)
    i.Sound_Shoot                            0x00001954   Section        0  sound.o(i.Sound_Shoot)
    i.SwitchesInit                           0x00001968   Section        0  switches.o(i.SwitchesInit)
    i.SysTick_Handler                        0x00001a44   Section        0  gameenginecycle.o(i.SysTick_Handler)
    i.SysTick_Init                           0x00001c4c   Section        0  gameenginecycle.o(i.SysTick_Init)
    i.TExaS_Init                             0x00001c64   Section        0  texas.o(i.TExaS_Init)
    i.Terrain_Create                         0x00001e28   Section        0  terrain.o(i.Terrain_Create)
    i.Terrain_Draw                           0x00001eb2   Section        0  terrain.o(i.Terrain_Draw)
    i.Terrain_GroundNextY                    0x00001ee8   Section        0  terrain.o(i.Terrain_GroundNextY)
    i.Terrain_InitTerrain                    0x00001f32   Section        0  terrain.o(i.Terrain_InitTerrain)
    i.Terrain_SetHeight                      0x00001f7c   Section        0  terrain.o(i.Terrain_SetHeight)
    i.Timer2A_Handler                        0x00001f84   Section        0  sound.o(i.Timer2A_Handler)
    i.Timer2A_Start                          0x00001fd0   Section        0  sound.o(i.Timer2A_Start)
    i.Timer2A_Stop                           0x00001fe4   Section        0  sound.o(i.Timer2A_Stop)
    i.Timer2_Init                            0x00001ff8   Section        0  sound.o(i.Timer2_Init)
    i.Timer4A_Handler                        0x00002058   Section        0  texas.o(i.Timer4A_Handler)
    i.Timer5A_Handler                        0x00002078   Section        0  texas.o(i.Timer5A_Handler)
    i.UART0_Init                             0x000020a8   Section        0  texas.o(i.UART0_Init)
    i.lcdwrite                               0x00002168   Section        0  nokia5110.o(i.lcdwrite)
    lcdwrite                                 0x00002169   Thumb Code    66  nokia5110.o(i.lcdwrite)
    i.main                                   0x000021b4   Section        0  mainthread.o(i.main)
    .constdata                               0x00002378   Section     1879  mainthread.o(.constdata)
    .constdata                               0x00002acf   Section      360  texas.o(.constdata)
    .constdata                               0x00002c37   Section      860  nokia5110.o(.constdata)
    ASCII                                    0x00002c37   Data         480  nokia5110.o(.constdata)
    ASCII_4x4pix                             0x00002e17   Data         380  nokia5110.o(.constdata)
    .constdata                               0x00002f93   Section    15435  sound.o(.constdata)
    .constdata                               0x00006bde   Section     4733  gameenginecycle.o(.constdata)
    .constdata                               0x00007e5c   Section       36  enemy.o(.constdata)
    .constdata                               0x00007e80   Section       84  playership.o(.constdata)
    .data                                    0x20000000   Section        6  mainthread.o(.data)
    .data                                    0x20000008   Section       52  texas.o(.data)
    .data                                    0x2000003c   Section       12  sound.o(.data)
    .data                                    0x20000048   Section       20  gameenginecycle.o(.data)
    LastScore                                0x20000048   Data           2  gameenginecycle.o(.data)
    LastDiff                                 0x2000004a   Data           2  gameenginecycle.o(.data)
    LastDiff                                 0x2000004c   Data           2  gameenginecycle.o(.data)
    .data                                    0x2000005c   Section        1  playership.o(.data)
    PixelY_last                              0x2000005c   Data           1  playership.o(.data)
    DATA                                     0x20000060   Section        4  random.o(DATA)
    M                                        0x20000060   Data           4  random.o(DATA)
    .bss                                     0x20000064   Section      502  mainthread.o(.bss)
    .bss                                     0x20000260   Section       56  texas.o(.bss)
    .bss                                     0x20000298   Section     1008  nokia5110.o(.bss)
    .bss                                     0x20000688   Section       96  libspace.o(.bss)
    HEAP                                     0x200006e8   Section        0  startup.o(HEAP)
    STACK                                    0x200006e8   Section     1024  startup.o(STACK)
    HeapMem                                  0x200006e8   Data           0  startup.o(HEAP)
    StackMem                                 0x200006e8   Data           0  startup.o(STACK)

    Global Symbols

    Symbol Name                              Value     Ov Type        Size  Object(Section)

    BuildAttributes$$THM_ISAv4$E$P$D$K$B$S$7EM$PE$A:L22UL41UL21$X:L11$S22US41US21$IEEE1$IW$USESV6$~STKCKD$USESV7$~SHL$OSPACE$ROPI$EBA8$UX$STANDARDLIB$REQ8$PRES8$EABIv2 0x00000000   Number         0  anon$$obj.o ABSOLUTE
    __ARM_use_no_argv                        0x00000000   Number         0  mainthread.o ABSOLUTE
    __Vectors                                0x00000000   Data           0  startup.o(RESET)
    __ARM_exceptions_init                     - Undefined Weak Reference
    __alloca_initialize                       - Undefined Weak Reference
    __cpp_initialize__aeabi_                  - Undefined Weak Reference
    __cxa_finalize                            - Undefined Weak Reference
    __rt_locale                               - Undefined Weak Reference
    __sigvec_lookup                           - Undefined Weak Reference
    _atexit_init                              - Undefined Weak Reference
    _call_atexit_fns                          - Undefined Weak Reference
    _clock_init                               - Undefined Weak Reference
    _fp_trap_init                             - Undefined Weak Reference
    _fp_trap_shutdown                         - Undefined Weak Reference
    _get_lc_collate                           - Undefined Weak Reference
    _get_lc_ctype                             - Undefined Weak Reference
    _get_lc_monetary                          - Undefined Weak Reference
    _get_lc_numeric                           - Undefined Weak Reference
    _get_lc_time                              - Undefined Weak Reference
    _getenv_init                              - Undefined Weak Reference
    _handle_redirection                       - Undefined Weak Reference
    _init_alloc                               - Undefined Weak Reference
    _init_user_alloc                          - Undefined Weak Reference
    _initio                                   - Undefined Weak Reference
    _rand_init                                - Undefined Weak Reference
    _signal_finish                            - Undefined Weak Reference
    _signal_init                              - Undefined Weak Reference
    _terminate_alloc                          - Undefined Weak Reference
    _terminate_user_alloc                     - Undefined Weak Reference
    _terminateio                              - Undefined Weak Reference
    Reset_Handler                            0x0000026d   Thumb Code     0  startup.o(RESET)
    NMI_Handler                              0x00000271   Thumb Code     2  startup.o(RESET)
    HardFault_Handler                        0x00000273   Thumb Code     2  startup.o(RESET)
    MemManage_Handler                        0x00000275   Thumb Code     2  startup.o(RESET)
    BusFault_Handler                         0x00000277   Thumb Code     2  startup.o(RESET)
    UsageFault_Handler                       0x00000279   Thumb Code     2  startup.o(RESET)
    SVC_Handler                              0x0000027b   Thumb Code     2  startup.o(RESET)
    DebugMon_Handler                         0x0000027d   Thumb Code     2  startup.o(RESET)
    PendSV_Handler                           0x0000027f   Thumb Code     2  startup.o(RESET)
    ADC0Seq0_Handler                         0x00000283   Thumb Code     0  startup.o(RESET)
    ADC0Seq1_Handler                         0x00000283   Thumb Code     0  startup.o(RESET)
    ADC0Seq2_Handler                         0x00000283   Thumb Code     0  startup.o(RESET)
    ADC0Seq3_Handler                         0x00000283   Thumb Code     0  startup.o(RESET)
    ADC1Seq0_Handler                         0x00000283   Thumb Code     0  startup.o(RESET)
    ADC1Seq1_Handler                         0x00000283   Thumb Code     0  startup.o(RESET)
    ADC1Seq2_Handler                         0x00000283   Thumb Code     0  startup.o(RESET)
    ADC1Seq3_Handler                         0x00000283   Thumb Code     0  startup.o(RESET)
    CAN0_Handler                             0x00000283   Thumb Code     0  startup.o(RESET)
    CAN1_Handler                             0x00000283   Thumb Code     0  startup.o(RESET)
    CAN2_Handler                             0x00000283   Thumb Code     0  startup.o(RESET)
    Comp0_Handler                            0x00000283   Thumb Code     0  startup.o(RESET)
    Comp1_Handler                            0x00000283   Thumb Code     0  startup.o(RESET)
    Comp2_Handler                            0x00000283   Thumb Code     0  startup.o(RESET)
    Ethernet_Handler                         0x00000283   Thumb Code     0  startup.o(RESET)
    ExtBus_Handler                           0x00000283   Thumb Code     0  startup.o(RESET)
    FPU_Handler                              0x00000283   Thumb Code     0  startup.o(RESET)
    Fan0_Handler                             0x00000283   Thumb Code     0  startup.o(RESET)
    FlashCtl_Handler                         0x00000283   Thumb Code     0  startup.o(RESET)
    GPIOPortA_Handler                        0x00000283   Thumb Code     0  startup.o(RESET)
    GPIOPortB_Handler                        0x00000283   Thumb Code     0  startup.o(RESET)
    GPIOPortC_Handler                        0x00000283   Thumb Code     0  startup.o(RESET)
    GPIOPortD_Handler                        0x00000283   Thumb Code     0  startup.o(RESET)
    GPIOPortF_Handler                        0x00000283   Thumb Code     0  startup.o(RESET)
    GPIOPortG_Handler                        0x00000283   Thumb Code     0  startup.o(RESET)
    GPIOPortH_Handler                        0x00000283   Thumb Code     0  startup.o(RESET)
    GPIOPortJ_Handler                        0x00000283   Thumb Code     0  startup.o(RESET)
    GPIOPortK_Handler                        0x00000283   Thumb Code     0  startup.o(RESET)
    GPIOPortL_Handler                        0x00000283   Thumb Code     0  startup.o(RESET)
    GPIOPortM_Handler                        0x00000283   Thumb Code     0  startup.o(RESET)
    GPIOPortN_Handler                        0x00000283   Thumb Code     0  startup.o(RESET)
    GPIOPortP1_Handler                       0x00000283   Thumb Code     0  startup.o(RESET)
    GPIOPortP2_Handler                       0x00000283   Thumb Code     0  startup.o(RESET)
    GPIOPortP3_Handler                       0x00000283   Thumb Code     0  startup.o(RESET)
    GPIOPortP4_Handler                       0x00000283   Thumb Code     0  startup.o(RESET)
    GPIOPortP5_Handler                       0x00000283   Thumb Code     0  startup.o(RESET)
    GPIOPortP6_Handler                       0x00000283   Thumb Code     0  startup.o(RESET)
    GPIOPortP7_Handler                       0x00000283   Thumb Code     0  startup.o(RESET)
    GPIOPortP_Handler                        0x00000283   Thumb Code     0  startup.o(RESET)
    GPIOPortQ1_Handler                       0x00000283   Thumb Code     0  startup.o(RESET)
    GPIOPortQ2_Handler                       0x00000283   Thumb Code     0  startup.o(RESET)
    GPIOPortQ3_Handler                       0x00000283   Thumb Code     0  startup.o(RESET)
    GPIOPortQ4_Handler                       0x00000283   Thumb Code     0  startup.o(RESET)
    GPIOPortQ5_Handler                       0x00000283   Thumb Code     0  startup.o(RESET)
    GPIOPortQ6_Handler                       0x00000283   Thumb Code     0  startup.o(RESET)
    GPIOPortQ7_Handler                       0x00000283   Thumb Code     0  startup.o(RESET)
    GPIOPortQ_Handler                        0x00000283   Thumb Code     0  startup.o(RESET)
    GPIOPortR_Handler                        0x00000283   Thumb Code     0  startup.o(RESET)
    GPIOPortS_Handler                        0x00000283   Thumb Code     0  startup.o(RESET)
    Hibernate_Handler                        0x00000283   Thumb Code     0  startup.o(RESET)
    I2C0_Handler                             0x00000283   Thumb Code     0  startup.o(RESET)
    I2C1_Handler                             0x00000283   Thumb Code     0  startup.o(RESET)
    I2C2_Handler                             0x00000283   Thumb Code     0  startup.o(RESET)
    I2C3_Handler                             0x00000283   Thumb Code     0  startup.o(RESET)
    I2C4_Handler                             0x00000283   Thumb Code     0  startup.o(RESET)
    I2C5_Handler                             0x00000283   Thumb Code     0  startup.o(RESET)
    I2S0_Handler                             0x00000283   Thumb Code     0  startup.o(RESET)
    LPC0_Handler                             0x00000283   Thumb Code     0  startup.o(RESET)
    PECI0_Handler                            0x00000283   Thumb Code     0  startup.o(RESET)
    PWM0Fault_Handler                        0x00000283   Thumb Code     0  startup.o(RESET)
    PWM0Generator0_Handler                   0x00000283   Thumb Code     0  startup.o(RESET)
    PWM0Generator1_Handler                   0x00000283   Thumb Code     0  startup.o(RESET)
    PWM0Generator2_Handler                   0x00000283   Thumb Code     0  startup.o(RESET)
    PWM0Generator3_Handler                   0x00000283   Thumb Code     0  startup.o(RESET)
    PWM1Fault_Handler                        0x00000283   Thumb Code     0  startup.o(RESET)
    PWM1Generator0_Handler                   0x00000283   Thumb Code     0  startup.o(RESET)
    PWM1Generator1_Handler                   0x00000283   Thumb Code     0  startup.o(RESET)
    PWM1Generator2_Handler                   0x00000283   Thumb Code     0  startup.o(RESET)
    PWM1Generator3_Handler                   0x00000283   Thumb Code     0  startup.o(RESET)
    Quadrature0_Handler                      0x00000283   Thumb Code     0  startup.o(RESET)
    Quadrature1_Handler                      0x00000283   Thumb Code     0  startup.o(RESET)
    Quadrature2_Handler                      0x00000283   Thumb Code     0  startup.o(RESET)
    SSI0_Handler                             0x00000283   Thumb Code     0  startup.o(RESET)
    SSI1_Handler                             0x00000283   Thumb Code     0  startup.o(RESET)
    SSI2_Handler                             0x00000283   Thumb Code     0  startup.o(RESET)
    SSI3_Handler                             0x00000283   Thumb Code     0  startup.o(RESET)
    SysCtl_Handler                           0x00000283   Thumb Code     0  startup.o(RESET)
    Timer0A_Handler                          0x00000283   Thumb Code     0  startup.o(RESET)
    Timer0B_Handler                          0x00000283   Thumb Code     0  startup.o(RESET)
    Timer1A_Handler                          0x00000283   Thumb Code     0  startup.o(RESET)
    Timer1B_Handler                          0x00000283   Thumb Code     0  startup.o(RESET)
    Timer2B_Handler                          0x00000283   Thumb Code     0  startup.o(RESET)
    Timer3A_Handler                          0x00000283   Thumb Code     0  startup.o(RESET)
    Timer3B_Handler                          0x00000283   Thumb Code     0  startup.o(RESET)
    Timer4B_Handler                          0x00000283   Thumb Code     0  startup.o(RESET)
    Timer5B_Handler                          0x00000283   Thumb Code     0  startup.o(RESET)
    UART0_Handler                            0x00000283   Thumb Code     0  startup.o(RESET)
    UART1_Handler                            0x00000283   Thumb Code     0  startup.o(RESET)
    UART2_Handler                            0x00000283   Thumb Code     0  startup.o(RESET)
    UART3_Handler                            0x00000283   Thumb Code     0  startup.o(RESET)
    UART4_Handler                            0x00000283   Thumb Code     0  startup.o(RESET)
    UART5_Handler                            0x00000283   Thumb Code     0  startup.o(RESET)
    UART6_Handler                            0x00000283   Thumb Code     0  startup.o(RESET)
    UART7_Handler                            0x00000283   Thumb Code     0  startup.o(RESET)
    USB0_Handler                             0x00000283   Thumb Code     0  startup.o(RESET)
    WDT_Handler                              0x00000283   Thumb Code     0  startup.o(RESET)
    WideTimer0A_Handler                      0x00000283   Thumb Code     0  startup.o(RESET)
    WideTimer0B_Handler                      0x00000283   Thumb Code     0  startup.o(RESET)
    WideTimer1A_Handler                      0x00000283   Thumb Code     0  startup.o(RESET)
    WideTimer1B_Handler                      0x00000283   Thumb Code     0  startup.o(RESET)
    WideTimer2A_Handler                      0x00000283   Thumb Code     0  startup.o(RESET)
    WideTimer2B_Handler                      0x00000283   Thumb Code     0  startup.o(RESET)
    WideTimer3A_Handler                      0x00000283   Thumb Code     0  startup.o(RESET)
    WideTimer3B_Handler                      0x00000283   Thumb Code     0  startup.o(RESET)
    WideTimer4A_Handler                      0x00000283   Thumb Code     0  startup.o(RESET)
    WideTimer4B_Handler                      0x00000283   Thumb Code     0  startup.o(RESET)
    WideTimer5A_Handler                      0x00000283   Thumb Code     0  startup.o(RESET)
    WideTimer5B_Handler                      0x00000283   Thumb Code     0  startup.o(RESET)
    uDMA_Error                               0x00000283   Thumb Code     0  startup.o(RESET)
    uDMA_Handler                             0x00000283   Thumb Code     0  startup.o(RESET)
    __main                                   0x00000285   Thumb Code     8  __main.o(!!!main)
    __scatterload                            0x0000028d   Thumb Code     0  __scatter.o(!!!scatter)
    __scatterload_rt2                        0x0000028d   Thumb Code    44  __scatter.o(!!!scatter)
    __scatterload_rt2_thumb_only             0x0000028d   Thumb Code     0  __scatter.o(!!!scatter)
    __scatterload_null                       0x0000029b   Thumb Code     0  __scatter.o(!!!scatter)
    __scatterload_copy                       0x000002c1   Thumb Code    26  __scatter_copy.o(!!handler_copy)
    __scatterload_zeroinit                   0x000002dd   Thumb Code    28  __scatter_zi.o(!!handler_zi)
    __rt_lib_init                            0x000002f9   Thumb Code     0  libinit.o(.ARM.Collect$$libinit$$00000000)
    __rt_lib_init_alloca_1                   0x000002fb   Thumb Code     0  libinit2.o(.ARM.Collect$$libinit$$0000002C)
    __rt_lib_init_argv_1                     0x000002fb   Thumb Code     0  libinit2.o(.ARM.Collect$$libinit$$0000002A)
    __rt_lib_init_atexit_1                   0x000002fb   Thumb Code     0  libinit2.o(.ARM.Collect$$libinit$$00000019)
    __rt_lib_init_clock_1                    0x000002fb   Thumb Code     0  libinit2.o(.ARM.Collect$$libinit$$0000001F)
    __rt_lib_init_cpp_1                      0x000002fb   Thumb Code     0  libinit2.o(.ARM.Collect$$libinit$$00000030)
    __rt_lib_init_exceptions_1               0x000002fb   Thumb Code     0  libinit2.o(.ARM.Collect$$libinit$$0000002E)
    __rt_lib_init_fp_1                       0x000002fb   Thumb Code     0  libinit2.o(.ARM.Collect$$libinit$$00000002)
    __rt_lib_init_fp_trap_1                  0x000002fb   Thumb Code     0  libinit2.o(.ARM.Collect$$libinit$$0000001D)
    __rt_lib_init_getenv_1                   0x000002fb   Thumb Code     0  libinit2.o(.ARM.Collect$$libinit$$00000021)
    __rt_lib_init_heap_1                     0x000002fb   Thumb Code     0  libinit2.o(.ARM.Collect$$libinit$$00000008)
    __rt_lib_init_lc_collate_1               0x000002fb   Thumb Code     0  libinit2.o(.ARM.Collect$$libinit$$0000000F)
    __rt_lib_init_lc_ctype_1                 0x000002fb   Thumb Code     0  libinit2.o(.ARM.Collect$$libinit$$00000011)
    __rt_lib_init_lc_monetary_1              0x000002fb   Thumb Code     0  libinit2.o(.ARM.Collect$$libinit$$00000013)
    __rt_lib_init_lc_numeric_1               0x000002fb   Thumb Code     0  libinit2.o(.ARM.Collect$$libinit$$00000015)
    __rt_lib_init_lc_time_1                  0x000002fb   Thumb Code     0  libinit2.o(.ARM.Collect$$libinit$$00000017)
    __rt_lib_init_rand_1                     0x000002fb   Thumb Code     0  libinit2.o(.ARM.Collect$$libinit$$0000000C)
    __rt_lib_init_return                     0x000002fb   Thumb Code     0  libinit2.o(.ARM.Collect$$libinit$$00000031)
    __rt_lib_init_signal_1                   0x000002fb   Thumb Code     0  libinit2.o(.ARM.Collect$$libinit$$0000001B)
    __rt_lib_init_stdio_1                    0x000002fb   Thumb Code     0  libinit2.o(.ARM.Collect$$libinit$$00000023)
    __rt_lib_init_user_alloc_1               0x000002fb   Thumb Code     0  libinit2.o(.ARM.Collect$$libinit$$0000000A)
    __rt_lib_shutdown                        0x000002fd   Thumb Code     0  libshutdown.o(.ARM.Collect$$libshutdown$$00000000)
    __rt_lib_shutdown_fp_trap_1              0x000002ff   Thumb Code     0  libshutdown2.o(.ARM.Collect$$libshutdown$$00000006)
    __rt_lib_shutdown_heap_1                 0x000002ff   Thumb Code     0  libshutdown2.o(.ARM.Collect$$libshutdown$$0000000E)
    __rt_lib_shutdown_return                 0x000002ff   Thumb Code     0  libshutdown2.o(.ARM.Collect$$libshutdown$$0000000F)
    __rt_lib_shutdown_signal_1               0x000002ff   Thumb Code     0  libshutdown2.o(.ARM.Collect$$libshutdown$$00000009)
    __rt_lib_shutdown_stdio_1                0x000002ff   Thumb Code     0  libshutdown2.o(.ARM.Collect$$libshutdown$$00000003)
    __rt_lib_shutdown_user_alloc_1           0x000002ff   Thumb Code     0  libshutdown2.o(.ARM.Collect$$libshutdown$$0000000B)
    __rt_entry                               0x00000301   Thumb Code     0  rtentry.o(.ARM.Collect$$rtentry$$00000000)
    __rt_entry_presh_1                       0x00000301   Thumb Code     0  rtentry2.o(.ARM.Collect$$rtentry$$00000002)
    __rt_entry_sh                            0x00000301   Thumb Code     0  rtentry4.o(.ARM.Collect$$rtentry$$00000004)
    __rt_entry_li                            0x00000307   Thumb Code     0  rtentry2.o(.ARM.Collect$$rtentry$$0000000A)
    __rt_entry_postsh_1                      0x00000307   Thumb Code     0  rtentry2.o(.ARM.Collect$$rtentry$$00000009)
    __rt_entry_main                          0x0000030b   Thumb Code     0  rtentry2.o(.ARM.Collect$$rtentry$$0000000D)
    __rt_entry_postli_1                      0x0000030b   Thumb Code     0  rtentry2.o(.ARM.Collect$$rtentry$$0000000C)
    __rt_exit                                0x00000313   Thumb Code     0  rtexit.o(.ARM.Collect$$rtexit$$00000000)
    __rt_exit_ls                             0x00000315   Thumb Code     0  rtexit2.o(.ARM.Collect$$rtexit$$00000003)
    __rt_exit_prels_1                        0x00000315   Thumb Code     0  rtexit2.o(.ARM.Collect$$rtexit$$00000002)
    __rt_exit_exit                           0x00000319   Thumb Code     0  rtexit2.o(.ARM.Collect$$rtexit$$00000004)
    Random_Init                              0x00000321   Thumb Code     0  random.o(.text)
    Random32                                 0x0000032b   Thumb Code     2  random.o(.text)
    Random                                   0x0000033d   Thumb Code     2  random.o(.text)
    DisableInterrupts                        0x00000361   Thumb Code     0  startup.o(.text)
    EnableInterrupts                         0x00000365   Thumb Code     0  startup.o(.text)
    StartCritical                            0x00000369   Thumb Code     0  startup.o(.text)
    EndCritical                              0x00000371   Thumb Code     0  startup.o(.text)
    WaitForInterrupt                         0x00000377   Thumb Code     0  startup.o(.text)
    __user_initial_stackheap                 0x0000037b   Thumb Code     0  startup.o(.text)
    __use_two_region_memory                  0x00000391   Thumb Code     2  heapauxi.o(.text)
    __rt_heap_escrow$2region                 0x00000393   Thumb Code     2  heapauxi.o(.text)
    __rt_heap_expand$2region                 0x00000395   Thumb Code     2  heapauxi.o(.text)
    __user_setup_stackheap                   0x00000397   Thumb Code    74  sys_stackheap_outer.o(.text)
    exit                                     0x000003e1   Thumb Code    12  exit.o(.text)
    __user_libspace                          0x000003ed   Thumb Code     8  libspace.o(.text)
    __user_perproc_libspace                  0x000003ed   Thumb Code     0  libspace.o(.text)
    __user_perthread_libspace                0x000003ed   Thumb Code     0  libspace.o(.text)
    _sys_exit                                0x000003f5   Thumb Code     8  sys_exit.o(.text)
    __I$use$semihosting                      0x00000401   Thumb Code     0  use_no_semi.o(.text)
    __use_no_semihosting_swi                 0x00000401   Thumb Code     2  use_no_semi.o(.text)
    __semihosting_library_function           0x00000403   Thumb Code     0  indicate_semi.o(.text)
    ADC0_In                                  0x00000405   Thumb Code    46  adc.o(i.ADC0_In)
    ADC0_Init                                0x0000043d   Thumb Code   160  adc.o(i.ADC0_Init)
    ADC1_In                                  0x00000505   Thumb Code     6  texas.o(i.ADC1_In)
    ADC1_Init                                0x00000511   Thumb Code   174  texas.o(i.ADC1_Init)
    DAC_Init                                 0x000005e5   Thumb Code    92  dac.o(i.DAC_Init)
    DAC_Out                                  0x00000661   Thumb Code    34  dac.o(i.DAC_Out)
    Enemy_ControlDeath                       0x0000068d   Thumb Code    66  enemy.o(i.Enemy_ControlDeath)
    Enemy_Draw                               0x000006cf   Thumb Code   182  enemy.o(i.Enemy_Draw)
    Enemy_InitEnemy                          0x00000785   Thumb Code    34  enemy.o(i.Enemy_InitEnemy)
    Enemy_NextPos                            0x000007a7   Thumb Code   244  enemy.o(i.Enemy_NextPos)
    Enemy_NextState                          0x0000089d   Thumb Code    46  enemy.o(i.Enemy_NextState)
    Enemy_Reset                              0x000008d1   Thumb Code    10  enemy.o(i.Enemy_Reset)
    Enemy_Shoots                             0x000008db   Thumb Code   176  enemy.o(i.Enemy_Shoots)
    GPIOPortE_Handler                        0x0000098d   Thumb Code    50  switches.o(i.GPIOPortE_Handler)
    GameEngine_IncreaseDifficulty            0x000009cd   Thumb Code    40  gameenginecycle.o(i.GameEngine_IncreaseDifficulty)
    GameEngine_IncreaseGroundHeight          0x000009f9   Thumb Code    34  gameenginecycle.o(i.GameEngine_IncreaseGroundHeight)
    GameEngine_IncreaseTimeSpecial           0x00000a21   Thumb Code    34  gameenginecycle.o(i.GameEngine_IncreaseTimeSpecial)
    GameEngine_Init                          0x00000a49   Thumb Code   198  gameenginecycle.o(i.GameEngine_Init)
    GameEngine_ShowHUD                       0x00000b9d   Thumb Code   128  gameenginecycle.o(i.GameEngine_ShowHUD)
    LED_Init                                 0x00000c2d   Thumb Code    80  led.o(i.LED_Init)
    LED_ResetGreen                           0x00000c99   Thumb Code    16  led.o(i.LED_ResetGreen)
    LED_ResetYellow                          0x00000cb1   Thumb Code    16  led.o(i.LED_ResetYellow)
    LED_SetGreen                             0x00000cc9   Thumb Code    16  led.o(i.LED_SetGreen)
    LED_SetYellow                            0x00000ce1   Thumb Code    16  led.o(i.LED_SetYellow)
    Nokia5110_AskLastPixel                   0x00000cf9   Thumb Code    70  nokia5110.o(i.Nokia5110_AskLastPixel)
    Nokia5110_AskPixel                       0x00000d45   Thumb Code    70  nokia5110.o(i.Nokia5110_AskPixel)
    Nokia5110_Clear                          0x00000d91   Thumb Code    32  nokia5110.o(i.Nokia5110_Clear)
    Nokia5110_ClearBuffer                    0x00000db1   Thumb Code    20  nokia5110.o(i.Nokia5110_ClearBuffer)
    Nokia5110_DisplayBuffer                  0x00000dc9   Thumb Code    10  nokia5110.o(i.Nokia5110_DisplayBuffer)
    Nokia5110_DrawFullImage                  0x00000dd9   Thumb Code    34  nokia5110.o(i.Nokia5110_DrawFullImage)
    Nokia5110_Init                           0x00000dfd   Thumb Code   316  nokia5110.o(i.Nokia5110_Init)
    Nokia5110_OutChar_4x4pix_toBuffer        0x00000f69   Thumb Code   194  nokia5110.o(i.Nokia5110_OutChar_4x4pix_toBuffer)
    Nokia5110_OutString_4x4pix_toBuffer      0x00001035   Thumb Code    44  nokia5110.o(i.Nokia5110_OutString_4x4pix_toBuffer)
    Nokia5110_OutUDec_4x4pix_toBuffer        0x00001061   Thumb Code    88  nokia5110.o(i.Nokia5110_OutUDec_4x4pix_toBuffer)
    Nokia5110_PrintBMP                       0x000010b9   Thumb Code   420  nokia5110.o(i.Nokia5110_PrintBMP)
    Nokia5110_SaveLastBuffer                 0x00001261   Thumb Code    22  nokia5110.o(i.Nokia5110_SaveLastBuffer)
    Nokia5110_SetCursor                      0x00001281   Thumb Code    48  nokia5110.o(i.Nokia5110_SetCursor)
    Nokia5110_SetPixel                       0x000012b1   Thumb Code    64  nokia5110.o(i.Nokia5110_SetPixel)
    PLL_Init                                 0x000012f5   Thumb Code   118  texas.o(i.PLL_Init)
    PlayerShip_ControlShip                   0x00001371   Thumb Code   194  playership.o(i.PlayerShip_ControlShip)
    PlayerShip_Draw                          0x0000143d   Thumb Code    28  playership.o(i.PlayerShip_Draw)
    PlayerShip_IncreaseScore                 0x00001459   Thumb Code    22  playership.o(i.PlayerShip_IncreaseScore)
    PlayerShip_InitShip                      0x0000146f   Thumb Code   120  playership.o(i.PlayerShip_InitShip)
    PlayerShip_InitSpecialShoot              0x000014e7   Thumb Code    36  playership.o(i.PlayerShip_InitSpecialShoot)
    PlayerShip_Reset                         0x0000150b   Thumb Code    12  playership.o(i.PlayerShip_Reset)
    PlayerShip_Shoots                        0x00001519   Thumb Code   340  playership.o(i.PlayerShip_Shoots)
    PlayerShip_hasLives                      0x00001671   Thumb Code    16  playership.o(i.PlayerShip_hasLives)
    PlayerShip_isDead                        0x00001681   Thumb Code    18  playership.o(i.PlayerShip_isDead)
    PlayerShip_specialShoot                  0x00001695   Thumb Code   366  playership.o(i.PlayerShip_specialShoot)
    SetCode                                  0x00001809   Thumb Code    20  texas.o(i.SetCode)
    SetCourse                                0x00001821   Thumb Code    20  texas.o(i.SetCourse)
    SlidePot_Convert                         0x00001839   Thumb Code    48  slidepot.o(i.SlidePot_Convert)
    SlidePot_Init                            0x0000186d   Thumb Code     8  slidepot.o(i.SlidePot_Init)
    SlidePot_toPixelY                        0x00001875   Thumb Code    66  slidepot.o(i.SlidePot_toPixelY)
    Sound_Explosion                          0x000018b9   Thumb Code    14  sound.o(i.Sound_Explosion)
    Sound_Fastinvader1                       0x000018cd   Thumb Code    14  sound.o(i.Sound_Fastinvader1)
    Sound_Highpitch                          0x000018e1   Thumb Code    14  sound.o(i.Sound_Highpitch)
    Sound_Init                               0x000018f5   Thumb Code    26  sound.o(i.Sound_Init)
    Sound_Killed                             0x00001919   Thumb Code    14  sound.o(i.Sound_Killed)
    Sound_Play                               0x0000192d   Thumb Code    26  sound.o(i.Sound_Play)
    Sound_Shoot                              0x00001955   Thumb Code    14  sound.o(i.Sound_Shoot)
    SwitchesInit                             0x00001969   Thumb Code   172  switches.o(i.SwitchesInit)
    SysTick_Handler                          0x00001a45   Thumb Code   414  gameenginecycle.o(i.SysTick_Handler)
    SysTick_Init                             0x00001c4d   Thumb Code    22  gameenginecycle.o(i.SysTick_Init)
    TExaS_Init                               0x00001c65   Thumb Code   324  texas.o(i.TExaS_Init)
    Terrain_Create                           0x00001e29   Thumb Code   138  terrain.o(i.Terrain_Create)
    Terrain_Draw                             0x00001eb3   Thumb Code    54  terrain.o(i.Terrain_Draw)
    Terrain_GroundNextY                      0x00001ee9   Thumb Code    74  terrain.o(i.Terrain_GroundNextY)
    Terrain_InitTerrain                      0x00001f33   Thumb Code    74  terrain.o(i.Terrain_InitTerrain)
    Terrain_SetHeight                        0x00001f7d   Thumb Code     6  terrain.o(i.Terrain_SetHeight)
    Timer2A_Handler                          0x00001f85   Thumb Code    58  sound.o(i.Timer2A_Handler)
    Timer2A_Start                            0x00001fd1   Thumb Code    14  sound.o(i.Timer2A_Start)
    Timer2A_Stop                             0x00001fe5   Thumb Code    14  sound.o(i.Timer2A_Stop)
    Timer2_Init                              0x00001ff9   Thumb Code    80  sound.o(i.Timer2_Init)
    Timer4A_Handler                          0x00002059   Thumb Code    20  texas.o(i.Timer4A_Handler)
    Timer5A_Handler                          0x00002079   Thumb Code    34  texas.o(i.Timer5A_Handler)
    UART0_Init                               0x000020a9   Thumb Code   160  texas.o(i.UART0_Init)
    main                                     0x000021b5   Thumb Code   408  mainthread.o(i.main)
    StartImage                               0x00002378   Data        1879  mainthread.o(.constdata)
    NoInputMsg                               0x00002acf   Data          40  texas.o(.constdata)
    OutputPortMsg0                           0x00002af7   Data          40  texas.o(.constdata)
    OutputPortMsg1                           0x00002b1f   Data          40  texas.o(.constdata)
    OutputPortMsg2                           0x00002b47   Data          40  texas.o(.constdata)
    OutputPortMsg3                           0x00002b6f   Data          40  texas.o(.constdata)
    BlankMsg                                 0x00002b97   Data          40  texas.o(.constdata)
    InitializedMsg                           0x00002bbf   Data          40  texas.o(.constdata)
    IntroMsg                                 0x00002be7   Data          40  texas.o(.constdata)
    DoneMsg                                  0x00002c0f   Data          40  texas.o(.constdata)
    shoot                                    0x00002f93   Data        4080  sound.o(.constdata)
    invaderkilled                            0x00003f83   Data        3377  sound.o(.constdata)
    explosion                                0x00004cb4   Data        2000  sound.o(.constdata)
    fastinvader1                             0x00005484   Data         982  sound.o(.constdata)
    fastinvader2                             0x0000585a   Data        1042  sound.o(.constdata)
    fastinvader3                             0x00005c6c   Data        1054  sound.o(.constdata)
    fastinvader4                             0x0000608a   Data        1098  sound.o(.constdata)
    highpitch                                0x000064d4   Data        1802  sound.o(.constdata)
    PlayerShipCenter                         0x00006bde   Data         175  gameenginecycle.o(.constdata)
    PlayerShipDown                           0x00006c8d   Data         175  gameenginecycle.o(.constdata)
    PlayerShipUp                             0x00006d3c   Data         175  gameenginecycle.o(.constdata)
    PlayerShipDestruction1                   0x00006deb   Data         175  gameenginecycle.o(.constdata)
    PlayerShipDestruction2                   0x00006e9a   Data         175  gameenginecycle.o(.constdata)
    PlayerShipDestruction3                   0x00006f49   Data         175  gameenginecycle.o(.constdata)
    SpecialShootMiddle1                      0x00006ff8   Data         159  gameenginecycle.o(.constdata)
    SpecialShootMiddle2                      0x00007097   Data         159  gameenginecycle.o(.constdata)
    SpecialShootUp1                          0x00007136   Data         155  gameenginecycle.o(.constdata)
    SpecialShootUp2                          0x000071d1   Data         155  gameenginecycle.o(.constdata)
    SpecialShootDown1                        0x0000726c   Data         155  gameenginecycle.o(.constdata)
    SpecialShootDown2                        0x00007307   Data         155  gameenginecycle.o(.constdata)
    enemy1Alive1                             0x000073a2   Data         183  gameenginecycle.o(.constdata)
    enemy1Alive2                             0x00007459   Data         183  gameenginecycle.o(.constdata)
    enemy1Alive3                             0x00007510   Data         183  gameenginecycle.o(.constdata)
    enemy1Dying1                             0x000075c7   Data         183  gameenginecycle.o(.constdata)
    enemy1Dying2                             0x0000767e   Data         183  gameenginecycle.o(.constdata)
    enemy2Alive1                             0x00007735   Data         183  gameenginecycle.o(.constdata)
    enemy2Alive2                             0x000077ec   Data         183  gameenginecycle.o(.constdata)
    enemy2Alive3                             0x000078a3   Data         183  gameenginecycle.o(.constdata)
    enemy2Dying1                             0x0000795a   Data         183  gameenginecycle.o(.constdata)
    enemy2Dying2                             0x00007a11   Data         183  gameenginecycle.o(.constdata)
    enemy3Alive1                             0x00007ac8   Data         183  gameenginecycle.o(.constdata)
    enemy3Alive2                             0x00007b7f   Data         183  gameenginecycle.o(.constdata)
    enemy3Alive3                             0x00007c36   Data         183  gameenginecycle.o(.constdata)
    enemy3Dying1                             0x00007ced   Data         183  gameenginecycle.o(.constdata)
    enemy3Dying2                             0x00007da4   Data         183  gameenginecycle.o(.constdata)
    enemyFSM                                 0x00007e5c   Data          36  enemy.o(.constdata)
    PlayerShipFSM                            0x00007e80   Data          84  playership.o(.constdata)
    Region$$Table$$Base                      0x00007ed4   Number         0  anon$$obj.o(Region$$Table)
    Region$$Table$$Limit                     0x00007ef4   Number         0  anon$$obj.o(Region$$Table)
    ExecuteMain                              0x20000000   Data           1  mainthread.o(.data)
    difficulty                               0x20000002   Data           2  mainthread.o(.data)
    GroundMaxHeight                          0x20000004   Data           2  mainthread.o(.data)
    TExaS_Period                             0x20000008   Data           4  texas.o(.data)
    TExaS_Ports                              0x2000000c   Data           8  texas.o(.data)
    Display                                  0x20000014   Data           1  texas.o(.data)
    TExaS_Meter                              0x20000018   Data           4  texas.o(.data)
    ADCnum                                   0x2000001c   Data           4  texas.o(.data)
    LastMode                                 0x20000020   Data           4  texas.o(.data)
    bFlag                                    0x20000024   Data           4  texas.o(.data)
    Count                                    0x20000028   Data           4  texas.o(.data)
    DelayBetweenTests                        0x2000002c   Data           4  texas.o(.data)
    TExaS_Test                               0x20000030   Data           4  texas.o(.data)
    ScopeMode                                0x20000034   Data           4  texas.o(.data)
    ScopeCount                               0x20000038   Data           4  texas.o(.data)
    Index                                    0x2000003c   Data           4  sound.o(.data)
    Wave                                     0x20000040   Data           4  sound.o(.data)
    SoundCounter                             0x20000044   Data           4  sound.o(.data)
    Switch_shoot                             0x2000004e   Data           1  gameenginecycle.o(.data)
    Switch_special                           0x2000004f   Data           1  gameenginecycle.o(.data)
    PixelY                                   0x20000050   Data           1  gameenginecycle.o(.data)
    interruptCounter                         0x20000054   Data           4  gameenginecycle.o(.data)
    timeToSpecial                            0x20000058   Data           2  gameenginecycle.o(.data)
    timerSpecialAttack                       0x2000005a   Data           2  gameenginecycle.o(.data)
    enemy                                    0x20000064   Data         160  mainthread.o(.bss)
    playerShip                               0x20000104   Data          88  mainthread.o(.bss)
    terrain                                  0x2000015c   Data         254  mainthread.o(.bss)
    TExaS                                    0x20000260   Data          56  texas.o(.bss)
    Screen                                   0x20000298   Data         504  nokia5110.o(.bss)
    ScreenLast                               0x20000490   Data         504  nokia5110.o(.bss)
    __libspace_start                         0x20000688   Data          96  libspace.o(.bss)
    __temporary_stack_top$libspace           0x200006e8   Data           0  libspace.o(.bss)



==============================================================================

Memory Map of the image

  Image Entry point : 0x0000026d

  Load Region LR_1 (Base: 0x00000000, Size: 0x00007f58, Max: 0xffffffff, ABSOLUTE)

    Execution Region ER_RO (Base: 0x00000000, Size: 0x00007ef4, Max: 0xffffffff, ABSOLUTE)

    Base Addr    Size         Type   Attr      Idx    E Section Name        Object

    0x00000000   0x00000284   Code   RO          195  * RESET               startup.o
    0x00000284   0x00000008   Code   RO          869  * !!!main             c_w.l(__main.o)
    0x0000028c   0x00000034   Code   RO         1023    !!!scatter          c_w.l(__scatter.o)
    0x000002c0   0x0000001a   Code   RO         1025    !!handler_copy      c_w.l(__scatter_copy.o)
    0x000002da   0x00000002   PAD
    0x000002dc   0x0000001c   Code   RO         1027    !!handler_zi        c_w.l(__scatter_zi.o)
    0x000002f8   0x00000002   Code   RO          896    .ARM.Collect$$libinit$$00000000  c_w.l(libinit.o)
    0x000002fa   0x00000000   Code   RO          903    .ARM.Collect$$libinit$$00000002  c_w.l(libinit2.o)
    0x000002fa   0x00000000   Code   RO          906    .ARM.Collect$$libinit$$00000008  c_w.l(libinit2.o)
    0x000002fa   0x00000000   Code   RO          908    .ARM.Collect$$libinit$$0000000A  c_w.l(libinit2.o)
    0x000002fa   0x00000000   Code   RO          910    .ARM.Collect$$libinit$$0000000C  c_w.l(libinit2.o)
    0x000002fa   0x00000000   Code   RO          913    .ARM.Collect$$libinit$$0000000F  c_w.l(libinit2.o)
    0x000002fa   0x00000000   Code   RO          915    .ARM.Collect$$libinit$$00000011  c_w.l(libinit2.o)
    0x000002fa   0x00000000   Code   RO          917    .ARM.Collect$$libinit$$00000013  c_w.l(libinit2.o)
    0x000002fa   0x00000000   Code   RO          919    .ARM.Collect$$libinit$$00000015  c_w.l(libinit2.o)
    0x000002fa   0x00000000   Code   RO          921    .ARM.Collect$$libinit$$00000017  c_w.l(libinit2.o)
    0x000002fa   0x00000000   Code   RO          923    .ARM.Collect$$libinit$$00000019  c_w.l(libinit2.o)
    0x000002fa   0x00000000   Code   RO          925    .ARM.Collect$$libinit$$0000001B  c_w.l(libinit2.o)
    0x000002fa   0x00000000   Code   RO          927    .ARM.Collect$$libinit$$0000001D  c_w.l(libinit2.o)
    0x000002fa   0x00000000   Code   RO          929    .ARM.Collect$$libinit$$0000001F  c_w.l(libinit2.o)
    0x000002fa   0x00000000   Code   RO          931    .ARM.Collect$$libinit$$00000021  c_w.l(libinit2.o)
    0x000002fa   0x00000000   Code   RO          933    .ARM.Collect$$libinit$$00000023  c_w.l(libinit2.o)
    0x000002fa   0x00000000   Code   RO          937    .ARM.Collect$$libinit$$0000002A  c_w.l(libinit2.o)
    0x000002fa   0x00000000   Code   RO          939    .ARM.Collect$$libinit$$0000002C  c_w.l(libinit2.o)
    0x000002fa   0x00000000   Code   RO          941    .ARM.Collect$$libinit$$0000002E  c_w.l(libinit2.o)
    0x000002fa   0x00000000   Code   RO          943    .ARM.Collect$$libinit$$00000030  c_w.l(libinit2.o)
    0x000002fa   0x00000002   Code   RO          944    .ARM.Collect$$libinit$$00000031  c_w.l(libinit2.o)
    0x000002fc   0x00000002   Code   RO          964    .ARM.Collect$$libshutdown$$00000000  c_w.l(libshutdown.o)
    0x000002fe   0x00000000   Code   RO          978    .ARM.Collect$$libshutdown$$00000003  c_w.l(libshutdown2.o)
    0x000002fe   0x00000000   Code   RO          981    .ARM.Collect$$libshutdown$$00000006  c_w.l(libshutdown2.o)
    0x000002fe   0x00000000   Code   RO          984    .ARM.Collect$$libshutdown$$00000009  c_w.l(libshutdown2.o)
    0x000002fe   0x00000000   Code   RO          986    .ARM.Collect$$libshutdown$$0000000B  c_w.l(libshutdown2.o)
    0x000002fe   0x00000000   Code   RO          989    .ARM.Collect$$libshutdown$$0000000E  c_w.l(libshutdown2.o)
    0x000002fe   0x00000002   Code   RO          990    .ARM.Collect$$libshutdown$$0000000F  c_w.l(libshutdown2.o)
    0x00000300   0x00000000   Code   RO          871    .ARM.Collect$$rtentry$$00000000  c_w.l(rtentry.o)
    0x00000300   0x00000000   Code   RO          873    .ARM.Collect$$rtentry$$00000002  c_w.l(rtentry2.o)
    0x00000300   0x00000006   Code   RO          885    .ARM.Collect$$rtentry$$00000004  c_w.l(rtentry4.o)
    0x00000306   0x00000000   Code   RO          875    .ARM.Collect$$rtentry$$00000009  c_w.l(rtentry2.o)
    0x00000306   0x00000004   Code   RO          876    .ARM.Collect$$rtentry$$0000000A  c_w.l(rtentry2.o)
    0x0000030a   0x00000000   Code   RO          878    .ARM.Collect$$rtentry$$0000000C  c_w.l(rtentry2.o)
    0x0000030a   0x00000008   Code   RO          879    .ARM.Collect$$rtentry$$0000000D  c_w.l(rtentry2.o)
    0x00000312   0x00000002   Code   RO          900    .ARM.Collect$$rtexit$$00000000  c_w.l(rtexit.o)
    0x00000314   0x00000000   Code   RO          946    .ARM.Collect$$rtexit$$00000002  c_w.l(rtexit2.o)
    0x00000314   0x00000004   Code   RO          947    .ARM.Collect$$rtexit$$00000003  c_w.l(rtexit2.o)
    0x00000318   0x00000006   Code   RO          948    .ARM.Collect$$rtexit$$00000004  c_w.l(rtexit2.o)
    0x0000031e   0x00000002   PAD
    0x00000320   0x00000040   Code   RO          189    .text               random.o
    0x00000360   0x00000030   Code   RO          196    .text               startup.o
    0x00000390   0x00000006   Code   RO          867    .text               c_w.l(heapauxi.o)
    0x00000396   0x0000004a   Code   RO          887    .text               c_w.l(sys_stackheap_outer.o)
    0x000003e0   0x0000000c   Code   RO          889    .text               c_w.l(exit.o)
    0x000003ec   0x00000008   Code   RO          897    .text               c_w.l(libspace.o)
    0x000003f4   0x0000000c   Code   RO          956    .text               c_w.l(sys_exit.o)
    0x00000400   0x00000002   Code   RO          967    .text               c_w.l(use_no_semi.o)
    0x00000402   0x00000000   Code   RO          969    .text               c_w.l(indicate_semi.o)
    0x00000402   0x00000002   PAD
    0x00000404   0x00000038   Code   RO          202    i.ADC0_In           adc.o
    0x0000043c   0x000000c8   Code   RO          203    i.ADC0_Init         adc.o
    0x00000504   0x0000000c   Code   RO           69    i.ADC1_In           texas.o
    0x00000510   0x000000d4   Code   RO           70    i.ADC1_Init         texas.o
    0x000005e4   0x0000007c   Code   RO          458    i.DAC_Init          dac.o
    0x00000660   0x0000002c   Code   RO          459    i.DAC_Out           dac.o
    0x0000068c   0x00000042   Code   RO          674    i.Enemy_ControlDeath  enemy.o
    0x000006ce   0x000000b6   Code   RO          675    i.Enemy_Draw        enemy.o
    0x00000784   0x00000022   Code   RO          676    i.Enemy_InitEnemy   enemy.o
    0x000007a6   0x000000f4   Code   RO          677    i.Enemy_NextPos     enemy.o
    0x0000089a   0x00000002   PAD
    0x0000089c   0x00000034   Code   RO          678    i.Enemy_NextState   enemy.o
    0x000008d0   0x0000000a   Code   RO          679    i.Enemy_Reset       enemy.o
    0x000008da   0x000000b0   Code   RO          680    i.Enemy_Shoots      enemy.o
    0x0000098a   0x00000002   PAD
    0x0000098c   0x00000040   Code   RO          250    i.GPIOPortE_Handler  switches.o
    0x000009cc   0x0000002c   Code   RO          582    i.GameEngine_IncreaseDifficulty  gameenginecycle.o
    0x000009f8   0x00000028   Code   RO          583    i.GameEngine_IncreaseGroundHeight  gameenginecycle.o
    0x00000a20   0x00000028   Code   RO          584    i.GameEngine_IncreaseTimeSpecial  gameenginecycle.o
    0x00000a48   0x00000154   Code   RO          585    i.GameEngine_Init   gameenginecycle.o
    0x00000b9c   0x00000090   Code   RO          586    i.GameEngine_ShowHUD  gameenginecycle.o
    0x00000c2c   0x0000006c   Code   RO          410    i.LED_Init          led.o
    0x00000c98   0x00000018   Code   RO          411    i.LED_ResetGreen    led.o
    0x00000cb0   0x00000018   Code   RO          412    i.LED_ResetYellow   led.o
    0x00000cc8   0x00000018   Code   RO          413    i.LED_SetGreen      led.o
    0x00000ce0   0x00000018   Code   RO          414    i.LED_SetYellow     led.o
    0x00000cf8   0x0000004c   Code   RO          272    i.Nokia5110_AskLastPixel  nokia5110.o
    0x00000d44   0x0000004c   Code   RO          273    i.Nokia5110_AskPixel  nokia5110.o
    0x00000d90   0x00000020   Code   RO          274    i.Nokia5110_Clear   nokia5110.o
    0x00000db0   0x00000018   Code   RO          275    i.Nokia5110_ClearBuffer  nokia5110.o
    0x00000dc8   0x00000010   Code   RO          277    i.Nokia5110_DisplayBuffer  nokia5110.o
    0x00000dd8   0x00000022   Code   RO          278    i.Nokia5110_DrawFullImage  nokia5110.o
    0x00000dfa   0x00000002   PAD
    0x00000dfc   0x0000016c   Code   RO          279    i.Nokia5110_Init    nokia5110.o
    0x00000f68   0x000000cc   Code   RO          282    i.Nokia5110_OutChar_4x4pix_toBuffer  nokia5110.o
    0x00001034   0x0000002c   Code   RO          285    i.Nokia5110_OutString_4x4pix_toBuffer  nokia5110.o
    0x00001060   0x00000058   Code   RO          287    i.Nokia5110_OutUDec_4x4pix_toBuffer  nokia5110.o
    0x000010b8   0x000001a8   Code   RO          288    i.Nokia5110_PrintBMP  nokia5110.o
    0x00001260   0x00000020   Code   RO          289    i.Nokia5110_SaveLastBuffer  nokia5110.o
    0x00001280   0x00000030   Code   RO          290    i.Nokia5110_SetCursor  nokia5110.o
    0x000012b0   0x00000044   Code   RO          291    i.Nokia5110_SetPixel  nokia5110.o
    0x000012f4   0x0000007c   Code   RO           71    i.PLL_Init          texas.o
    0x00001370   0x000000cc   Code   RO          779    i.PlayerShip_ControlShip  playership.o
    0x0000143c   0x0000001c   Code   RO          780    i.PlayerShip_Draw   playership.o
    0x00001458   0x00000016   Code   RO          781    i.PlayerShip_IncreaseScore  playership.o
    0x0000146e   0x00000078   Code   RO          782    i.PlayerShip_InitShip  playership.o
    0x000014e6   0x00000024   Code   RO          783    i.PlayerShip_InitSpecialShoot  playership.o
    0x0000150a   0x0000000c   Code   RO          784    i.PlayerShip_Reset  playership.o
    0x00001516   0x00000002   PAD
    0x00001518   0x00000158   Code   RO          785    i.PlayerShip_Shoots  playership.o
    0x00001670   0x00000010   Code   RO          786    i.PlayerShip_hasLives  playership.o
    0x00001680   0x00000012   Code   RO          787    i.PlayerShip_isDead  playership.o
    0x00001692   0x00000002   PAD
    0x00001694   0x00000174   Code   RO          788    i.PlayerShip_specialShoot  playership.o
    0x00001808   0x00000018   Code   RO           72    i.SetCode           texas.o
    0x00001820   0x00000018   Code   RO           73    i.SetCourse         texas.o
    0x00001838   0x00000034   Code   RO          226    i.SlidePot_Convert  slidepot.o
    0x0000186c   0x00000008   Code   RO          227    i.SlidePot_Init     slidepot.o
    0x00001874   0x00000042   Code   RO          228    i.SlidePot_toPixelY  slidepot.o
    0x000018b6   0x00000002   PAD
    0x000018b8   0x00000014   Code   RO          482    i.Sound_Explosion   sound.o
    0x000018cc   0x00000014   Code   RO          483    i.Sound_Fastinvader1  sound.o
    0x000018e0   0x00000014   Code   RO          487    i.Sound_Highpitch   sound.o
    0x000018f4   0x00000024   Code   RO          488    i.Sound_Init        sound.o
    0x00001918   0x00000014   Code   RO          489    i.Sound_Killed      sound.o
    0x0000192c   0x00000028   Code   RO          490    i.Sound_Play        sound.o
    0x00001954   0x00000014   Code   RO          491    i.Sound_Shoot       sound.o
    0x00001968   0x000000dc   Code   RO          251    i.SwitchesInit      switches.o
    0x00001a44   0x00000208   Code   RO          587    i.SysTick_Handler   gameenginecycle.o
    0x00001c4c   0x00000016   Code   RO          588    i.SysTick_Init      gameenginecycle.o
    0x00001c62   0x00000002   PAD
    0x00001c64   0x000001c4   Code   RO           77    i.TExaS_Init        texas.o
    0x00001e28   0x0000008a   Code   RO          740    i.Terrain_Create    terrain.o
    0x00001eb2   0x00000036   Code   RO          741    i.Terrain_Draw      terrain.o
    0x00001ee8   0x0000004a   Code   RO          742    i.Terrain_GroundNextY  terrain.o
    0x00001f32   0x0000004a   Code   RO          743    i.Terrain_InitTerrain  terrain.o
    0x00001f7c   0x00000006   Code   RO          744    i.Terrain_SetHeight  terrain.o
    0x00001f82   0x00000002   PAD
    0x00001f84   0x0000004c   Code   RO          492    i.Timer2A_Handler   sound.o
    0x00001fd0   0x00000014   Code   RO          493    i.Timer2A_Start     sound.o
    0x00001fe4   0x00000014   Code   RO          494    i.Timer2A_Stop      sound.o
    0x00001ff8   0x00000060   Code   RO          495    i.Timer2_Init       sound.o
    0x00002058   0x00000020   Code   RO           79    i.Timer4A_Handler   texas.o
    0x00002078   0x00000030   Code   RO           80    i.Timer5A_Handler   texas.o
    0x000020a8   0x000000c0   Code   RO           83    i.UART0_Init        texas.o
    0x00002168   0x0000004c   Code   RO          292    i.lcdwrite          nokia5110.o
    0x000021b4   0x000001c4   Code   RO            1    i.main              mainthread.o
    0x00002378   0x00000757   Data   RO            3    .constdata          mainthread.o
    0x00002acf   0x00000168   Data   RO           88    .constdata          texas.o
    0x00002c37   0x0000035c   Data   RO          294    .constdata          nokia5110.o
    0x00002f93   0x00003c4b   Data   RO          496    .constdata          sound.o
    0x00006bde   0x0000127d   Data   RO          589    .constdata          gameenginecycle.o
    0x00007e5b   0x00000001   PAD
    0x00007e5c   0x00000024   Data   RO          681    .constdata          enemy.o
    0x00007e80   0x00000054   Data   RO          789    .constdata          playership.o
    0x00007ed4   0x00000020   Data   RO         1021    Region$$Table       anon$$obj.o


    Execution Region ER_RW (Base: 0x20000000, Size: 0x00000064, Max: 0xffffffff, ABSOLUTE)

    Base Addr    Size         Type   Attr      Idx    E Section Name        Object

    0x20000000   0x00000006   Data   RW            4    .data               mainthread.o
    0x20000006   0x00000002   PAD
    0x20000008   0x00000034   Data   RW           89    .data               texas.o
    0x2000003c   0x0000000c   Data   RW          497    .data               sound.o
    0x20000048   0x00000014   Data   RW          590    .data               gameenginecycle.o
    0x2000005c   0x00000001   Data   RW          790    .data               playership.o
    0x2000005d   0x00000003   PAD
    0x20000060   0x00000004   Data   RW          188    DATA                random.o


    Execution Region ER_ZI (Base: 0x20000064, Size: 0x00000a84, Max: 0xffffffff, ABSOLUTE)

    Base Addr    Size         Type   Attr      Idx    E Section Name        Object

    0x20000064   0x000001f6   Zero   RW            2    .bss                mainthread.o
    0x2000025a   0x00000006   PAD
    0x20000260   0x00000038   Zero   RW           87    .bss                texas.o
    0x20000298   0x000003f0   Zero   RW          293    .bss                nokia5110.o
    0x20000688   0x00000060   Zero   RW          898    .bss                c_w.l(libspace.o)
    0x200006e8   0x00000000   Zero   RW          194    HEAP                startup.o
    0x200006e8   0x00000400   Zero   RW          193    STACK               startup.o


==============================================================================

Image component sizes


      Code (inc. data)   RO Data    RW Data    ZI Data      Debug   Object Name

       256         50          0          0          0        830   adc.o
       168         42          0          0          0        793   dac.o
       764          6         36          0          0       5910   enemy.o
      1150        280       4733         20          0       9373   gameenginecycle.o
       204         60          0          0          0       1773   led.o
       452         44       1879          6        502       5608   mainthread.o
      1606        108        860          0       1008      10622   nokia5110.o
      1172         20         84          1          0       8201   playership.o
        64         14          0          4          0        224   random.o
       126          4          0          0          0       1507   slidepot.o
       388        100      15435         12          0       5173   sound.o
       692        632          0          0       1024        856   startup.o
       284         62          0          0          0        831   switches.o
       346          0          0          0          0       3432   terrain.o
      1120        244        360         52         56      15536   texas.o

    ----------------------------------------------------------------------
      8808       1666      23420        100       2596      70669   Object Totals
         0          0         32          0          0          0   (incl. Generated)
        16          0          1          5          6          0   (incl. Padding)

    ----------------------------------------------------------------------

      Code (inc. data)   RO Data    RW Data    ZI Data      Debug   Library Member Name

         8          0          0          0          0         68   __main.o
        52          8          0          0          0          0   __scatter.o
        26          0          0          0          0          0   __scatter_copy.o
        28          0          0          0          0          0   __scatter_zi.o
        12          0          0          0          0         72   exit.o
         6          0          0          0          0        152   heapauxi.o
         0          0          0          0          0          0   indicate_semi.o
         2          0          0          0          0          0   libinit.o
         2          0          0          0          0          0   libinit2.o
         2          0          0          0          0          0   libshutdown.o
         2          0          0          0          0          0   libshutdown2.o
         8          4          0          0         96         68   libspace.o
         0          0          0          0          0          0   rtentry.o
        12          0          0          0          0          0   rtentry2.o
         6          0          0          0          0          0   rtentry4.o
         2          0          0          0          0          0   rtexit.o
        10          0          0          0          0          0   rtexit2.o
        12          4          0          0          0         68   sys_exit.o
        74          0          0          0          0         80   sys_stackheap_outer.o
         2          0          0          0          0         68   use_no_semi.o

    ----------------------------------------------------------------------
       272         16          0          0         96        576   Library Totals
         6          0          0          0          0          0   (incl. Padding)

    ----------------------------------------------------------------------

      Code (inc. data)   RO Data    RW Data    ZI Data      Debug   Library Name

       266         16          0          0         96        576   c_w.l

    ----------------------------------------------------------------------
       272         16          0          0         96        576   Library Totals

    ----------------------------------------------------------------------

==============================================================================


      Code (inc. data)   RO Data    RW Data    ZI Data      Debug   

      9080       1682      23420        100       2692      67033   Grand Totals
      9080       1682      23420        100       2692      67033   ELF Image Totals
      9080       1682      23420        100          0          0   ROM Totals

==============================================================================

    Total RO  Size (Code + RO Data)                32500 (  31.74kB)
    Total RW  Size (RW Data + ZI Data)              2792 (   2.73kB)
    Total ROM Size (Code + RO Data + RW Data)      32600 (  31.84kB)

==============================================================================

