<html>
<body>
<pre>
<h1>µVision Build Log</h1>
<h2>Project:</h2>
D:\Keil\Labware\Lab15_SpaceInvaders\DefenderARM.uvproj
Project File Date:  02/06/2019

<h2>Output:</h2>
Rebuild target 'DefenderARM'
assembling startup.s...
compiling Nokia5110.c...
assembling random.s...
compiling MainThread.c...
StartImage.h(68): warning:  #1-D: last line of file ends without a newline
  #endif
MainThread.c: 1 warning, 0 errors
compiling TExaS.c...
compiling Sound.c...
SoundArrays.h(1136): warning:  #1-D: last line of file ends without a newline
        
Sound.c: 1 warning, 0 errors
compiling ADC.c...
ADC.c(35): warning:  #550-D: variable "delay" was set but never used
        unsigned long delay;
ADC.c: 1 warning, 0 errors
compiling DAC.c...
DAC.c(18): warning:  #550-D: variable "delay" was set but never used
        unsigned long delay;
DAC.c: 1 warning, 0 errors
compiling Switches.c...
Switches.c(9): warning:  #550-D: variable "delay" was set but never used
        unsigned long delay;
Switches.c: 1 warning, 0 errors
compiling SlidePot.c...
compiling GameEngine.c...
ImageArrays.h(291): warning:  #1-D: last line of file ends without a newline
  #endif
GameEngine.c(389): warning:  #1-D: last line of file ends without a newline
  }
GameEngine.c: 2 warnings, 0 errors
linking...
Program Size: Code=6252 RO-data=24940 RW-data=84 ZI-data=2164  
".\DefenderARM.axf" - 0 Error(s), 7 Warning(s).
Load "D:\\Keil\\Labware\\Lab15_SpaceInvaders\\DefenderARM.axf" 
Connecting: Mode=JTAG, Speed=1000000Hz
Erase Done.
Programming Done.
Verify OK.
</pre>
</body>
</html>
efenderARM'
   deleting intermediate output files for target 'DefenderARM'
Load "D:\\Keil\\Labware\\Lab15_SpaceInvaders\\DefenderARM.axf" 
_____^
*** error 56: cannot open file
Error: Flash Download failed  -  Could not load file 'D:\Keil\Labware\Lab15_SpaceInvaders\DefenderARM.axf'
