<html>
<body>
<pre>
<h1>µVision Build Log</h1>
<h2>Project:</h2>
D:\Keil\Labware\Lab15_SpaceInvaders\DefenderARM.uvproj
Project File Date:  02/05/2019

<h2>Output:</h2>
Build target 'DefenderARM'
compiling GameEngine.c...
GameEngine.c(314): warning:  #1-D: last line of file ends without a newline
  }
GameEngine.c: 1 warning, 0 errors
linking...
Program Size: Code=5820 RO-data=21784 RW-data=84 ZI-data=2116  
".\DefenderARM.axf" - 0 Error(s), 1 Warning(s).
Load "D:\\Keil\\Labware\\Lab15_SpaceInvaders\\DefenderARM.axf" 
Connecting: Mode=JTAG, Speed=1000000Hz
Erase Done.
Programming Done.
Verify OK.
iling DAC.c...
DAC.c(18): warning:  #550-D: variable "delay" was set but never used
        unsigned long delay;
DAC.c: 1 warning, 0 errors
compiling Switches.c...
Switches.c(9): warning:  #550-D: variable "delay" was set but never used
        unsigned long delay;
Switches.c: 1 warning, 0 errors
compiling SlidePot.c...
compiling GameEngine.c...
GameEngine.c(314): warning:  #1-D: last line of file ends without a newline
  }
GameEngine.c: 1 warning, 0 errors
linking...
Program Size: Code=5820 RO-data=21784 RW-data=84 ZI-data=2116  
".\DefenderARM.axf" - 0 Error(s), 5 Warning(s).
Load "D:\\Keil\\Labware\\Lab15_SpaceInvaders\\DefenderARM.axf" 
Connecting: Mode=JTAG, Speed=1000000Hz
Erase Done.
Programming Done.
Verify OK.
