<html>
<body>
<pre>
<h1>µVision Build Log</h1>
<h2>Project:</h2>
D:\Keil\Labware\Lab15_SpaceInvaders\SpaceInvaders.uvproj
Project File Date:  02/01/2019

<h2>Output:</h2>
Build target 'SpaceInvaders'
compiling Nokia5110.c...
Nokia5110.c(506): warning:  #1-D: last line of file ends without a newline
  }
Nokia5110.c: 1 warning, 0 errors
compiling MainThread.c...
MainThread.c(224): warning:  #1-D: last line of file ends without a newline
  } */
MainThread.c: 1 warning, 0 errors
compiling GameEngine.c...
SlidePot.h(5): warning:  #1295-D: Deprecated declaration SlidePot_Init - give arg types
  void SlidePot_Init();
SlidePot.h(6): warning:  #1295-D: Deprecated declaration SlidePot_toPixelY - give arg types
  unsigned char SlidePot_toPixelY();
GameEngine.c: 2 warnings, 0 errors
linking...
Program Size: Code=4968 RO-data=21784 RW-data=80 ZI-data=1704  
".\SpaceInvaders.axf" - 0 Error(s), 4 Warning(s).
Load "D:\\Keil\\Labware\\Lab15_SpaceInvaders\\SpaceInvaders.axf" 
Connecting: Mode=JTAG, Speed=1000000Hz
Erase Done.
Programming Done.
Verify OK.
ay" was set but never used
        unsigned long delay;
Switches.c: 1 warning, 0 errors
compiling SlidePot.c...
SlidePot.c(48): warning:  #68-D: integer conversion resulted in a change of sign
                B = -13291;
SlidePot.c: 1 warning, 0 errors
compiling GameEngine.c...
SlidePot.h(5): warning:  #1295-D: Deprecated declaration SlidePot_Init - give arg types
  void SlidePot_Init();
SlidePot.h(6): warning:  #1295-D: Deprecated declaration SlidePot_toPixelY - give arg types
  unsigned char SlidePot_toPixelY();
GameEngine.c: 2 warnings, 0 errors
linking...
Program Size: Code=4968 RO-data=21784 RW-data=80 ZI-data=1704  
".\SpaceInvaders.axf" - 0 Error(s), 9 Warning(s).
Load "D:\\Keil\\Labware\\Lab15_SpaceInvaders\\SpaceInvaders.axf" 
Connecting: Mode=JTAG, Speed=1000000Hz
Erase Done.
Programming Done.
Verify OK.
