<html>
<body>
<pre>
<h1>µVision Build Log</h1>
<h2>Project:</h2>
D:\Keil\Labware\Lab15_SpaceInvaders\SpaceInvaders.uvproj
Project File Date:  02/01/2019

<h2>Output:</h2>
Rebuild target 'SpaceInvaders'
assembling startup.s...
compiling Nokia5110.c...
assembling random.s...
compiling MainThread.c...
compiling TExaS.c...
compiling Sound.c...
SoundArrays.h(1136): warning:  #1-D: last line of file ends without a newline
        
Sound.c: 1 warning, 0 errors
compiling ADC.c...
ADC.c(35): warning:  #550-D: variable "delay" was set but never used
        unsigned long delay;
ADC.c: 1 warning, 0 errors
compiling DAC.c...
DAC.c(18): warning:  #550-D: variable "delay" was set but never used
        unsigned long delay;
DAC.c: 1 warning, 0 errors
compiling Switches.c...
Switches.c(9): warning:  #550-D: variable "delay" was set but never used
        unsigned long delay;
Switches.c: 1 warning, 0 errors
compiling SlidePot.c...
compiling GameEngine.c...
SlidePot.h(5): warning:  #1295-D: Deprecated declaration SlidePot_Init - give arg types
  void SlidePot_Init();
GameEngine.c: 1 warning, 0 errors
linking...
Program Size: Code=5236 RO-data=21784 RW-data=80 ZI-data=1704  
".\SpaceInvaders.axf" - 0 Error(s), 5 Warning(s).
Load "D:\\Keil\\Labware\\Lab15_SpaceInvaders\\SpaceInvaders.axf" 
Connecting: Mode=JTAG, Speed=1000000Hz
Erase Done.
Programming Done.
Verify OK.
d declaration SlidePot_Init - give arg types
  void SlidePot_Init();
SlidePot.h(6): warning:  #1295-D: Deprecated declaration SlidePot_toPixelY - give arg types
  unsigned char SlidePot_toPixelY();
GameEngine.c: 2 warnings, 0 errors
linking...
Program Size: Code=5236 RO-data=21784 RW-data=80 ZI-data=1704  
".\SpaceInvaders.axf" - 0 Error(s), 9 Warning(s).
Load "D:\\Keil\\Labware\\Lab15_SpaceInvaders\\SpaceInvaders.axf" 
Connecting: Mode=JTAG, Speed=1000000Hz
Erase Done.
Programming Done.
Verify OK.
2 warnings, 0 errors
".\SpaceInvaders.axf" - 2 Error(s), 9 Warning(s).
Target not created
