<html>
<body>
<pre>
<h1>µVision Build Log</h1>
<h2>Project:</h2>
D:\Keil\Labware\Lab15_SpaceInvaders\DefenderARM.uvproj
Project File Date:  03/02/2019

<h2>Output:</h2>
Build target 'DefenderARM'
compiling PlayerShip.c...
linking...
Program Size: Code=8380 RO-data=17416 RW-data=84 ZI-data=2692  
".\Build\DefenderARM.axf" - 0 Error(s), 0 Warning(s).
Load "D:\\Keil\\Labware\\Lab15_SpaceInvaders\\Build\\DefenderARM.axf" 
Connecting: Mode=JTAG, Speed=1000000Hz
Erase Done.
Programming Done.
Verify OK.
uild\DefenderARM.axf" - 0 Error(s), 1 Warning(s).
Load "D:\\Keil\\Labware\\Lab15_SpaceInvaders\\Build\\DefenderARM.axf" 
Connecting: Mode=JTAG, Speed=1000000Hz
Erase Done.
Programming Done.
Verify OK.
le "delay" was set but never used
        unsigned long delay;
Controls\Switches.c: 1 warning, 0 errors
compiling Nokia5110.c...
compiling LED.c...
display\LED.h(43): warning:  #14-D: extra text after expected end of preprocessing directive
  #endif LED_H
display\LED.c(14): warning:  #550-D: variable "delay" was set but never used
        unsigned long delay;
display\LED.c: 2 warnings, 0 errors
compiling DAC.c...
Sounds\DAC.c(19): warning:  #550-D: variable "delay" was set but never used
        unsigned long delay;
Sounds\DAC.c: 1 warning, 0 errors
compiling Sound.c...
Sounds\SoundArrays.h(1137): warning:  #1-D: last line of file ends without a newline
        
Sounds\Sound.c: 1 warning, 0 errors
compiling GameEngineCycle.c...
GameEngine\../display/LED.h(43): warning:  #14-D: extra text after expected end of preprocessing directive
  #endif LED_H
GameEngine\GameEngineCycle.c: 1 warning, 0 errors
compiling Enemy.c...
compiling Terrain.c...
compiling PlayerShip.c...
linking...
Program Size: Code=8384 RO-data=17416 RW-data=84 ZI-data=2692  
".\Build\DefenderARM.axf" - 0 Error(s), 8 Warning(s).
Load "D:\\Keil\\Labware\\Lab15_SpaceInvaders\\Build\\DefenderARM.axf" 
Connecting: Mode=JTAG, Speed=1000000Hz
Erase Done.
Programming Done.
Verify OK.
reated

oad failed  -  Target DLL has been cancelled
Load "D:\\Keil\\Labware\\Lab15_SpaceInvaders\\Build\\DefenderARM.axf" 
Connecting: Mode=JTAG, Speed=1000000Hz
Erase Done.
Programming Done.
Verify OK.
